<?xml version="1.0" encoding="ISO-8859-1" ?>
<link_info>
   <banner>TI ARM Linker PC v20.2.5.LTS</banner>
   <copyright>Copyright (c) 1996-2018 Texas Instruments Incorporated</copyright>
   <link_time>0x61b7a8f9</link_time>
   <link_errors>0x0</link_errors>
   <output_file>Project5.out</output_file>
   <entry_point>
      <name>_c_int00_noargs</name>
      <address>0x91fd</address>
   </entry_point>
   <input_file_list>
      <input_file id="fl-2">
         <path>.\</path>
         <kind>object</kind>
         <file>accelerometer.obj</file>
         <name>accelerometer.obj</name>
      </input_file>
      <input_file id="fl-3">
         <path>.\</path>
         <kind>object</kind>
         <file>adc.obj</file>
         <name>adc.obj</name>
      </input_file>
      <input_file id="fl-4">
         <path>.\</path>
         <kind>object</kind>
         <file>als.obj</file>
         <name>als.obj</name>
      </input_file>
      <input_file id="fl-5">
         <path>.\</path>
         <kind>object</kind>
         <file>buzzer.obj</file>
         <name>buzzer.obj</name>
      </input_file>
      <input_file id="fl-6">
         <path>.\</path>
         <kind>object</kind>
         <file>circular_buffer.obj</file>
         <name>circular_buffer.obj</name>
      </input_file>
      <input_file id="fl-7">
         <path>.\</path>
         <kind>object</kind>
         <file>gpio.obj</file>
         <name>gpio.obj</name>
      </input_file>
      <input_file id="fl-8">
         <path>.\</path>
         <kind>object</kind>
         <file>i2c.obj</file>
         <name>i2c.obj</name>
      </input_file>
      <input_file id="fl-9">
         <path>.\</path>
         <kind>object</kind>
         <file>image.obj</file>
         <name>image.obj</name>
      </input_file>
      <input_file id="fl-a">
         <path>.\</path>
         <kind>object</kind>
         <file>lcd.obj</file>
         <name>lcd.obj</name>
      </input_file>
      <input_file id="fl-b">
         <path>.\</path>
         <kind>object</kind>
         <file>main.obj</file>
         <name>main.obj</name>
      </input_file>
      <input_file id="fl-c">
         <path>.\</path>
         <kind>object</kind>
         <file>startup_msp432p401r_ccs.obj</file>
         <name>startup_msp432p401r_ccs.obj</name>
      </input_file>
      <input_file id="fl-d">
         <path>.\</path>
         <kind>object</kind>
         <file>system_msp432p401r.obj</file>
         <name>system_msp432p401r.obj</name>
      </input_file>
      <input_file id="fl-e">
         <path>.\</path>
         <kind>object</kind>
         <file>task_joystick_bottom_half.obj</file>
         <name>task_joystick_bottom_half.obj</name>
      </input_file>
      <input_file id="fl-f">
         <path>.\</path>
         <kind>object</kind>
         <file>task_joystick_timer.obj</file>
         <name>task_joystick_timer.obj</name>
      </input_file>
      <input_file id="fl-10">
         <path>.\</path>
         <kind>object</kind>
         <file>task_lcd.obj</file>
         <name>task_lcd.obj</name>
      </input_file>
      <input_file id="fl-11">
         <path>.\</path>
         <kind>object</kind>
         <file>task_mkII_joy.obj</file>
         <name>task_mkII_joy.obj</name>
      </input_file>
      <input_file id="fl-12">
         <path>.\</path>
         <kind>object</kind>
         <file>task_mkII_s1.obj</file>
         <name>task_mkII_s1.obj</name>
      </input_file>
      <input_file id="fl-13">
         <path>.\</path>
         <kind>object</kind>
         <file>task_mkII_s2.obj</file>
         <name>task_mkII_s2.obj</name>
      </input_file>
      <input_file id="fl-14">
         <path>.\</path>
         <kind>object</kind>
         <file>task_move_joystick_grid.obj</file>
         <name>task_move_joystick_grid.obj</name>
      </input_file>
      <input_file id="fl-15">
         <path>.\</path>
         <kind>object</kind>
         <file>timer32_1.obj</file>
         <name>timer32_1.obj</name>
      </input_file>
      <input_file id="fl-16">
         <path>.\FreeRTOS\</path>
         <kind>object</kind>
         <file>croutine.obj</file>
         <name>croutine.obj</name>
      </input_file>
      <input_file id="fl-17">
         <path>.\FreeRTOS\</path>
         <kind>object</kind>
         <file>event_groups.obj</file>
         <name>event_groups.obj</name>
      </input_file>
      <input_file id="fl-18">
         <path>.\FreeRTOS\</path>
         <kind>object</kind>
         <file>heap_4.obj</file>
         <name>heap_4.obj</name>
      </input_file>
      <input_file id="fl-19">
         <path>.\FreeRTOS\</path>
         <kind>object</kind>
         <file>list.obj</file>
         <name>list.obj</name>
      </input_file>
      <input_file id="fl-1a">
         <path>.\FreeRTOS\</path>
         <kind>object</kind>
         <file>queue.obj</file>
         <name>queue.obj</name>
      </input_file>
      <input_file id="fl-1b">
         <path>.\FreeRTOS\</path>
         <kind>object</kind>
         <file>stream_buffer.obj</file>
         <name>stream_buffer.obj</name>
      </input_file>
      <input_file id="fl-1c">
         <path>.\FreeRTOS\</path>
         <kind>object</kind>
         <file>tasks.obj</file>
         <name>tasks.obj</name>
      </input_file>
      <input_file id="fl-1d">
         <path>.\FreeRTOS\</path>
         <kind>object</kind>
         <file>timers.obj</file>
         <name>timers.obj</name>
      </input_file>
      <input_file id="fl-1e">
         <path>.\FreeRTOS\portable\</path>
         <kind>object</kind>
         <file>port.obj</file>
         <name>port.obj</name>
      </input_file>
      <input_file id="fl-1f">
         <path>.\FreeRTOS\portable\</path>
         <kind>object</kind>
         <file>portasm.obj</file>
         <name>portasm.obj</name>
      </input_file>
      <input_file id="fl-24">
         <kind>object</kind>
         <file>&lt;internal&gt;</file>
         <name>&lt;internal&gt;</name>
      </input_file>
      <input_file id="fl-25">
         <path>..\</path>
         <kind>archive</kind>
         <file>ece353_staff.lib</file>
         <name>ece353_staff.obj</name>
      </input_file>
      <input_file id="fl-db">
         <path>C:\ti\ccs\ccs\tools\compiler\ti-cgt-arm_20.2.5.LTS\lib\</path>
         <kind>archive</kind>
         <file>rtsv7M4_T_le_v4SPD16_eabi.lib</file>
         <name>printf.c.obj</name>
      </input_file>
      <input_file id="fl-dc">
         <path>C:\ti\ccs\ccs\tools\compiler\ti-cgt-arm_20.2.5.LTS\lib\</path>
         <kind>archive</kind>
         <file>rtsv7M4_T_le_v4SPD16_eabi.lib</file>
         <name>_printfi.c.obj</name>
      </input_file>
      <input_file id="fl-dd">
         <path>C:\ti\ccs\ccs\tools\compiler\ti-cgt-arm_20.2.5.LTS\lib\</path>
         <kind>archive</kind>
         <file>rtsv7M4_T_le_v4SPD16_eabi.lib</file>
         <name>sprintf.c.obj</name>
      </input_file>
      <input_file id="fl-de">
         <path>C:\ti\ccs\ccs\tools\compiler\ti-cgt-arm_20.2.5.LTS\lib\</path>
         <kind>archive</kind>
         <file>rtsv7M4_T_le_v4SPD16_eabi.lib</file>
         <name>fputs.c.obj</name>
      </input_file>
      <input_file id="fl-df">
         <path>C:\ti\ccs\ccs\tools\compiler\ti-cgt-arm_20.2.5.LTS\lib\</path>
         <kind>archive</kind>
         <file>rtsv7M4_T_le_v4SPD16_eabi.lib</file>
         <name>_io_perm.c.obj</name>
      </input_file>
      <input_file id="fl-e0">
         <path>C:\ti\ccs\ccs\tools\compiler\ti-cgt-arm_20.2.5.LTS\lib\</path>
         <kind>archive</kind>
         <file>rtsv7M4_T_le_v4SPD16_eabi.lib</file>
         <name>setvbuf.c.obj</name>
      </input_file>
      <input_file id="fl-e1">
         <path>C:\ti\ccs\ccs\tools\compiler\ti-cgt-arm_20.2.5.LTS\lib\</path>
         <kind>archive</kind>
         <file>rtsv7M4_T_le_v4SPD16_eabi.lib</file>
         <name>s_frexp.c.obj</name>
      </input_file>
      <input_file id="fl-e2">
         <path>C:\ti\ccs\ccs\tools\compiler\ti-cgt-arm_20.2.5.LTS\lib\</path>
         <kind>archive</kind>
         <file>rtsv7M4_T_le_v4SPD16_eabi.lib</file>
         <name>s_scalbn.c.obj</name>
      </input_file>
      <input_file id="fl-e3">
         <path>C:\ti\ccs\ccs\tools\compiler\ti-cgt-arm_20.2.5.LTS\lib\</path>
         <kind>archive</kind>
         <file>rtsv7M4_T_le_v4SPD16_eabi.lib</file>
         <name>wcslen.c.obj</name>
      </input_file>
      <input_file id="fl-e4">
         <path>C:\ti\ccs\ccs\tools\compiler\ti-cgt-arm_20.2.5.LTS\lib\</path>
         <kind>archive</kind>
         <file>rtsv7M4_T_le_v4SPD16_eabi.lib</file>
         <name>fd_add_t2.asm.obj</name>
      </input_file>
      <input_file id="fl-e5">
         <path>C:\ti\ccs\ccs\tools\compiler\ti-cgt-arm_20.2.5.LTS\lib\</path>
         <kind>archive</kind>
         <file>rtsv7M4_T_le_v4SPD16_eabi.lib</file>
         <name>fd_cmp_t2.asm.obj</name>
      </input_file>
      <input_file id="fl-e6">
         <path>C:\ti\ccs\ccs\tools\compiler\ti-cgt-arm_20.2.5.LTS\lib\</path>
         <kind>archive</kind>
         <file>rtsv7M4_T_le_v4SPD16_eabi.lib</file>
         <name>fd_div_t2.asm.obj</name>
      </input_file>
      <input_file id="fl-e7">
         <path>C:\ti\ccs\ccs\tools\compiler\ti-cgt-arm_20.2.5.LTS\lib\</path>
         <kind>archive</kind>
         <file>rtsv7M4_T_le_v4SPD16_eabi.lib</file>
         <name>fd_mul_t2.asm.obj</name>
      </input_file>
      <input_file id="fl-e8">
         <path>C:\ti\ccs\ccs\tools\compiler\ti-cgt-arm_20.2.5.LTS\lib\</path>
         <kind>archive</kind>
         <file>rtsv7M4_T_le_v4SPD16_eabi.lib</file>
         <name>fd_toi_t2.asm.obj</name>
      </input_file>
      <input_file id="fl-e9">
         <path>C:\ti\ccs\ccs\tools\compiler\ti-cgt-arm_20.2.5.LTS\lib\</path>
         <kind>archive</kind>
         <file>rtsv7M4_T_le_v4SPD16_eabi.lib</file>
         <name>i_tofd_t2.asm.obj</name>
      </input_file>
      <input_file id="fl-ea">
         <path>C:\ti\ccs\ccs\tools\compiler\ti-cgt-arm_20.2.5.LTS\lib\</path>
         <kind>archive</kind>
         <file>rtsv7M4_T_le_v4SPD16_eabi.lib</file>
         <name>memcpy_t2.asm.obj</name>
      </input_file>
      <input_file id="fl-eb">
         <path>C:\ti\ccs\ccs\tools\compiler\ti-cgt-arm_20.2.5.LTS\lib\</path>
         <kind>archive</kind>
         <file>rtsv7M4_T_le_v4SPD16_eabi.lib</file>
         <name>u_divt2.asm.obj</name>
      </input_file>
      <input_file id="fl-ec">
         <path>C:\ti\ccs\ccs\tools\compiler\ti-cgt-arm_20.2.5.LTS\lib\</path>
         <kind>archive</kind>
         <file>rtsv7M4_T_le_v4SPD16_eabi.lib</file>
         <name>ull_div_t2.asm.obj</name>
      </input_file>
      <input_file id="fl-ed">
         <path>C:\ti\ccs\ccs\tools\compiler\ti-cgt-arm_20.2.5.LTS\lib\</path>
         <kind>archive</kind>
         <file>rtsv7M4_T_le_v4SPD16_eabi.lib</file>
         <name>memset_t2.asm.obj</name>
      </input_file>
      <input_file id="fl-ee">
         <path>C:\ti\ccs\ccs\tools\compiler\ti-cgt-arm_20.2.5.LTS\lib\</path>
         <kind>archive</kind>
         <file>rtsv7M4_T_le_v4SPD16_eabi.lib</file>
         <name>copy_zero_init.c.obj</name>
      </input_file>
      <input_file id="fl-ef">
         <path>C:\ti\ccs\ccs\tools\compiler\ti-cgt-arm_20.2.5.LTS\lib\</path>
         <kind>archive</kind>
         <file>rtsv7M4_T_le_v4SPD16_eabi.lib</file>
         <name>copy_decompress_none.c.obj</name>
      </input_file>
      <input_file id="fl-f0">
         <path>C:\ti\ccs\ccs\tools\compiler\ti-cgt-arm_20.2.5.LTS\lib\</path>
         <kind>archive</kind>
         <file>rtsv7M4_T_le_v4SPD16_eabi.lib</file>
         <name>copy_decompress_lzss.c.obj</name>
      </input_file>
      <input_file id="fl-f1">
         <path>C:\ti\ccs\ccs\tools\compiler\ti-cgt-arm_20.2.5.LTS\lib\</path>
         <kind>archive</kind>
         <file>rtsv7M4_T_le_v4SPD16_eabi.lib</file>
         <name>exit.c.obj</name>
      </input_file>
      <input_file id="fl-f2">
         <path>C:\ti\ccs\ccs\tools\compiler\ti-cgt-arm_20.2.5.LTS\lib\</path>
         <kind>archive</kind>
         <file>rtsv7M4_T_le_v4SPD16_eabi.lib</file>
         <name>_lock.c.obj</name>
      </input_file>
      <input_file id="fl-f3">
         <path>C:\ti\ccs\ccs\tools\compiler\ti-cgt-arm_20.2.5.LTS\lib\</path>
         <kind>archive</kind>
         <file>rtsv7M4_T_le_v4SPD16_eabi.lib</file>
         <name>_ltoa.c.obj</name>
      </input_file>
      <input_file id="fl-f4">
         <path>C:\ti\ccs\ccs\tools\compiler\ti-cgt-arm_20.2.5.LTS\lib\</path>
         <kind>archive</kind>
         <file>rtsv7M4_T_le_v4SPD16_eabi.lib</file>
         <name>atoi.c.obj</name>
      </input_file>
      <input_file id="fl-f5">
         <path>C:\ti\ccs\ccs\tools\compiler\ti-cgt-arm_20.2.5.LTS\lib\</path>
         <kind>archive</kind>
         <file>rtsv7M4_T_le_v4SPD16_eabi.lib</file>
         <name>ctype.c.obj</name>
      </input_file>
      <input_file id="fl-f6">
         <path>C:\ti\ccs\ccs\tools\compiler\ti-cgt-arm_20.2.5.LTS\lib\</path>
         <kind>archive</kind>
         <file>rtsv7M4_T_le_v4SPD16_eabi.lib</file>
         <name>defs.c.obj</name>
      </input_file>
      <input_file id="fl-f7">
         <path>C:\ti\ccs\ccs\tools\compiler\ti-cgt-arm_20.2.5.LTS\lib\</path>
         <kind>archive</kind>
         <file>rtsv7M4_T_le_v4SPD16_eabi.lib</file>
         <name>memccpy.c.obj</name>
      </input_file>
      <input_file id="fl-f8">
         <path>C:\ti\ccs\ccs\tools\compiler\ti-cgt-arm_20.2.5.LTS\lib\</path>
         <kind>archive</kind>
         <file>rtsv7M4_T_le_v4SPD16_eabi.lib</file>
         <name>memchr.c.obj</name>
      </input_file>
      <input_file id="fl-f9">
         <path>C:\ti\ccs\ccs\tools\compiler\ti-cgt-arm_20.2.5.LTS\lib\</path>
         <kind>archive</kind>
         <file>rtsv7M4_T_le_v4SPD16_eabi.lib</file>
         <name>memory.c.obj</name>
      </input_file>
      <input_file id="fl-fa">
         <path>C:\ti\ccs\ccs\tools\compiler\ti-cgt-arm_20.2.5.LTS\lib\</path>
         <kind>archive</kind>
         <file>rtsv7M4_T_le_v4SPD16_eabi.lib</file>
         <name>rand.c.obj</name>
      </input_file>
      <input_file id="fl-fb">
         <path>C:\ti\ccs\ccs\tools\compiler\ti-cgt-arm_20.2.5.LTS\lib\</path>
         <kind>archive</kind>
         <file>rtsv7M4_T_le_v4SPD16_eabi.lib</file>
         <name>strchr.c.obj</name>
      </input_file>
      <input_file id="fl-fc">
         <path>C:\ti\ccs\ccs\tools\compiler\ti-cgt-arm_20.2.5.LTS\lib\</path>
         <kind>archive</kind>
         <file>rtsv7M4_T_le_v4SPD16_eabi.lib</file>
         <name>strlen.c.obj</name>
      </input_file>
      <input_file id="fl-fd">
         <path>C:\ti\ccs\ccs\tools\compiler\ti-cgt-arm_20.2.5.LTS\lib\</path>
         <kind>archive</kind>
         <file>rtsv7M4_T_le_v4SPD16_eabi.lib</file>
         <name>errno.c.obj</name>
      </input_file>
      <input_file id="fl-fe">
         <path>C:\ti\ccs\ccs\tools\compiler\ti-cgt-arm_20.2.5.LTS\lib\</path>
         <kind>archive</kind>
         <file>rtsv7M4_T_le_v4SPD16_eabi.lib</file>
         <name>boot_cortex_m.c.obj</name>
      </input_file>
      <input_file id="fl-ff">
         <path>C:\ti\ccs\ccs\tools\compiler\ti-cgt-arm_20.2.5.LTS\lib\</path>
         <kind>archive</kind>
         <file>rtsv7M4_T_le_v4SPD16_eabi.lib</file>
         <name>write.c.obj</name>
      </input_file>
      <input_file id="fl-100">
         <path>C:\ti\ccs\ccs\tools\compiler\ti-cgt-arm_20.2.5.LTS\lib\</path>
         <kind>archive</kind>
         <file>rtsv7M4_T_le_v4SPD16_eabi.lib</file>
         <name>host_device.c.obj</name>
      </input_file>
      <input_file id="fl-101">
         <path>C:\ti\ccs\ccs\tools\compiler\ti-cgt-arm_20.2.5.LTS\lib\</path>
         <kind>archive</kind>
         <file>rtsv7M4_T_le_v4SPD16_eabi.lib</file>
         <name>fflush.c.obj</name>
      </input_file>
      <input_file id="fl-102">
         <path>C:\ti\ccs\ccs\tools\compiler\ti-cgt-arm_20.2.5.LTS\lib\</path>
         <kind>archive</kind>
         <file>rtsv7M4_T_le_v4SPD16_eabi.lib</file>
         <name>fopen.c.obj</name>
      </input_file>
      <input_file id="fl-103">
         <path>C:\ti\ccs\ccs\tools\compiler\ti-cgt-arm_20.2.5.LTS\lib\</path>
         <kind>archive</kind>
         <file>rtsv7M4_T_le_v4SPD16_eabi.lib</file>
         <name>fseek.c.obj</name>
      </input_file>
      <input_file id="fl-104">
         <path>C:\ti\ccs\ccs\tools\compiler\ti-cgt-arm_20.2.5.LTS\lib\</path>
         <kind>archive</kind>
         <file>rtsv7M4_T_le_v4SPD16_eabi.lib</file>
         <name>s_copysign.c.obj</name>
      </input_file>
      <input_file id="fl-105">
         <path>C:\ti\ccs\ccs\tools\compiler\ti-cgt-arm_20.2.5.LTS\lib\</path>
         <kind>archive</kind>
         <file>rtsv7M4_T_le_v4SPD16_eabi.lib</file>
         <name>div0.asm.obj</name>
      </input_file>
      <input_file id="fl-106">
         <path>C:\ti\ccs\ccs\tools\compiler\ti-cgt-arm_20.2.5.LTS\lib\</path>
         <kind>archive</kind>
         <file>rtsv7M4_T_le_v4SPD16_eabi.lib</file>
         <name>autoinit.c.obj</name>
      </input_file>
      <input_file id="fl-107">
         <path>C:\ti\ccs\ccs\tools\compiler\ti-cgt-arm_20.2.5.LTS\lib\</path>
         <kind>archive</kind>
         <file>rtsv7M4_T_le_v4SPD16_eabi.lib</file>
         <name>pre_init.c.obj</name>
      </input_file>
      <input_file id="fl-108">
         <path>C:\ti\ccs\ccs\tools\compiler\ti-cgt-arm_20.2.5.LTS\lib\</path>
         <kind>archive</kind>
         <file>rtsv7M4_T_le_v4SPD16_eabi.lib</file>
         <name>cpy_tbl.c.obj</name>
      </input_file>
      <input_file id="fl-109">
         <path>C:\ti\ccs\ccs\tools\compiler\ti-cgt-arm_20.2.5.LTS\lib\</path>
         <kind>archive</kind>
         <file>rtsv7M4_T_le_v4SPD16_eabi.lib</file>
         <name>args_main.c.obj</name>
      </input_file>
      <input_file id="fl-10a">
         <path>C:\ti\ccs\ccs\tools\compiler\ti-cgt-arm_20.2.5.LTS\lib\</path>
         <kind>archive</kind>
         <file>rtsv7M4_T_le_v4SPD16_eabi.lib</file>
         <name>hostclose.c.obj</name>
      </input_file>
      <input_file id="fl-10b">
         <path>C:\ti\ccs\ccs\tools\compiler\ti-cgt-arm_20.2.5.LTS\lib\</path>
         <kind>archive</kind>
         <file>rtsv7M4_T_le_v4SPD16_eabi.lib</file>
         <name>hostlseek.c.obj</name>
      </input_file>
      <input_file id="fl-10c">
         <path>C:\ti\ccs\ccs\tools\compiler\ti-cgt-arm_20.2.5.LTS\lib\</path>
         <kind>archive</kind>
         <file>rtsv7M4_T_le_v4SPD16_eabi.lib</file>
         <name>hostopen.c.obj</name>
      </input_file>
      <input_file id="fl-10d">
         <path>C:\ti\ccs\ccs\tools\compiler\ti-cgt-arm_20.2.5.LTS\lib\</path>
         <kind>archive</kind>
         <file>rtsv7M4_T_le_v4SPD16_eabi.lib</file>
         <name>hostread.c.obj</name>
      </input_file>
      <input_file id="fl-10e">
         <path>C:\ti\ccs\ccs\tools\compiler\ti-cgt-arm_20.2.5.LTS\lib\</path>
         <kind>archive</kind>
         <file>rtsv7M4_T_le_v4SPD16_eabi.lib</file>
         <name>hostrename.c.obj</name>
      </input_file>
      <input_file id="fl-10f">
         <path>C:\ti\ccs\ccs\tools\compiler\ti-cgt-arm_20.2.5.LTS\lib\</path>
         <kind>archive</kind>
         <file>rtsv7M4_T_le_v4SPD16_eabi.lib</file>
         <name>hostunlink.c.obj</name>
      </input_file>
      <input_file id="fl-110">
         <path>C:\ti\ccs\ccs\tools\compiler\ti-cgt-arm_20.2.5.LTS\lib\</path>
         <kind>archive</kind>
         <file>rtsv7M4_T_le_v4SPD16_eabi.lib</file>
         <name>hostwrite.c.obj</name>
      </input_file>
      <input_file id="fl-111">
         <path>C:\ti\ccs\ccs\tools\compiler\ti-cgt-arm_20.2.5.LTS\lib\</path>
         <kind>archive</kind>
         <file>rtsv7M4_T_le_v4SPD16_eabi.lib</file>
         <name>trgmsg.c.obj</name>
      </input_file>
      <input_file id="fl-112">
         <path>C:\ti\ccs\ccs\tools\compiler\ti-cgt-arm_20.2.5.LTS\lib\</path>
         <kind>archive</kind>
         <file>rtsv7M4_T_le_v4SPD16_eabi.lib</file>
         <name>open.c.obj</name>
      </input_file>
      <input_file id="fl-113">
         <path>C:\ti\ccs\ccs\tools\compiler\ti-cgt-arm_20.2.5.LTS\lib\</path>
         <kind>archive</kind>
         <file>rtsv7M4_T_le_v4SPD16_eabi.lib</file>
         <name>lseek.c.obj</name>
      </input_file>
      <input_file id="fl-114">
         <path>C:\ti\ccs\ccs\tools\compiler\ti-cgt-arm_20.2.5.LTS\lib\</path>
         <kind>archive</kind>
         <file>rtsv7M4_T_le_v4SPD16_eabi.lib</file>
         <name>fclose.c.obj</name>
      </input_file>
      <input_file id="fl-115">
         <path>C:\ti\ccs\ccs\tools\compiler\ti-cgt-arm_20.2.5.LTS\lib\</path>
         <kind>archive</kind>
         <file>rtsv7M4_T_le_v4SPD16_eabi.lib</file>
         <name>getdevice.c.obj</name>
      </input_file>
      <input_file id="fl-116">
         <path>C:\ti\ccs\ccs\tools\compiler\ti-cgt-arm_20.2.5.LTS\lib\</path>
         <kind>archive</kind>
         <file>rtsv7M4_T_le_v4SPD16_eabi.lib</file>
         <name>strcmp.c.obj</name>
      </input_file>
      <input_file id="fl-117">
         <path>C:\ti\ccs\ccs\tools\compiler\ti-cgt-arm_20.2.5.LTS\lib\</path>
         <kind>archive</kind>
         <file>rtsv7M4_T_le_v4SPD16_eabi.lib</file>
         <name>strcpy.c.obj</name>
      </input_file>
      <input_file id="fl-118">
         <path>C:\ti\ccs\ccs\tools\compiler\ti-cgt-arm_20.2.5.LTS\lib\</path>
         <kind>archive</kind>
         <file>rtsv7M4_T_le_v4SPD16_eabi.lib</file>
         <name>strncpy.c.obj</name>
      </input_file>
      <input_file id="fl-119">
         <path>C:\ti\ccs\ccs\tools\compiler\ti-cgt-arm_20.2.5.LTS\lib\</path>
         <kind>archive</kind>
         <file>rtsv7M4_T_le_v4SPD16_eabi.lib</file>
         <name>remove.c.obj</name>
      </input_file>
      <input_file id="fl-11a">
         <path>C:\ti\ccs\ccs\tools\compiler\ti-cgt-arm_20.2.5.LTS\lib\</path>
         <kind>archive</kind>
         <file>rtsv7M4_T_le_v4SPD16_eabi.lib</file>
         <name>close.c.obj</name>
      </input_file>
      <input_file id="fl-11b">
         <path>C:\ti\ccs\ccs\tools\compiler\ti-cgt-arm_20.2.5.LTS\lib\</path>
         <kind>archive</kind>
         <file>rtsv7M4_T_le_v4SPD16_eabi.lib</file>
         <name>unlink.c.obj</name>
      </input_file>
   </input_file_list>
   <object_component_list>
      <object_component id="oc-26">
         <name>.intvecs:retain</name>
         <load_address>0x0</load_address>
         <run_address>0x0</run_address>
         <size>0xe4</size>
         <input_file_ref idref="fl-c"/>
      </object_component>
      <object_component id="oc-ca">
         <name>.text</name>
         <load_address>0xe4</load_address>
         <run_address>0xe4</run_address>
         <size>0x2810</size>
         <input_file_ref idref="fl-1c"/>
      </object_component>
      <object_component id="oc-f1">
         <name>.text</name>
         <load_address>0x28f4</load_address>
         <run_address>0x28f4</run_address>
         <size>0x1124</size>
         <input_file_ref idref="fl-1a"/>
      </object_component>
      <object_component id="oc-f7">
         <name>.text</name>
         <load_address>0x3a18</load_address>
         <run_address>0x3a18</run_address>
         <size>0xc2c</size>
         <input_file_ref idref="fl-a"/>
      </object_component>
      <object_component id="oc-1fb">
         <name>.text:__TI_printfi</name>
         <load_address>0x4644</load_address>
         <run_address>0x4644</run_address>
         <size>0xa4e</size>
         <input_file_ref idref="fl-dc"/>
      </object_component>
      <object_component id="oc-365">
         <name>.text:_nop</name>
         <load_address>0x5092</load_address>
         <run_address>0x5092</run_address>
         <size>0x2</size>
         <input_file_ref idref="fl-f2"/>
      </object_component>
      <object_component id="oc-1cf">
         <name>.text</name>
         <load_address>0x5094</load_address>
         <run_address>0x5094</run_address>
         <size>0x720</size>
         <input_file_ref idref="fl-1d"/>
      </object_component>
      <object_component id="oc-1b7">
         <name>.text</name>
         <load_address>0x57b4</load_address>
         <run_address>0x57b4</run_address>
         <size>0x454</size>
         <input_file_ref idref="fl-18"/>
      </object_component>
      <object_component id="oc-75">
         <name>.text</name>
         <load_address>0x5c08</load_address>
         <run_address>0x5c08</run_address>
         <size>0x438</size>
         <input_file_ref idref="fl-1e"/>
      </object_component>
      <object_component id="oc-13c">
         <name>.text</name>
         <load_address>0x6040</load_address>
         <run_address>0x6040</run_address>
         <size>0x3a0</size>
         <input_file_ref idref="fl-25"/>
      </object_component>
      <object_component id="oc-bd">
         <name>.text</name>
         <load_address>0x63e0</load_address>
         <run_address>0x63e0</run_address>
         <size>0x354</size>
         <input_file_ref idref="fl-d"/>
      </object_component>
      <object_component id="oc-7b">
         <name>.text</name>
         <load_address>0x6734</load_address>
         <run_address>0x6734</run_address>
         <size>0x33c</size>
         <input_file_ref idref="fl-e"/>
      </object_component>
      <object_component id="oc-33d">
         <name>.text:_pconv_a</name>
         <load_address>0x6a70</load_address>
         <run_address>0x6a70</run_address>
         <size>0x270</size>
         <input_file_ref idref="fl-dc"/>
      </object_component>
      <object_component id="oc-32b">
         <name>.text:_pconv_g</name>
         <load_address>0x6ce0</load_address>
         <run_address>0x6ce0</run_address>
         <size>0x1d0</size>
         <input_file_ref idref="fl-dc"/>
      </object_component>
      <object_component id="oc-154">
         <name>.text</name>
         <load_address>0x6eb0</load_address>
         <run_address>0x6eb0</run_address>
         <size>0x1c0</size>
         <input_file_ref idref="fl-8"/>
      </object_component>
      <object_component id="oc-416">
         <name>.text</name>
         <load_address>0x7070</load_address>
         <run_address>0x7070</run_address>
         <size>0x1b6</size>
         <input_file_ref idref="fl-e4"/>
      </object_component>
      <object_component id="oc-4b3">
         <name>.text</name>
         <load_address>0x7226</load_address>
         <run_address>0x7226</run_address>
         <size>0x2</size>
         <input_file_ref idref="fl-105"/>
      </object_component>
      <object_component id="oc-142">
         <name>.text</name>
         <load_address>0x7228</load_address>
         <run_address>0x7228</run_address>
         <size>0x148</size>
         <input_file_ref idref="fl-2"/>
      </object_component>
      <object_component id="oc-337">
         <name>.text:_pconv_e</name>
         <load_address>0x7370</load_address>
         <run_address>0x7370</run_address>
         <size>0x13c</size>
         <input_file_ref idref="fl-dc"/>
      </object_component>
      <object_component id="oc-3fc">
         <name>.text</name>
         <load_address>0x74ac</load_address>
         <run_address>0x74ac</run_address>
         <size>0x136</size>
         <input_file_ref idref="fl-e6"/>
      </object_component>
      <object_component id="oc-15a">
         <name>.text</name>
         <load_address>0x75e4</load_address>
         <run_address>0x75e4</run_address>
         <size>0x132</size>
         <input_file_ref idref="fl-4"/>
      </object_component>
      <object_component id="oc-1bd">
         <name>.text</name>
         <load_address>0x7716</load_address>
         <run_address>0x7716</run_address>
         <size>0x12a</size>
         <input_file_ref idref="fl-19"/>
      </object_component>
      <object_component id="oc-428">
         <name>.text:fcvt</name>
         <load_address>0x7840</load_address>
         <run_address>0x7840</run_address>
         <size>0x124</size>
         <input_file_ref idref="fl-dc"/>
      </object_component>
      <object_component id="oc-373">
         <name>.text:fputs</name>
         <load_address>0x7964</load_address>
         <run_address>0x7964</run_address>
         <size>0x114</size>
         <input_file_ref idref="fl-de"/>
      </object_component>
      <object_component id="oc-14e">
         <name>.text</name>
         <load_address>0x7a78</load_address>
         <run_address>0x7a78</run_address>
         <size>0x110</size>
         <input_file_ref idref="fl-5"/>
      </object_component>
      <object_component id="oc-43c">
         <name>.text:scalbn</name>
         <load_address>0x7b88</load_address>
         <run_address>0x7b88</run_address>
         <size>0x110</size>
         <input_file_ref idref="fl-e2"/>
      </object_component>
      <object_component id="oc-55c">
         <name>.text:aligned_alloc</name>
         <load_address>0x7c98</load_address>
         <run_address>0x7c98</run_address>
         <size>0x100</size>
         <input_file_ref idref="fl-f9"/>
      </object_component>
      <object_component id="oc-3f7">
         <name>.text</name>
         <load_address>0x7d98</load_address>
         <run_address>0x7d98</run_address>
         <size>0xfc</size>
         <input_file_ref idref="fl-e7"/>
      </object_component>
      <object_component id="oc-fd">
         <name>.text</name>
         <load_address>0x7e94</load_address>
         <run_address>0x7e94</run_address>
         <size>0xf8</size>
         <input_file_ref idref="fl-11"/>
      </object_component>
      <object_component id="oc-ab">
         <name>.text</name>
         <load_address>0x7f8c</load_address>
         <run_address>0x7f8c</run_address>
         <size>0xec</size>
         <input_file_ref idref="fl-b"/>
      </object_component>
      <object_component id="oc-51a">
         <name>.text:free</name>
         <load_address>0x8078</load_address>
         <run_address>0x8078</run_address>
         <size>0xe4</size>
         <input_file_ref idref="fl-f9"/>
      </object_component>
      <object_component id="oc-148">
         <name>.text</name>
         <load_address>0x815c</load_address>
         <run_address>0x815c</run_address>
         <size>0xe4</size>
         <input_file_ref idref="fl-7"/>
      </object_component>
      <object_component id="oc-4ee">
         <name>.text:setvbuf</name>
         <load_address>0x8240</load_address>
         <run_address>0x8240</run_address>
         <size>0xdc</size>
         <input_file_ref idref="fl-e0"/>
      </object_component>
      <object_component id="oc-70">
         <name>.text</name>
         <load_address>0x831c</load_address>
         <run_address>0x831c</run_address>
         <size>0xda</size>
         <input_file_ref idref="fl-1f"/>
      </object_component>
      <object_component id="oc-320">
         <name>.text:_ltostr</name>
         <load_address>0x83f8</load_address>
         <run_address>0x83f8</run_address>
         <size>0xb1</size>
         <input_file_ref idref="fl-dc"/>
      </object_component>
      <object_component id="oc-3a">
         <name>.text</name>
         <load_address>0x84aa</load_address>
         <run_address>0x84aa</run_address>
         <size>0x9c</size>
         <input_file_ref idref="fl-ea"/>
      </object_component>
      <object_component id="oc-3f0">
         <name>.text</name>
         <load_address>0x8546</load_address>
         <run_address>0x8546</run_address>
         <size>0x96</size>
         <input_file_ref idref="fl-ec"/>
      </object_component>
      <object_component id="oc-326">
         <name>.text:__aeabi_cdcmple</name>
         <load_address>0x85dc</load_address>
         <run_address>0x85dc</run_address>
         <size>0x86</size>
         <input_file_ref idref="fl-e5"/>
      </object_component>
      <object_component id="oc-401">
         <name>.text:__aeabi_cdrcmple</name>
         <load_address>0x8662</load_address>
         <run_address>0x8662</run_address>
         <size>0x86</size>
         <input_file_ref idref="fl-e5"/>
      </object_component>
      <object_component id="oc-246">
         <name>.text</name>
         <load_address>0x86e8</load_address>
         <run_address>0x86e8</run_address>
         <size>0x7c</size>
         <input_file_ref idref="fl-15"/>
      </object_component>
      <object_component id="oc-9f">
         <name>.text</name>
         <load_address>0x8764</load_address>
         <run_address>0x8764</run_address>
         <size>0x7a</size>
         <input_file_ref idref="fl-ed"/>
      </object_component>
      <object_component id="oc-563">
         <name>.text:__TI_closefile</name>
         <load_address>0x87e0</load_address>
         <run_address>0x87e0</run_address>
         <size>0x74</size>
         <input_file_ref idref="fl-114"/>
      </object_component>
      <object_component id="oc-5a4">
         <name>.text:split</name>
         <load_address>0x8854</load_address>
         <run_address>0x8854</run_address>
         <size>0x70</size>
         <input_file_ref idref="fl-f9"/>
      </object_component>
      <object_component id="oc-421">
         <name>.text:_mcpy</name>
         <load_address>0x88c4</load_address>
         <run_address>0x88c4</run_address>
         <size>0x6e</size>
         <input_file_ref idref="fl-dc"/>
      </object_component>
      <object_component id="oc-593">
         <name>.text:HOSTrename</name>
         <load_address>0x8934</load_address>
         <run_address>0x8934</run_address>
         <size>0x6c</size>
         <input_file_ref idref="fl-10e"/>
      </object_component>
      <object_component id="oc-587">
         <name>.text:HOSTlseek</name>
         <load_address>0x89a0</load_address>
         <run_address>0x89a0</run_address>
         <size>0x68</size>
         <input_file_ref idref="fl-10b"/>
      </object_component>
      <object_component id="oc-17">
         <name>.text:decompress:lzss:__TI_decompress_lzss</name>
         <load_address>0x8a08</load_address>
         <run_address>0x8a08</run_address>
         <size>0x68</size>
         <input_file_ref idref="fl-f0"/>
      </object_component>
      <object_component id="oc-eb">
         <name>.text:printf</name>
         <load_address>0x8a70</load_address>
         <run_address>0x8a70</run_address>
         <size>0x68</size>
         <input_file_ref idref="fl-db"/>
      </object_component>
      <object_component id="oc-436">
         <name>.text:frexp</name>
         <load_address>0x8ad8</load_address>
         <run_address>0x8ad8</run_address>
         <size>0x64</size>
         <input_file_ref idref="fl-e1"/>
      </object_component>
      <object_component id="oc-4e8">
         <name>.text:fseek</name>
         <load_address>0x8b3c</load_address>
         <run_address>0x8b3c</run_address>
         <size>0x64</size>
         <input_file_ref idref="fl-103"/>
      </object_component>
      <object_component id="oc-46d">
         <name>.text:__TI_wrt_ok</name>
         <load_address>0x8ba0</load_address>
         <run_address>0x8ba0</run_address>
         <size>0x62</size>
         <input_file_ref idref="fl-df"/>
      </object_component>
      <object_component id="oc-56f">
         <name>.text:HOSTopen</name>
         <load_address>0x8c04</load_address>
         <run_address>0x8c04</run_address>
         <size>0x60</size>
         <input_file_ref idref="fl-10c"/>
      </object_component>
      <object_component id="oc-5ab">
         <name>.text:close</name>
         <load_address>0x8c64</load_address>
         <run_address>0x8c64</run_address>
         <size>0x5c</size>
         <input_file_ref idref="fl-11a"/>
      </object_component>
      <object_component id="oc-57b">
         <name>.text:HOSTread</name>
         <load_address>0x8cc0</load_address>
         <run_address>0x8cc0</run_address>
         <size>0x58</size>
         <input_file_ref idref="fl-10d"/>
      </object_component>
      <object_component id="oc-581">
         <name>.text:HOSTwrite</name>
         <load_address>0x8d18</load_address>
         <run_address>0x8d18</run_address>
         <size>0x58</size>
         <input_file_ref idref="fl-110"/>
      </object_component>
      <object_component id="oc-331">
         <name>.text:_pconv_f</name>
         <load_address>0x8d70</load_address>
         <run_address>0x8d70</run_address>
         <size>0x56</size>
         <input_file_ref idref="fl-dc"/>
      </object_component>
      <object_component id="oc-40b">
         <name>.text:__TI_ltoa</name>
         <load_address>0x8dc6</load_address>
         <run_address>0x8dc6</run_address>
         <size>0x54</size>
         <input_file_ref idref="fl-f3"/>
      </object_component>
      <object_component id="oc-41b">
         <name>.text:_ecpy</name>
         <load_address>0x8e1a</load_address>
         <run_address>0x8e1a</run_address>
         <size>0x52</size>
         <input_file_ref idref="fl-dc"/>
      </object_component>
      <object_component id="oc-479">
         <name>.text:__TI_doflush</name>
         <load_address>0x8e6c</load_address>
         <run_address>0x8e6c</run_address>
         <size>0x4c</size>
         <input_file_ref idref="fl-101"/>
      </object_component>
      <object_component id="oc-31a">
         <name>.text:atoi</name>
         <load_address>0x8eb8</load_address>
         <run_address>0x8eb8</run_address>
         <size>0x4c</size>
         <input_file_ref idref="fl-f4"/>
      </object_component>
      <object_component id="oc-174">
         <name>.text:exit</name>
         <load_address>0x8f04</load_address>
         <run_address>0x8f04</run_address>
         <size>0x48</size>
         <input_file_ref idref="fl-f1"/>
      </object_component>
      <object_component id="oc-406">
         <name>.text</name>
         <load_address>0x8f4c</load_address>
         <run_address>0x8f4c</run_address>
         <size>0x48</size>
         <input_file_ref idref="fl-e8"/>
      </object_component>
      <object_component id="oc-575">
         <name>.text:HOSTclose</name>
         <load_address>0x8f94</load_address>
         <run_address>0x8f94</run_address>
         <size>0x44</size>
         <input_file_ref idref="fl-10a"/>
      </object_component>
      <object_component id="oc-58d">
         <name>.text:HOSTunlink</name>
         <load_address>0x8fd8</load_address>
         <run_address>0x8fd8</run_address>
         <size>0x44</size>
         <input_file_ref idref="fl-10f"/>
      </object_component>
      <object_component id="oc-17a">
         <name>.text:__TI_auto_init_nobinit_nopinit:__TI_auto_init_nobinit_nopinit</name>
         <load_address>0x901c</load_address>
         <run_address>0x901c</run_address>
         <size>0x44</size>
         <input_file_ref idref="fl-106"/>
      </object_component>
      <object_component id="oc-5e3">
         <name>.text:getdevice</name>
         <load_address>0x9060</load_address>
         <run_address>0x9060</run_address>
         <size>0x44</size>
         <input_file_ref idref="fl-115"/>
      </object_component>
      <object_component id="oc-e5">
         <name>.text:sprintf</name>
         <load_address>0x90a4</load_address>
         <run_address>0x90a4</run_address>
         <size>0x40</size>
         <input_file_ref idref="fl-dd"/>
      </object_component>
      <object_component id="oc-42e">
         <name>.text:_fcpy</name>
         <load_address>0x90e4</load_address>
         <run_address>0x90e4</run_address>
         <size>0x3e</size>
         <input_file_ref idref="fl-dc"/>
      </object_component>
      <object_component id="oc-5bc">
         <name>.text:__TI_writemsg</name>
         <load_address>0x9124</load_address>
         <run_address>0x9124</run_address>
         <size>0x38</size>
         <input_file_ref idref="fl-111"/>
      </object_component>
      <object_component id="oc-605">
         <name>.text:strncpy</name>
         <load_address>0x915c</load_address>
         <run_address>0x915c</run_address>
         <size>0x36</size>
         <input_file_ref idref="fl-118"/>
      </object_component>
      <object_component id="oc-526">
         <name>.text:__TI_cleanup</name>
         <load_address>0x9194</load_address>
         <run_address>0x9194</run_address>
         <size>0x34</size>
         <input_file_ref idref="fl-102"/>
      </object_component>
      <object_component id="oc-5c2">
         <name>.text:__TI_readmsg</name>
         <load_address>0x91c8</load_address>
         <run_address>0x91c8</run_address>
         <size>0x34</size>
         <input_file_ref idref="fl-111"/>
      </object_component>
      <object_component id="oc-58">
         <name>.text:_c_int00_noargs:_c_int00_noargs</name>
         <load_address>0x91fc</load_address>
         <run_address>0x91fc</run_address>
         <size>0x34</size>
         <input_file_ref idref="fl-fe"/>
      </object_component>
      <object_component id="oc-240">
         <name>.text:rand</name>
         <load_address>0x9230</load_address>
         <run_address>0x9230</run_address>
         <size>0x34</size>
         <input_file_ref idref="fl-fa"/>
      </object_component>
      <object_component id="oc-60b">
         <name>.text:finddevice</name>
         <load_address>0x9264</load_address>
         <run_address>0x9264</run_address>
         <size>0x30</size>
         <input_file_ref idref="fl-115"/>
      </object_component>
      <object_component id="oc-411">
         <name>.text</name>
         <load_address>0x9294</load_address>
         <run_address>0x9294</run_address>
         <size>0x2e</size>
         <input_file_ref idref="fl-e9"/>
      </object_component>
      <object_component id="oc-5b1">
         <name>.text:unlink</name>
         <load_address>0x92c4</load_address>
         <run_address>0x92c4</run_address>
         <size>0x2c</size>
         <input_file_ref idref="fl-11b"/>
      </object_component>
      <object_component id="oc-555">
         <name>.text:free_list_insert</name>
         <load_address>0x92f0</load_address>
         <run_address>0x92f0</run_address>
         <size>0x28</size>
         <input_file_ref idref="fl-f9"/>
      </object_component>
      <object_component id="oc-512">
         <name>.text:lseek</name>
         <load_address>0x9318</load_address>
         <run_address>0x9318</run_address>
         <size>0x28</size>
         <input_file_ref idref="fl-113"/>
      </object_component>
      <object_component id="oc-47f">
         <name>.text:write</name>
         <load_address>0x9340</load_address>
         <run_address>0x9340</run_address>
         <size>0x28</size>
         <input_file_ref idref="fl-ff"/>
      </object_component>
      <object_component id="oc-23a">
         <name>.text:srand</name>
         <load_address>0x9368</load_address>
         <run_address>0x9368</run_address>
         <size>0x24</size>
         <input_file_ref idref="fl-fa"/>
      </object_component>
      <object_component id="oc-473">
         <name>.text:memchr</name>
         <load_address>0x938c</load_address>
         <run_address>0x938c</run_address>
         <size>0x20</size>
         <input_file_ref idref="fl-f8"/>
      </object_component>
      <object_component id="oc-54f">
         <name>.text:free_list_remove</name>
         <load_address>0x93ac</load_address>
         <run_address>0x93ac</run_address>
         <size>0x1c</size>
         <input_file_ref idref="fl-f9"/>
      </object_component>
      <object_component id="oc-343">
         <name>.text:memccpy</name>
         <load_address>0x93c8</load_address>
         <run_address>0x93c8</run_address>
         <size>0x1c</size>
         <input_file_ref idref="fl-f7"/>
      </object_component>
      <object_component id="oc-4cc">
         <name>.text:copysign</name>
         <load_address>0x93e4</load_address>
         <run_address>0x93e4</run_address>
         <size>0x1a</size>
         <input_file_ref idref="fl-104"/>
      </object_component>
      <object_component id="oc-201">
         <name>.text:_outs</name>
         <load_address>0x93fe</load_address>
         <run_address>0x93fe</run_address>
         <size>0x18</size>
         <input_file_ref idref="fl-dd"/>
      </object_component>
      <object_component id="oc-622">
         <name>.text:strcmp</name>
         <load_address>0x9416</load_address>
         <run_address>0x9416</run_address>
         <size>0x18</size>
         <input_file_ref idref="fl-116"/>
      </object_component>
      <object_component id="oc-442">
         <name>.text:strchr</name>
         <load_address>0x942e</load_address>
         <run_address>0x942e</run_address>
         <size>0x16</size>
         <input_file_ref idref="fl-fb"/>
      </object_component>
      <object_component id="oc-5d6">
         <name>.text:strcpy</name>
         <load_address>0x9444</load_address>
         <run_address>0x9444</run_address>
         <size>0x14</size>
         <input_file_ref idref="fl-117"/>
      </object_component>
      <object_component id="oc-314">
         <name>.text:strlen</name>
         <load_address>0x9458</load_address>
         <run_address>0x9458</run_address>
         <size>0x14</size>
         <input_file_ref idref="fl-fc"/>
      </object_component>
      <object_component id="oc-349">
         <name>.text:wcslen</name>
         <load_address>0x946c</load_address>
         <run_address>0x946c</run_address>
         <size>0x12</size>
         <input_file_ref idref="fl-e3"/>
      </object_component>
      <object_component id="oc-1d">
         <name>.text:decompress:none:__TI_decompress_none</name>
         <load_address>0x947e</load_address>
         <run_address>0x947e</run_address>
         <size>0xe</size>
         <input_file_ref idref="fl-ef"/>
      </object_component>
      <object_component id="oc-6a">
         <name>.text</name>
         <load_address>0x948c</load_address>
         <run_address>0x948c</run_address>
         <size>0xe</size>
         <input_file_ref idref="fl-c"/>
      </object_component>
      <object_component id="oc-4c">
         <name>.text:decompress:ZI:__TI_zero_init</name>
         <load_address>0x949a</load_address>
         <run_address>0x949a</run_address>
         <size>0xc</size>
         <input_file_ref idref="fl-ee"/>
      </object_component>
      <object_component id="oc-207">
         <name>.text:_outc</name>
         <load_address>0x94a6</load_address>
         <run_address>0x94a6</run_address>
         <size>0xa</size>
         <input_file_ref idref="fl-dd"/>
      </object_component>
      <object_component id="oc-34f">
         <name>.text:__aeabi_errno_addr</name>
         <load_address>0x94b0</load_address>
         <run_address>0x94b0</run_address>
         <size>0x8</size>
         <input_file_ref idref="fl-fd"/>
      </object_component>
      <object_component id="oc-520">
         <name>.text:malloc</name>
         <load_address>0x94b8</load_address>
         <run_address>0x94b8</run_address>
         <size>0x8</size>
         <input_file_ref idref="fl-f9"/>
      </object_component>
      <object_component id="oc-220">
         <name>.text:_outc</name>
         <load_address>0x94c0</load_address>
         <run_address>0x94c0</run_address>
         <size>0x4</size>
         <input_file_ref idref="fl-db"/>
      </object_component>
      <object_component id="oc-21a">
         <name>.text:_outs</name>
         <load_address>0x94c4</load_address>
         <run_address>0x94c4</run_address>
         <size>0x4</size>
         <input_file_ref idref="fl-db"/>
      </object_component>
      <object_component id="oc-a5">
         <name>.text:_system_pre_init</name>
         <load_address>0x94c8</load_address>
         <run_address>0x94c8</run_address>
         <size>0x4</size>
         <input_file_ref idref="fl-107"/>
      </object_component>
      <object_component id="oc-16e">
         <name>.text:abort:abort</name>
         <load_address>0x94cc</load_address>
         <run_address>0x94cc</run_address>
         <size>0x4</size>
         <input_file_ref idref="fl-f1"/>
      </object_component>
      <object_component id="oc-255">
         <name>.const:.string:grid_image_bitmapBitmaps</name>
         <load_address>0x94d0</load_address>
         <run_address>0x94d0</run_address>
         <size>0x800</size>
         <input_file_ref idref="fl-9"/>
      </object_component>
      <object_component id="oc-3eb">
         <name>.const:.string:_ctypes_</name>
         <load_address>0x9cd0</load_address>
         <run_address>0x9cd0</run_address>
         <size>0x101</size>
         <input_file_ref idref="fl-f5"/>
      </object_component>
      <object_component id="oc-25a">
         <name>.const:.string:in_image_bitmapBitmaps</name>
         <load_address>0x9dd1</load_address>
         <run_address>0x9dd1</run_address>
         <size>0x87</size>
         <input_file_ref idref="fl-9"/>
      </object_component>
      <object_component id="oc-260">
         <name>.const:.string:image_2_bitmapBitmaps</name>
         <load_address>0x9e58</load_address>
         <run_address>0x9e58</run_address>
         <size>0x36</size>
         <input_file_ref idref="fl-9"/>
      </object_component>
      <object_component id="oc-25d">
         <name>.const:.string:image_3_bitmapBitmaps</name>
         <load_address>0x9e8e</load_address>
         <run_address>0x9e8e</run_address>
         <size>0x36</size>
         <input_file_ref idref="fl-9"/>
      </object_component>
      <object_component id="oc-263">
         <name>.const:.string:image_1_bitmapBitmaps</name>
         <load_address>0x9ec4</load_address>
         <run_address>0x9ec4</run_address>
         <size>0x34</size>
         <input_file_ref idref="fl-9"/>
      </object_component>
      <object_component id="oc-252">
         <name>.const</name>
         <load_address>0x9ef8</load_address>
         <run_address>0x9ef8</run_address>
         <size>0xb</size>
         <input_file_ref idref="fl-9"/>
      </object_component>
      <object_component id="oc-24c">
         <name>.const:.string:grid_X</name>
         <load_address>0x9f03</load_address>
         <run_address>0x9f03</run_address>
         <size>0x9</size>
         <input_file_ref idref="fl-9"/>
      </object_component>
      <object_component id="oc-24f">
         <name>.const:.string:grid_Y</name>
         <load_address>0x9f0c</load_address>
         <run_address>0x9f0c</run_address>
         <size>0x9</size>
         <input_file_ref idref="fl-9"/>
      </object_component>
      <object_component id="oc-c7">
         <name>.const</name>
         <load_address>0x9f18</load_address>
         <run_address>0x9f18</run_address>
         <size>0x8</size>
         <input_file_ref idref="fl-1e"/>
      </object_component>
      <object_component id="oc-1d8">
         <name>.const</name>
         <load_address>0x9f20</load_address>
         <run_address>0x9f20</run_address>
         <size>0x4</size>
         <input_file_ref idref="fl-1c"/>
      </object_component>
      <object_component id="oc-662">
         <name>.cinit..data.load</name>
         <load_address>0x9f28</load_address>
         <run_address>0x9f28</run_address>
         <size>0x82</size>
      </object_component>
      <object_component id="oc-660">
         <name>__TI_handler_table</name>
         <load_address>0x9fac</load_address>
         <run_address>0x9fac</run_address>
         <size>0xc</size>
      </object_component>
      <object_component id="oc-663">
         <name>.cinit..bss.load</name>
         <load_address>0x9fb8</load_address>
         <run_address>0x9fb8</run_address>
         <size>0x8</size>
      </object_component>
      <object_component id="oc-661">
         <name>__TI_cinit_table</name>
         <load_address>0x9fc0</load_address>
         <run_address>0x9fc0</run_address>
         <size>0x10</size>
      </object_component>
      <object_component id="oc-634">
         <name>.binit</name>
         <load_address>0x0</load_address>
         <run_address>0x0</run_address>
         <size>0x0</size>
      </object_component>
      <object_component id="oc-237">
         <name>.data:COLORS</name>
         <load_address>0x200089ec</load_address>
         <run_address>0x200089ec</run_address>
         <size>0x8</size>
         <input_file_ref idref="fl-a"/>
      </object_component>
      <object_component id="oc-10c">
         <name>.data:USR_ANS</name>
         <load_address>0x200089a0</load_address>
         <run_address>0x200089a0</run_address>
         <size>0x12</size>
         <input_file_ref idref="fl-a"/>
      </object_component>
      <object_component id="oc-160">
         <name>.data</name>
         <load_address>0x20008a04</load_address>
         <run_address>0x20008a04</run_address>
         <size>0x4</size>
         <input_file_ref idref="fl-d"/>
      </object_component>
      <object_component id="oc-103">
         <name>.data</name>
         <load_address>0x2000898c</load_address>
         <run_address>0x2000898c</run_address>
         <size>0x14</size>
         <input_file_ref idref="fl-e"/>
      </object_component>
      <object_component id="oc-267">
         <name>.data</name>
         <load_address>0x200089f4</load_address>
         <run_address>0x200089f4</run_address>
         <size>0x5</size>
         <input_file_ref idref="fl-11"/>
      </object_component>
      <object_component id="oc-2dc">
         <name>.data</name>
         <load_address>0x2000895c</load_address>
         <run_address>0x2000895c</run_address>
         <size>0x18</size>
         <input_file_ref idref="fl-18"/>
      </object_component>
      <object_component id="oc-c4">
         <name>.data</name>
         <load_address>0x20008928</load_address>
         <run_address>0x20008928</run_address>
         <size>0x34</size>
         <input_file_ref idref="fl-1c"/>
      </object_component>
      <object_component id="oc-2f1">
         <name>.data</name>
         <load_address>0x200089d0</load_address>
         <run_address>0x200089d0</run_address>
         <size>0xc</size>
         <input_file_ref idref="fl-1d"/>
      </object_component>
      <object_component id="oc-d1">
         <name>.data</name>
         <load_address>0x20008974</load_address>
         <run_address>0x20008974</run_address>
         <size>0x18</size>
         <input_file_ref idref="fl-1e"/>
      </object_component>
      <object_component id="oc-2aa">
         <name>.data:$O1$$</name>
         <load_address>0x200089c4</load_address>
         <run_address>0x200089c4</run_address>
         <size>0xc</size>
         <input_file_ref idref="fl-f1"/>
      </object_component>
      <object_component id="oc-214">
         <name>.data:$O1$$</name>
         <load_address>0x200089dc</load_address>
         <run_address>0x200089dc</run_address>
         <size>0x8</size>
         <input_file_ref idref="fl-f2"/>
      </object_component>
      <object_component id="oc-217">
         <name>.data:_ftable</name>
         <load_address>0x20008770</load_address>
         <run_address>0x20008770</run_address>
         <size>0xf0</size>
         <input_file_ref idref="fl-f6"/>
      </object_component>
      <object_component id="oc-569">
         <name>.data</name>
         <load_address>0x200089b4</load_address>
         <run_address>0x200089b4</run_address>
         <size>0x10</size>
         <input_file_ref idref="fl-f6"/>
      </object_component>
      <object_component id="oc-59f">
         <name>.data:$O1$$</name>
         <load_address>0x200089e4</load_address>
         <run_address>0x200089e4</run_address>
         <size>0x8</size>
         <input_file_ref idref="fl-f9"/>
      </object_component>
      <object_component id="oc-38e">
         <name>.data</name>
         <load_address>0x20008a00</load_address>
         <run_address>0x20008a00</run_address>
         <size>0x4</size>
         <input_file_ref idref="fl-fa"/>
      </object_component>
      <object_component id="oc-452">
         <name>.data</name>
         <load_address>0x200089fc</load_address>
         <run_address>0x200089fc</run_address>
         <size>0x4</size>
         <input_file_ref idref="fl-fd"/>
      </object_component>
      <object_component id="oc-539">
         <name>.data:_device</name>
         <load_address>0x20008860</load_address>
         <run_address>0x20008860</run_address>
         <size>0x78</size>
         <input_file_ref idref="fl-100"/>
      </object_component>
      <object_component id="oc-4fa">
         <name>.data:_stream</name>
         <load_address>0x200088d8</load_address>
         <run_address>0x200088d8</run_address>
         <size>0x50</size>
         <input_file_ref idref="fl-100"/>
      </object_component>
      <object_component id="oc-2e2">
         <name>.bss:ucHeap</name>
         <uninitialized>true</uninitialized>
         <run_address>0x20000000</run_address>
         <size>0x8000</size>
         <input_file_ref idref="fl-18"/>
      </object_component>
      <object_component id="oc-2df">
         <name>.bss:xStart</name>
         <uninitialized>true</uninitialized>
         <run_address>0x20008344</run_address>
         <size>0x8</size>
         <input_file_ref idref="fl-18"/>
      </object_component>
      <object_component id="oc-1c3">
         <name>.bss:pxReadyTasksLists</name>
         <uninitialized>true</uninitialized>
         <run_address>0x20008120</run_address>
         <size>0xc8</size>
         <input_file_ref idref="fl-1c"/>
      </object_component>
      <object_component id="oc-1db">
         <name>.bss:xDelayedTaskList1</name>
         <uninitialized>true</uninitialized>
         <run_address>0x200082b0</run_address>
         <size>0x14</size>
         <input_file_ref idref="fl-1c"/>
      </object_component>
      <object_component id="oc-1de">
         <name>.bss:xDelayedTaskList2</name>
         <uninitialized>true</uninitialized>
         <run_address>0x200082c4</run_address>
         <size>0x14</size>
         <input_file_ref idref="fl-1c"/>
      </object_component>
      <object_component id="oc-1c9">
         <name>.bss</name>
         <uninitialized>true</uninitialized>
         <run_address>0x20008334</run_address>
         <size>0x8</size>
         <input_file_ref idref="fl-1c"/>
      </object_component>
      <object_component id="oc-1d5">
         <name>.bss:xPendingReadyList</name>
         <uninitialized>true</uninitialized>
         <run_address>0x200082d8</run_address>
         <size>0x14</size>
         <input_file_ref idref="fl-1c"/>
      </object_component>
      <object_component id="oc-1c6">
         <name>.bss:xTasksWaitingTermination</name>
         <uninitialized>true</uninitialized>
         <run_address>0x20008300</run_address>
         <size>0x14</size>
         <input_file_ref idref="fl-1c"/>
      </object_component>
      <object_component id="oc-1cc">
         <name>.bss:xSuspendedTaskList</name>
         <uninitialized>true</uninitialized>
         <run_address>0x200082ec</run_address>
         <size>0x14</size>
         <input_file_ref idref="fl-1c"/>
      </object_component>
      <object_component id="oc-2f7">
         <name>.bss:xActiveTimerList1</name>
         <uninitialized>true</uninitialized>
         <run_address>0x20008288</run_address>
         <size>0x14</size>
         <input_file_ref idref="fl-1d"/>
      </object_component>
      <object_component id="oc-2fa">
         <name>.bss:xActiveTimerList2</name>
         <uninitialized>true</uninitialized>
         <run_address>0x2000829c</run_address>
         <size>0x14</size>
         <input_file_ref idref="fl-1d"/>
      </object_component>
      <object_component id="oc-2f4">
         <name>.bss</name>
         <uninitialized>true</uninitialized>
         <run_address>0x2000833c</run_address>
         <size>0x8</size>
         <input_file_ref idref="fl-1d"/>
      </object_component>
      <object_component id="oc-5ed">
         <name>.bss:_CIOBUF_</name>
         <uninitialized>true</uninitialized>
         <run_address>0x20008000</run_address>
         <size>0x120</size>
         <input_file_ref idref="fl-111"/>
      </object_component>
      <object_component id="oc-259">
         <name>.common:GEN_ANS</name>
         <uninitialized>true</uninitialized>
         <run_address>0x20008314</run_address>
         <size>0x14</size>
      </object_component>
      <object_component id="oc-234">
         <name>.common:Lcd_Orientation</name>
         <uninitialized>true</uninitialized>
         <run_address>0x20008368</run_address>
         <size>0x2</size>
      </object_component>
      <object_component id="oc-258">
         <name>.common:seed</name>
         <uninitialized>true</uninitialized>
         <run_address>0x20008364</run_address>
         <size>0x4</size>
      </object_component>
      <object_component id="oc-109">
         <name>.common:Sem_LCD</name>
         <uninitialized>true</uninitialized>
         <run_address>0x2000835c</run_address>
         <size>0x4</size>
      </object_component>
      <object_component id="oc-112">
         <name>.common:Task_Joystick_Bottom_Half_Handle</name>
         <uninitialized>true</uninitialized>
         <run_address>0x20008360</run_address>
         <size>0x4</size>
      </object_component>
      <object_component id="oc-106">
         <name>.common:resultsBuffer</name>
         <uninitialized>true</uninitialized>
         <run_address>0x20008328</run_address>
         <size>0xc</size>
      </object_component>
      <object_component id="oc-26a">
         <name>.common:Queue_JOY</name>
         <uninitialized>true</uninitialized>
         <run_address>0x20008358</run_address>
         <size>0x4</size>
      </object_component>
      <object_component id="oc-10f">
         <name>.common:Queue_GRID</name>
         <uninitialized>true</uninitialized>
         <run_address>0x20008354</run_address>
         <size>0x4</size>
      </object_component>
      <object_component id="oc-5b7">
         <name>.common:__TI_tmpnams</name>
         <uninitialized>true</uninitialized>
         <run_address>0x200081e8</run_address>
         <size>0xa0</size>
      </object_component>
      <object_component id="oc-5c8">
         <name>.common:parmbuf</name>
         <uninitialized>true</uninitialized>
         <run_address>0x2000834c</run_address>
         <size>0x8</size>
      </object_component>
      <object_component id="oc-29">
         <name>.sysmem</name>
         <uninitialized>true</uninitialized>
         <run_address>0x20008370</run_address>
         <size>0x10</size>
         <input_file_ref idref="fl-f9"/>
      </object_component>
      <object_component id="oc-666">
         <name>.sysmem</name>
         <uninitialized>true</uninitialized>
         <run_address>0x20008370</run_address>
         <size>0x0</size>
      </object_component>
      <object_component id="oc-2c">
         <name>.stack</name>
         <uninitialized>true</uninitialized>
         <run_address>0x2000fe00</run_address>
         <size>0x4</size>
         <input_file_ref idref="fl-fe"/>
      </object_component>
      <object_component id="oc-665">
         <name>.stack</name>
         <uninitialized>true</uninitialized>
         <run_address>0x2000fe00</run_address>
         <size>0x0</size>
      </object_component>
      <object_component id="oc-1f5">
         <name>.debug_info</name>
         <load_address>0x0</load_address>
         <run_address>0x0</run_address>
         <size>0x69d</size>
         <input_file_ref idref="fl-2"/>
      </object_component>
      <object_component id="oc-143">
         <name>.debug_info</name>
         <load_address>0x69d</load_address>
         <run_address>0x69d</run_address>
         <size>0x342</size>
         <input_file_ref idref="fl-2"/>
      </object_component>
      <object_component id="oc-169">
         <name>.debug_info</name>
         <load_address>0x9df</load_address>
         <run_address>0x9df</run_address>
         <size>0x315</size>
         <input_file_ref idref="fl-2"/>
      </object_component>
      <object_component id="oc-26e">
         <name>.debug_info</name>
         <load_address>0xcf4</load_address>
         <run_address>0xcf4</run_address>
         <size>0x9b</size>
         <input_file_ref idref="fl-2"/>
      </object_component>
      <object_component id="oc-114">
         <name>.debug_info</name>
         <load_address>0xd8f</load_address>
         <run_address>0xd8f</run_address>
         <size>0x63</size>
         <input_file_ref idref="fl-2"/>
      </object_component>
      <object_component id="oc-27c">
         <name>.debug_info</name>
         <load_address>0xdf2</load_address>
         <run_address>0xdf2</run_address>
         <size>0x1055</size>
         <input_file_ref idref="fl-2"/>
      </object_component>
      <object_component id="oc-277">
         <name>.debug_info</name>
         <load_address>0x1e47</load_address>
         <run_address>0x1e47</run_address>
         <size>0x37e2</size>
         <input_file_ref idref="fl-2"/>
      </object_component>
      <object_component id="oc-11b">
         <name>.debug_info</name>
         <load_address>0x5629</load_address>
         <run_address>0x5629</run_address>
         <size>0x26b</size>
         <input_file_ref idref="fl-2"/>
      </object_component>
      <object_component id="oc-489">
         <name>.debug_info</name>
         <load_address>0x5894</load_address>
         <run_address>0x5894</run_address>
         <size>0x86</size>
         <input_file_ref idref="fl-2"/>
      </object_component>
      <object_component id="oc-290">
         <name>.debug_info</name>
         <load_address>0x591a</load_address>
         <run_address>0x591a</run_address>
         <size>0x48b</size>
         <input_file_ref idref="fl-2"/>
      </object_component>
      <object_component id="oc-281">
         <name>.debug_info</name>
         <load_address>0x5da5</load_address>
         <run_address>0x5da5</run_address>
         <size>0x4f</size>
         <input_file_ref idref="fl-2"/>
      </object_component>
      <object_component id="oc-295">
         <name>.debug_info</name>
         <load_address>0x5df4</load_address>
         <run_address>0x5df4</run_address>
         <size>0x2c</size>
         <input_file_ref idref="fl-2"/>
      </object_component>
      <object_component id="oc-35">
         <name>.debug_info</name>
         <load_address>0x5e20</load_address>
         <run_address>0x5e20</run_address>
         <size>0x84</size>
         <input_file_ref idref="fl-2"/>
      </object_component>
      <object_component id="oc-d6">
         <name>.debug_info</name>
         <load_address>0x5ea4</load_address>
         <run_address>0x5ea4</run_address>
         <size>0x2c</size>
         <input_file_ref idref="fl-2"/>
      </object_component>
      <object_component id="oc-1f6">
         <name>.debug_info</name>
         <load_address>0x5ed0</load_address>
         <run_address>0x5ed0</run_address>
         <size>0x2a4</size>
         <input_file_ref idref="fl-2"/>
      </object_component>
      <object_component id="oc-e0">
         <name>.debug_info</name>
         <load_address>0x6174</load_address>
         <run_address>0x6174</run_address>
         <size>0xbb</size>
         <input_file_ref idref="fl-2"/>
      </object_component>
      <object_component id="oc-db">
         <name>.debug_info</name>
         <load_address>0x622f</load_address>
         <run_address>0x622f</run_address>
         <size>0x53</size>
         <input_file_ref idref="fl-2"/>
      </object_component>
      <object_component id="oc-286">
         <name>.debug_info</name>
         <load_address>0x6282</load_address>
         <run_address>0x6282</run_address>
         <size>0xcc</size>
         <input_file_ref idref="fl-2"/>
      </object_component>
      <object_component id="oc-20f">
         <name>.debug_info</name>
         <load_address>0x634e</load_address>
         <run_address>0x634e</run_address>
         <size>0x2c</size>
         <input_file_ref idref="fl-2"/>
      </object_component>
      <object_component id="oc-28b">
         <name>.debug_info</name>
         <load_address>0x637a</load_address>
         <run_address>0x637a</run_address>
         <size>0x35</size>
         <input_file_ref idref="fl-2"/>
      </object_component>
      <object_component id="oc-1eb">
         <name>.debug_info</name>
         <load_address>0x63af</load_address>
         <run_address>0x63af</run_address>
         <size>0x14c</size>
         <input_file_ref idref="fl-2"/>
      </object_component>
      <object_component id="oc-15b">
         <name>.debug_info</name>
         <load_address>0x64fb</load_address>
         <run_address>0x64fb</run_address>
         <size>0x1bb</size>
         <input_file_ref idref="fl-4"/>
      </object_component>
      <object_component id="oc-150">
         <name>.debug_info</name>
         <load_address>0x66b6</load_address>
         <run_address>0x66b6</run_address>
         <size>0x465</size>
         <input_file_ref idref="fl-5"/>
      </object_component>
      <object_component id="oc-164">
         <name>.debug_info</name>
         <load_address>0x6b1b</load_address>
         <run_address>0x6b1b</run_address>
         <size>0x8b</size>
         <input_file_ref idref="fl-5"/>
      </object_component>
      <object_component id="oc-389">
         <name>.debug_info</name>
         <load_address>0x6ba6</load_address>
         <run_address>0x6ba6</run_address>
         <size>0x2e8</size>
         <input_file_ref idref="fl-6"/>
      </object_component>
      <object_component id="oc-22f">
         <name>.debug_info</name>
         <load_address>0x6e8e</load_address>
         <run_address>0x6e8e</run_address>
         <size>0x110</size>
         <input_file_ref idref="fl-6"/>
      </object_component>
      <object_component id="oc-149">
         <name>.debug_info</name>
         <load_address>0x6f9e</load_address>
         <run_address>0x6f9e</run_address>
         <size>0x320</size>
         <input_file_ref idref="fl-7"/>
      </object_component>
      <object_component id="oc-155">
         <name>.debug_info</name>
         <load_address>0x72be</load_address>
         <run_address>0x72be</run_address>
         <size>0x9bb</size>
         <input_file_ref idref="fl-8"/>
      </object_component>
      <object_component id="oc-397">
         <name>.debug_info</name>
         <load_address>0x7c79</load_address>
         <run_address>0x7c79</run_address>
         <size>0x556</size>
         <input_file_ref idref="fl-9"/>
      </object_component>
      <object_component id="oc-256">
         <name>.debug_info</name>
         <load_address>0x81cf</load_address>
         <run_address>0x81cf</run_address>
         <size>0xf3</size>
         <input_file_ref idref="fl-9"/>
      </object_component>
      <object_component id="oc-253">
         <name>.debug_info</name>
         <load_address>0x82c2</load_address>
         <run_address>0x82c2</run_address>
         <size>0x39b</size>
         <input_file_ref idref="fl-9"/>
      </object_component>
      <object_component id="oc-24d">
         <name>.debug_info</name>
         <load_address>0x865d</load_address>
         <run_address>0x865d</run_address>
         <size>0xcf</size>
         <input_file_ref idref="fl-9"/>
      </object_component>
      <object_component id="oc-250">
         <name>.debug_info</name>
         <load_address>0x872c</load_address>
         <run_address>0x872c</run_address>
         <size>0xcf</size>
         <input_file_ref idref="fl-9"/>
      </object_component>
      <object_component id="oc-25b">
         <name>.debug_info</name>
         <load_address>0x87fb</load_address>
         <run_address>0x87fb</run_address>
         <size>0xef</size>
         <input_file_ref idref="fl-9"/>
      </object_component>
      <object_component id="oc-25e">
         <name>.debug_info</name>
         <load_address>0x88ea</load_address>
         <run_address>0x88ea</run_address>
         <size>0xed</size>
         <input_file_ref idref="fl-9"/>
      </object_component>
      <object_component id="oc-261">
         <name>.debug_info</name>
         <load_address>0x89d7</load_address>
         <run_address>0x89d7</run_address>
         <size>0xed</size>
         <input_file_ref idref="fl-9"/>
      </object_component>
      <object_component id="oc-264">
         <name>.debug_info</name>
         <load_address>0x8ac4</load_address>
         <run_address>0x8ac4</run_address>
         <size>0xee</size>
         <input_file_ref idref="fl-9"/>
      </object_component>
      <object_component id="oc-235">
         <name>.debug_info</name>
         <load_address>0x8bb2</load_address>
         <run_address>0x8bb2</run_address>
         <size>0xbdf</size>
         <input_file_ref idref="fl-a"/>
      </object_component>
      <object_component id="oc-238">
         <name>.debug_info</name>
         <load_address>0x9791</load_address>
         <run_address>0x9791</run_address>
         <size>0xcd</size>
         <input_file_ref idref="fl-a"/>
      </object_component>
      <object_component id="oc-10d">
         <name>.debug_info</name>
         <load_address>0x985e</load_address>
         <run_address>0x985e</run_address>
         <size>0xcf</size>
         <input_file_ref idref="fl-a"/>
      </object_component>
      <object_component id="oc-f8">
         <name>.debug_info</name>
         <load_address>0x992d</load_address>
         <run_address>0x992d</run_address>
         <size>0x1900</size>
         <input_file_ref idref="fl-a"/>
      </object_component>
      <object_component id="oc-10a">
         <name>.debug_info</name>
         <load_address>0xb22d</load_address>
         <run_address>0xb22d</run_address>
         <size>0xd00</size>
         <input_file_ref idref="fl-b"/>
      </object_component>
      <object_component id="oc-ac">
         <name>.debug_info</name>
         <load_address>0xbf2d</load_address>
         <run_address>0xbf2d</run_address>
         <size>0x36a</size>
         <input_file_ref idref="fl-b"/>
      </object_component>
      <object_component id="oc-83">
         <name>.debug_info</name>
         <load_address>0xc297</load_address>
         <run_address>0xc297</run_address>
         <size>0x349</size>
         <input_file_ref idref="fl-c"/>
      </object_component>
      <object_component id="oc-27">
         <name>.debug_info</name>
         <load_address>0xc5e0</load_address>
         <run_address>0xc5e0</run_address>
         <size>0xf5</size>
         <input_file_ref idref="fl-c"/>
      </object_component>
      <object_component id="oc-6b">
         <name>.debug_info</name>
         <load_address>0xc6d5</load_address>
         <run_address>0xc6d5</run_address>
         <size>0x1bc</size>
         <input_file_ref idref="fl-c"/>
      </object_component>
      <object_component id="oc-161">
         <name>.debug_info</name>
         <load_address>0xc891</load_address>
         <run_address>0xc891</run_address>
         <size>0xee</size>
         <input_file_ref idref="fl-d"/>
      </object_component>
      <object_component id="oc-be">
         <name>.debug_info</name>
         <load_address>0xc97f</load_address>
         <run_address>0xc97f</run_address>
         <size>0x260</size>
         <input_file_ref idref="fl-d"/>
      </object_component>
      <object_component id="oc-107">
         <name>.debug_info</name>
         <load_address>0xcbdf</load_address>
         <run_address>0xcbdf</run_address>
         <size>0x983</size>
         <input_file_ref idref="fl-e"/>
      </object_component>
      <object_component id="oc-104">
         <name>.debug_info</name>
         <load_address>0xd562</load_address>
         <run_address>0xd562</run_address>
         <size>0x1a5</size>
         <input_file_ref idref="fl-e"/>
      </object_component>
      <object_component id="oc-7d">
         <name>.debug_info</name>
         <load_address>0xd707</load_address>
         <run_address>0xd707</run_address>
         <size>0x41d</size>
         <input_file_ref idref="fl-e"/>
      </object_component>
      <object_component id="oc-26b">
         <name>.debug_info</name>
         <load_address>0xdb24</load_address>
         <run_address>0xdb24</run_address>
         <size>0x90f</size>
         <input_file_ref idref="fl-11"/>
      </object_component>
      <object_component id="oc-268">
         <name>.debug_info</name>
         <load_address>0xe433</load_address>
         <run_address>0xe433</run_address>
         <size>0xf3</size>
         <input_file_ref idref="fl-11"/>
      </object_component>
      <object_component id="oc-fe">
         <name>.debug_info</name>
         <load_address>0xe526</load_address>
         <run_address>0xe526</run_address>
         <size>0x390</size>
         <input_file_ref idref="fl-11"/>
      </object_component>
      <object_component id="oc-110">
         <name>.debug_info</name>
         <load_address>0xe8b6</load_address>
         <run_address>0xe8b6</run_address>
         <size>0x8ba</size>
         <input_file_ref idref="fl-14"/>
      </object_component>
      <object_component id="oc-248">
         <name>.debug_info</name>
         <load_address>0xf170</load_address>
         <run_address>0xf170</run_address>
         <size>0x243</size>
         <input_file_ref idref="fl-15"/>
      </object_component>
      <object_component id="oc-311">
         <name>.debug_info</name>
         <load_address>0xf3b3</load_address>
         <run_address>0xf3b3</run_address>
         <size>0x270</size>
         <input_file_ref idref="fl-16"/>
      </object_component>
      <object_component id="oc-1f0">
         <name>.debug_info</name>
         <load_address>0xf623</load_address>
         <run_address>0xf623</run_address>
         <size>0x48b</size>
         <input_file_ref idref="fl-16"/>
      </object_component>
      <object_component id="oc-3e4">
         <name>.debug_info</name>
         <load_address>0xfaae</load_address>
         <run_address>0xfaae</run_address>
         <size>0xcc</size>
         <input_file_ref idref="fl-16"/>
      </object_component>
      <object_component id="oc-1e6">
         <name>.debug_info</name>
         <load_address>0xfb7a</load_address>
         <run_address>0xfb7a</run_address>
         <size>0x53</size>
         <input_file_ref idref="fl-16"/>
      </object_component>
      <object_component id="oc-3c3">
         <name>.debug_info</name>
         <load_address>0xfbcd</load_address>
         <run_address>0xfbcd</run_address>
         <size>0x6cb</size>
         <input_file_ref idref="fl-17"/>
      </object_component>
      <object_component id="oc-2d7">
         <name>.debug_info</name>
         <load_address>0x10298</load_address>
         <run_address>0x10298</run_address>
         <size>0x48b</size>
         <input_file_ref idref="fl-17"/>
      </object_component>
      <object_component id="oc-4a2">
         <name>.debug_info</name>
         <load_address>0x10723</load_address>
         <run_address>0x10723</run_address>
         <size>0x76</size>
         <input_file_ref idref="fl-17"/>
      </object_component>
      <object_component id="oc-4a7">
         <name>.debug_info</name>
         <load_address>0x10799</load_address>
         <run_address>0x10799</run_address>
         <size>0x39</size>
         <input_file_ref idref="fl-17"/>
      </object_component>
      <object_component id="oc-3d1">
         <name>.debug_info</name>
         <load_address>0x107d2</load_address>
         <run_address>0x107d2</run_address>
         <size>0x109</size>
         <input_file_ref idref="fl-17"/>
      </object_component>
      <object_component id="oc-2c8">
         <name>.debug_info</name>
         <load_address>0x108db</load_address>
         <run_address>0x108db</run_address>
         <size>0x4f</size>
         <input_file_ref idref="fl-17"/>
      </object_component>
      <object_component id="oc-2e6">
[...]
         <value>0x707b</value>
         <object_component_ref idref="oc-416"/>
      </symbol>
      <symbol id="sm-d0f">
         <name>__aeabi_cdcmpeq</name>
         <value>0x85dd</value>
         <object_component_ref idref="oc-326"/>
      </symbol>
      <symbol id="sm-d10">
         <name>__aeabi_cdcmple</name>
         <value>0x85dd</value>
         <object_component_ref idref="oc-326"/>
      </symbol>
      <symbol id="sm-d11">
         <name>__aeabi_cdrcmple</name>
         <value>0x8663</value>
         <object_component_ref idref="oc-401"/>
      </symbol>
      <symbol id="sm-d25">
         <name>__aeabi_ddiv</name>
         <value>0x74ad</value>
         <object_component_ref idref="oc-3fc"/>
      </symbol>
      <symbol id="sm-d30">
         <name>__aeabi_dmul</name>
         <value>0x7d99</value>
         <object_component_ref idref="oc-3f7"/>
      </symbol>
      <symbol id="sm-d3a">
         <name>__aeabi_d2iz</name>
         <value>0x8f4d</value>
         <object_component_ref idref="oc-406"/>
      </symbol>
      <symbol id="sm-d44">
         <name>__aeabi_i2d</name>
         <value>0x9295</value>
         <object_component_ref idref="oc-411"/>
      </symbol>
      <symbol id="sm-d5f">
         <name>memcpy</name>
         <value>0x84ab</value>
         <object_component_ref idref="oc-3a"/>
      </symbol>
      <symbol id="sm-d60">
         <name>__aeabi_memcpy</name>
         <value>0x84ab</value>
         <object_component_ref idref="oc-3a"/>
      </symbol>
      <symbol id="sm-d61">
         <name>__aeabi_memcpy8</name>
         <value>0x84ab</value>
         <object_component_ref idref="oc-3a"/>
      </symbol>
      <symbol id="sm-d62">
         <name>__aeabi_memcpy4</name>
         <value>0x84ab</value>
         <object_component_ref idref="oc-3a"/>
      </symbol>
      <symbol id="sm-d70">
         <name>__aeabi_uldivmod</name>
         <value>0x8547</value>
         <object_component_ref idref="oc-3f0"/>
      </symbol>
      <symbol id="sm-d7f">
         <name>__aeabi_memset</name>
         <value>0x8767</value>
         <object_component_ref idref="oc-9f"/>
      </symbol>
      <symbol id="sm-d80">
         <name>memset</name>
         <value>0x876d</value>
         <object_component_ref idref="oc-9f"/>
      </symbol>
      <symbol id="sm-d81">
         <name>__aeabi_memset8</name>
         <value>0x8767</value>
         <object_component_ref idref="oc-9f"/>
      </symbol>
      <symbol id="sm-d82">
         <name>__aeabi_memset4</name>
         <value>0x8767</value>
         <object_component_ref idref="oc-9f"/>
      </symbol>
      <symbol id="sm-d83">
         <name>__aeabi_memclr8</name>
         <value>0x8765</value>
         <object_component_ref idref="oc-9f"/>
      </symbol>
      <symbol id="sm-d84">
         <name>__aeabi_memclr4</name>
         <value>0x8765</value>
         <object_component_ref idref="oc-9f"/>
      </symbol>
      <symbol id="sm-d85">
         <name>__aeabi_memclr</name>
         <value>0x8765</value>
         <object_component_ref idref="oc-9f"/>
      </symbol>
      <symbol id="sm-d97">
         <name>__TI_zero_init</name>
         <value>0x949b</value>
         <object_component_ref idref="oc-4c"/>
      </symbol>
      <symbol id="sm-dae">
         <name>__TI_decompress_none</name>
         <value>0x947f</value>
         <object_component_ref idref="oc-1d"/>
      </symbol>
      <symbol id="sm-dd1">
         <name>__TI_decompress_lzss</name>
         <value>0x8a09</value>
         <object_component_ref idref="oc-17"/>
      </symbol>
      <symbol id="sm-df7">
         <name>C$$EXIT</name>
         <value>0x94cd</value>
         <object_component_ref idref="oc-16e"/>
      </symbol>
      <symbol id="sm-df8">
         <name>abort</name>
         <value>0x94cd</value>
         <object_component_ref idref="oc-16e"/>
      </symbol>
      <symbol id="sm-df9">
         <name>__TI_dtors_ptr</name>
         <value>0x200089c8</value>
         <object_component_ref idref="oc-2aa"/>
      </symbol>
      <symbol id="sm-dfa">
         <name>__TI_cleanup_ptr</name>
         <value>0x200089c4</value>
         <object_component_ref idref="oc-2aa"/>
      </symbol>
      <symbol id="sm-dfb">
         <name>__TI_enable_exit_profile_output</name>
         <value>0x200089cc</value>
         <object_component_ref idref="oc-2aa"/>
      </symbol>
      <symbol id="sm-dfc">
         <name>exit</name>
         <value>0x8f05</value>
         <object_component_ref idref="oc-174"/>
      </symbol>
      <symbol id="sm-e11">
         <name>_nop</name>
         <value>0x5093</value>
         <object_component_ref idref="oc-365"/>
      </symbol>
      <symbol id="sm-e12">
         <name>_lock</name>
         <value>0x200089dc</value>
         <object_component_ref idref="oc-214"/>
      </symbol>
      <symbol id="sm-e13">
         <name>_unlock</name>
         <value>0x200089e0</value>
         <object_component_ref idref="oc-214"/>
      </symbol>
      <symbol id="sm-e22">
         <name>__TI_ltoa</name>
         <value>0x8dc7</value>
         <object_component_ref idref="oc-40b"/>
      </symbol>
      <symbol id="sm-e38">
         <name>atoi</name>
         <value>0x8eb9</value>
         <object_component_ref idref="oc-31a"/>
      </symbol>
      <symbol id="sm-e43">
         <name>_ctypes_</name>
         <value>0x9cd0</value>
         <object_component_ref idref="oc-3eb"/>
      </symbol>
      <symbol id="sm-e58">
         <name>__TI_tmpnams</name>
         <value>0x200081e8</value>
      </symbol>
      <symbol id="sm-e59">
         <name>__aeabi_stdout</name>
         <value>0x200089bc</value>
         <object_component_ref idref="oc-569"/>
      </symbol>
      <symbol id="sm-e5a">
         <name>__aeabi_stderr</name>
         <value>0x200089c0</value>
         <object_component_ref idref="oc-569"/>
      </symbol>
      <symbol id="sm-e5b">
         <name>__aeabi_stdin</name>
         <value>0x200089b8</value>
         <object_component_ref idref="oc-569"/>
      </symbol>
      <symbol id="sm-e5c">
         <name>_ftable</name>
         <value>0x20008770</value>
         <object_component_ref idref="oc-217"/>
      </symbol>
      <symbol id="sm-e5d">
         <name>__TI_ft_end</name>
         <value>0x200089b4</value>
         <object_component_ref idref="oc-569"/>
      </symbol>
      <symbol id="sm-e6d">
         <name>memccpy</name>
         <value>0x93c9</value>
         <object_component_ref idref="oc-343"/>
      </symbol>
      <symbol id="sm-e7d">
         <name>memchr</name>
         <value>0x938d</value>
         <object_component_ref idref="oc-473"/>
      </symbol>
      <symbol id="sm-f06">
         <name>_sys_memory</name>
         <value>0x20008370</value>
         <object_component_ref idref="oc-29"/>
      </symbol>
      <symbol id="sm-f07">
         <name>free</name>
         <value>0x8079</value>
         <object_component_ref idref="oc-51a"/>
      </symbol>
      <symbol id="sm-f08">
         <name>memalign</name>
         <value>0x7c99</value>
         <object_component_ref idref="oc-55c"/>
      </symbol>
      <symbol id="sm-f09">
         <name>malloc</name>
         <value>0x94b9</value>
         <object_component_ref idref="oc-520"/>
      </symbol>
      <symbol id="sm-f0a">
         <name>aligned_alloc</name>
         <value>0x7c99</value>
         <object_component_ref idref="oc-55c"/>
      </symbol>
      <symbol id="sm-f2f">
         <name>rand</name>
         <value>0x9231</value>
         <object_component_ref idref="oc-240"/>
      </symbol>
      <symbol id="sm-f30">
         <name>srand</name>
         <value>0x9369</value>
         <object_component_ref idref="oc-23a"/>
      </symbol>
      <symbol id="sm-f40">
         <name>strchr</name>
         <value>0x942f</value>
         <object_component_ref idref="oc-442"/>
      </symbol>
      <symbol id="sm-f4e">
         <name>strlen</name>
         <value>0x9459</value>
         <object_component_ref idref="oc-314"/>
      </symbol>
      <symbol id="sm-f64">
         <name>__aeabi_errno_addr</name>
         <value>0x94b1</value>
         <object_component_ref idref="oc-34f"/>
      </symbol>
      <symbol id="sm-f65">
         <name>errno</name>
         <value>0x200089fc</value>
         <object_component_ref idref="oc-452"/>
      </symbol>
      <symbol id="sm-f78">
         <name>__stack</name>
         <value>0x2000fe00</value>
         <object_component_ref idref="oc-2c"/>
      </symbol>
      <symbol id="sm-f79">
         <name>_c_int00_noargs</name>
         <value>0x91fd</value>
         <object_component_ref idref="oc-58"/>
      </symbol>
      <symbol id="sm-f93">
         <name>write</name>
         <value>0x9341</value>
         <object_component_ref idref="oc-47f"/>
      </symbol>
      <symbol id="sm-fa4">
         <name>_stream</name>
         <value>0x200088d8</value>
         <object_component_ref idref="oc-4fa"/>
      </symbol>
      <symbol id="sm-fa5">
         <name>_device</name>
         <value>0x20008860</value>
         <object_component_ref idref="oc-539"/>
      </symbol>
      <symbol id="sm-fb5">
         <name>__TI_doflush</name>
         <value>0x8e6d</value>
         <object_component_ref idref="oc-479"/>
      </symbol>
      <symbol id="sm-fc5">
         <name>__TI_cleanup</name>
         <value>0x9195</value>
         <object_component_ref idref="oc-526"/>
      </symbol>
      <symbol id="sm-fd7">
         <name>fseek</name>
         <value>0x8b3d</value>
         <object_component_ref idref="oc-4e8"/>
      </symbol>
      <symbol id="sm-fe1">
         <name>copysign</name>
         <value>0x93e5</value>
         <object_component_ref idref="oc-4cc"/>
      </symbol>
      <symbol id="sm-fe2">
         <name>copysignl</name>
         <value>0x93e5</value>
         <object_component_ref idref="oc-4cc"/>
      </symbol>
      <symbol id="sm-fec">
         <name>__aeabi_idiv0</name>
         <value>0x7227</value>
         <object_component_ref idref="oc-4b3"/>
      </symbol>
      <symbol id="sm-fed">
         <name>__aeabi_ldiv0</name>
         <value>0x7227</value>
         <object_component_ref idref="oc-4b3"/>
      </symbol>
      <symbol id="sm-1015">
         <name>__TI_auto_init_nobinit_nopinit</name>
         <value>0x901d</value>
         <object_component_ref idref="oc-17a"/>
      </symbol>
      <symbol id="sm-101f">
         <name>_system_pre_init</name>
         <value>0x94c9</value>
         <object_component_ref idref="oc-a5"/>
      </symbol>
      <symbol id="sm-1032">
         <name>HOSTclose</name>
         <value>0x8f95</value>
         <object_component_ref idref="oc-575"/>
      </symbol>
      <symbol id="sm-1043">
         <name>HOSTlseek</name>
         <value>0x89a1</value>
         <object_component_ref idref="oc-587"/>
      </symbol>
      <symbol id="sm-1055">
         <name>parmbuf</name>
         <value>0x2000834c</value>
      </symbol>
      <symbol id="sm-1056">
         <name>HOSTopen</name>
         <value>0x8c05</value>
         <object_component_ref idref="oc-56f"/>
      </symbol>
      <symbol id="sm-1067">
         <name>HOSTread</name>
         <value>0x8cc1</value>
         <object_component_ref idref="oc-57b"/>
      </symbol>
      <symbol id="sm-1078">
         <name>HOSTrename</name>
         <value>0x8935</value>
         <object_component_ref idref="oc-593"/>
      </symbol>
      <symbol id="sm-1089">
         <name>HOSTunlink</name>
         <value>0x8fd9</value>
         <object_component_ref idref="oc-58d"/>
      </symbol>
      <symbol id="sm-109a">
         <name>HOSTwrite</name>
         <value>0x8d19</value>
         <object_component_ref idref="oc-581"/>
      </symbol>
      <symbol id="sm-10be">
         <name>__TI_readmsg</name>
         <value>0x91c9</value>
         <object_component_ref idref="oc-5c2"/>
      </symbol>
      <symbol id="sm-10bf">
         <name>C$$IO$$</name>
         <value>0x9153</value>
         <object_component_ref idref="oc-5bc"/>
      </symbol>
      <symbol id="sm-10c0">
         <name>__CIOBUF_</name>
         <value>0x20008000</value>
         <object_component_ref idref="oc-5ed"/>
      </symbol>
      <symbol id="sm-10c1">
         <name>__TI_writemsg</name>
         <value>0x9125</value>
         <object_component_ref idref="oc-5bc"/>
      </symbol>
      <symbol id="sm-10d2">
         <name>lseek</name>
         <value>0x9319</value>
         <object_component_ref idref="oc-512"/>
      </symbol>
      <symbol id="sm-10e7">
         <name>__TI_closefile</name>
         <value>0x87e1</value>
         <object_component_ref idref="oc-563"/>
      </symbol>
      <symbol id="sm-110a">
         <name>finddevice</name>
         <value>0x9265</value>
         <object_component_ref idref="oc-60b"/>
      </symbol>
      <symbol id="sm-110b">
         <name>getdevice</name>
         <value>0x9061</value>
         <object_component_ref idref="oc-5e3"/>
      </symbol>
      <symbol id="sm-111a">
         <name>strcmp</name>
         <value>0x9417</value>
         <object_component_ref idref="oc-622"/>
      </symbol>
      <symbol id="sm-1128">
         <name>strcpy</name>
         <value>0x9445</value>
         <object_component_ref idref="oc-5d6"/>
      </symbol>
      <symbol id="sm-1138">
         <name>strncpy</name>
         <value>0x915d</value>
         <object_component_ref idref="oc-605"/>
      </symbol>
      <symbol id="sm-114d">
         <name>close</name>
         <value>0x8c65</value>
         <object_component_ref idref="oc-5ab"/>
      </symbol>
      <symbol id="sm-115d">
         <name>unlink</name>
         <value>0x92c5</value>
         <object_component_ref idref="oc-5b1"/>
      </symbol>
      <symbol id="sm-115e">
         <name>__TI_static_base__</name>
         <value>0x0</value>
      </symbol>
      <symbol id="sm-1161">
         <name>__mpu_init</name>
         <value>0x0</value>
      </symbol>
      <symbol id="sm-1162">
         <name>_system_post_cinit</name>
         <value>0x0</value>
      </symbol>
      <symbol id="sm-1163">
         <name>NMI_Handler</name>
         <value>0x9499</value>
      </symbol>
      <symbol id="sm-1164">
         <name>HardFault_Handler</name>
         <value>0x9499</value>
      </symbol>
      <symbol id="sm-1165">
         <name>MemManage_Handler</name>
         <value>0x9499</value>
      </symbol>
      <symbol id="sm-1166">
         <name>BusFault_Handler</name>
         <value>0x9499</value>
      </symbol>
      <symbol id="sm-1167">
         <name>UsageFault_Handler</name>
         <value>0x9499</value>
      </symbol>
      <symbol id="sm-1168">
         <name>SVC_Handler</name>
         <value>0x9499</value>
      </symbol>
      <symbol id="sm-1169">
         <name>DebugMon_Handler</name>
         <value>0x9499</value>
      </symbol>
      <symbol id="sm-116a">
         <name>PendSV_Handler</name>
         <value>0x9499</value>
      </symbol>
      <symbol id="sm-116b">
         <name>SysTick_Handler</name>
         <value>0x9499</value>
      </symbol>
      <symbol id="sm-116c">
         <name>PSS_IRQHandler</name>
         <value>0x9499</value>
      </symbol>
      <symbol id="sm-116d">
         <name>CS_IRQHandler</name>
         <value>0x9499</value>
      </symbol>
      <symbol id="sm-116e">
         <name>PCM_IRQHandler</name>
         <value>0x9499</value>
      </symbol>
      <symbol id="sm-116f">
         <name>WDT_A_IRQHandler</name>
         <value>0x9499</value>
      </symbol>
      <symbol id="sm-1170">
         <name>FPU_IRQHandler</name>
         <value>0x9499</value>
      </symbol>
      <symbol id="sm-1171">
         <name>FLCTL_IRQHandler</name>
         <value>0x9499</value>
      </symbol>
      <symbol id="sm-1172">
         <name>COMP_E0_IRQHandler</name>
         <value>0x9499</value>
      </symbol>
      <symbol id="sm-1173">
         <name>COMP_E1_IRQHandler</name>
         <value>0x9499</value>
      </symbol>
      <symbol id="sm-1174">
         <name>TA0_0_IRQHandler</name>
         <value>0x9499</value>
      </symbol>
      <symbol id="sm-1175">
         <name>TA0_N_IRQHandler</name>
         <value>0x9499</value>
      </symbol>
      <symbol id="sm-1176">
         <name>TA1_0_IRQHandler</name>
         <value>0x9499</value>
      </symbol>
      <symbol id="sm-1177">
         <name>TA1_N_IRQHandler</name>
         <value>0x9499</value>
      </symbol>
      <symbol id="sm-1178">
         <name>TA2_0_IRQHandler</name>
         <value>0x9499</value>
      </symbol>
      <symbol id="sm-1179">
         <name>TA2_N_IRQHandler</name>
         <value>0x9499</value>
      </symbol>
      <symbol id="sm-117a">
         <name>TA3_0_IRQHandler</name>
         <value>0x9499</value>
      </symbol>
      <symbol id="sm-117b">
         <name>TA3_N_IRQHandler</name>
         <value>0x9499</value>
      </symbol>
      <symbol id="sm-117c">
         <name>EUSCIA0_IRQHandler</name>
         <value>0x9499</value>
      </symbol>
      <symbol id="sm-117d">
         <name>EUSCIA1_IRQHandler</name>
         <value>0x9499</value>
      </symbol>
      <symbol id="sm-117e">
         <name>EUSCIA2_IRQHandler</name>
         <value>0x9499</value>
      </symbol>
      <symbol id="sm-117f">
         <name>EUSCIA3_IRQHandler</name>
         <value>0x9499</value>
      </symbol>
      <symbol id="sm-1180">
         <name>EUSCIB0_IRQHandler</name>
         <value>0x9499</value>
      </symbol>
      <symbol id="sm-1181">
         <name>EUSCIB1_IRQHandler</name>
         <value>0x9499</value>
      </symbol>
      <symbol id="sm-1182">
         <name>EUSCIB2_IRQHandler</name>
         <value>0x9499</value>
      </symbol>
      <symbol id="sm-1183">
         <name>EUSCIB3_IRQHandler</name>
         <value>0x9499</value>
      </symbol>
      <symbol id="sm-1184">
         <name>ADC14_IRQHandler</name>
         <value>0x698d</value>
      </symbol>
      <symbol id="sm-1185">
         <name>T32_INT1_IRQHandler</name>
         <value>0x9499</value>
      </symbol>
      <symbol id="sm-1186">
         <name>T32_INT2_IRQHandler</name>
         <value>0x9499</value>
      </symbol>
      <symbol id="sm-1187">
         <name>T32_INTC_IRQHandler</name>
         <value>0x9499</value>
      </symbol>
      <symbol id="sm-1188">
         <name>AES256_IRQHandler</name>
         <value>0x9499</value>
      </symbol>
      <symbol id="sm-1189">
         <name>RTC_C_IRQHandler</name>
         <value>0x9499</value>
      </symbol>
      <symbol id="sm-118a">
         <name>DMA_ERR_IRQHandler</name>
         <value>0x9499</value>
      </symbol>
      <symbol id="sm-118b">
         <name>DMA_INT3_IRQHandler</name>
         <value>0x9499</value>
      </symbol>
      <symbol id="sm-118c">
         <name>DMA_INT2_IRQHandler</name>
         <value>0x9499</value>
      </symbol>
      <symbol id="sm-118d">
         <name>DMA_INT1_IRQHandler</name>
         <value>0x9499</value>
      </symbol>
      <symbol id="sm-118e">
         <name>DMA_INT0_IRQHandler</name>
         <value>0x9499</value>
      </symbol>
      <symbol id="sm-118f">
         <name>PORT1_IRQHandler</name>
         <value>0x9499</value>
      </symbol>
      <symbol id="sm-1190">
         <name>PORT2_IRQHandler</name>
         <value>0x9499</value>
      </symbol>
      <symbol id="sm-1191">
         <name>PORT3_IRQHandler</name>
         <value>0x9499</value>
      </symbol>
      <symbol id="sm-1192">
         <name>PORT4_IRQHandler</name>
         <value>0x9499</value>
      </symbol>
      <symbol id="sm-1193">
         <name>PORT5_IRQHandler</name>
         <value>0x9499</value>
      </symbol>
      <symbol id="sm-1194">
         <name>PORT6_IRQHandler</name>
         <value>0x9499</value>
      </symbol>
      <symbol id="sm-1195">
         <name>remove</name>
         <value>0x92c5</value>
      </symbol>
   </symbol_table>
   <title>Link successful</title>
</link_info>
