<?xml version="1.0" encoding="ISO-8859-1" ?>
<link_info>
   <banner>TI ARM Linker PC v20.2.5.LTS</banner>
   <copyright>Copyright (c) 1996-2018 Texas Instruments Incorporated</copyright>
   <link_time>0x61a7fa01</link_time>
   <link_errors>0x0</link_errors>
   <output_file>Project1.out</output_file>
   <entry_point>
      <name>_c_int00_noargs</name>
      <address>0x8515</address>
   </entry_point>
   <input_file_list>
      <input_file id="fl-2">
         <path>.\</path>
         <kind>object</kind>
         <file>image.obj</file>
         <name>image.obj</name>
      </input_file>
      <input_file id="fl-3">
         <path>.\</path>
         <kind>object</kind>
         <file>lcd.obj</file>
         <name>lcd.obj</name>
      </input_file>
      <input_file id="fl-4">
         <path>.\</path>
         <kind>object</kind>
         <file>main.obj</file>
         <name>main.obj</name>
      </input_file>
      <input_file id="fl-5">
         <path>.\</path>
         <kind>object</kind>
         <file>startup_msp432p401r_ccs.obj</file>
         <name>startup_msp432p401r_ccs.obj</name>
      </input_file>
      <input_file id="fl-6">
         <path>.\</path>
         <kind>object</kind>
         <file>system_msp432p401r.obj</file>
         <name>system_msp432p401r.obj</name>
      </input_file>
      <input_file id="fl-7">
         <path>.\</path>
         <kind>object</kind>
         <file>task_console.obj</file>
         <name>task_console.obj</name>
      </input_file>
      <input_file id="fl-8">
         <path>.\</path>
         <kind>object</kind>
         <file>task_joystick.obj</file>
         <name>task_joystick.obj</name>
      </input_file>
      <input_file id="fl-9">
         <path>.\FreeRTOS\</path>
         <kind>object</kind>
         <file>croutine.obj</file>
         <name>croutine.obj</name>
      </input_file>
      <input_file id="fl-a">
         <path>.\FreeRTOS\</path>
         <kind>object</kind>
         <file>event_groups.obj</file>
         <name>event_groups.obj</name>
      </input_file>
      <input_file id="fl-b">
         <path>.\FreeRTOS\</path>
         <kind>object</kind>
         <file>heap_4.obj</file>
         <name>heap_4.obj</name>
      </input_file>
      <input_file id="fl-c">
         <path>.\FreeRTOS\</path>
         <kind>object</kind>
         <file>list.obj</file>
         <name>list.obj</name>
      </input_file>
      <input_file id="fl-d">
         <path>.\FreeRTOS\</path>
         <kind>object</kind>
         <file>queue.obj</file>
         <name>queue.obj</name>
      </input_file>
      <input_file id="fl-e">
         <path>.\FreeRTOS\</path>
         <kind>object</kind>
         <file>stream_buffer.obj</file>
         <name>stream_buffer.obj</name>
      </input_file>
      <input_file id="fl-f">
         <path>.\FreeRTOS\</path>
         <kind>object</kind>
         <file>tasks.obj</file>
         <name>tasks.obj</name>
      </input_file>
      <input_file id="fl-10">
         <path>.\FreeRTOS\</path>
         <kind>object</kind>
         <file>timers.obj</file>
         <name>timers.obj</name>
      </input_file>
      <input_file id="fl-11">
         <path>.\FreeRTOS\portable\</path>
         <kind>object</kind>
         <file>port.obj</file>
         <name>port.obj</name>
      </input_file>
      <input_file id="fl-12">
         <path>.\FreeRTOS\portable\</path>
         <kind>object</kind>
         <file>portasm.obj</file>
         <name>portasm.obj</name>
      </input_file>
      <input_file id="fl-17">
         <kind>object</kind>
         <file>&lt;internal&gt;</file>
         <name>&lt;internal&gt;</name>
      </input_file>
      <input_file id="fl-18">
         <path>..\</path>
         <kind>archive</kind>
         <file>ece353_staff.lib</file>
         <name>ece353_staff.obj</name>
      </input_file>
      <input_file id="fl-ce">
         <path>C:\ti\ccs\ccs\tools\compiler\ti-cgt-arm_20.2.5.LTS\lib\</path>
         <kind>archive</kind>
         <file>rtsv7M4_T_le_v4SPD16_eabi.lib</file>
         <name>printf.c.obj</name>
      </input_file>
      <input_file id="fl-cf">
         <path>C:\ti\ccs\ccs\tools\compiler\ti-cgt-arm_20.2.5.LTS\lib\</path>
         <kind>archive</kind>
         <file>rtsv7M4_T_le_v4SPD16_eabi.lib</file>
         <name>_printfi.c.obj</name>
      </input_file>
      <input_file id="fl-d0">
         <path>C:\ti\ccs\ccs\tools\compiler\ti-cgt-arm_20.2.5.LTS\lib\</path>
         <kind>archive</kind>
         <file>rtsv7M4_T_le_v4SPD16_eabi.lib</file>
         <name>fputs.c.obj</name>
      </input_file>
      <input_file id="fl-d1">
         <path>C:\ti\ccs\ccs\tools\compiler\ti-cgt-arm_20.2.5.LTS\lib\</path>
         <kind>archive</kind>
         <file>rtsv7M4_T_le_v4SPD16_eabi.lib</file>
         <name>_io_perm.c.obj</name>
      </input_file>
      <input_file id="fl-d2">
         <path>C:\ti\ccs\ccs\tools\compiler\ti-cgt-arm_20.2.5.LTS\lib\</path>
         <kind>archive</kind>
         <file>rtsv7M4_T_le_v4SPD16_eabi.lib</file>
         <name>setvbuf.c.obj</name>
      </input_file>
      <input_file id="fl-d3">
         <path>C:\ti\ccs\ccs\tools\compiler\ti-cgt-arm_20.2.5.LTS\lib\</path>
         <kind>archive</kind>
         <file>rtsv7M4_T_le_v4SPD16_eabi.lib</file>
         <name>s_frexp.c.obj</name>
      </input_file>
      <input_file id="fl-d4">
         <path>C:\ti\ccs\ccs\tools\compiler\ti-cgt-arm_20.2.5.LTS\lib\</path>
         <kind>archive</kind>
         <file>rtsv7M4_T_le_v4SPD16_eabi.lib</file>
         <name>s_scalbn.c.obj</name>
      </input_file>
      <input_file id="fl-d5">
         <path>C:\ti\ccs\ccs\tools\compiler\ti-cgt-arm_20.2.5.LTS\lib\</path>
         <kind>archive</kind>
         <file>rtsv7M4_T_le_v4SPD16_eabi.lib</file>
         <name>wcslen.c.obj</name>
      </input_file>
      <input_file id="fl-d6">
         <path>C:\ti\ccs\ccs\tools\compiler\ti-cgt-arm_20.2.5.LTS\lib\</path>
         <kind>archive</kind>
         <file>rtsv7M4_T_le_v4SPD16_eabi.lib</file>
         <name>fd_add_t2.asm.obj</name>
      </input_file>
      <input_file id="fl-d7">
         <path>C:\ti\ccs\ccs\tools\compiler\ti-cgt-arm_20.2.5.LTS\lib\</path>
         <kind>archive</kind>
         <file>rtsv7M4_T_le_v4SPD16_eabi.lib</file>
         <name>fd_cmp_t2.asm.obj</name>
      </input_file>
      <input_file id="fl-d8">
         <path>C:\ti\ccs\ccs\tools\compiler\ti-cgt-arm_20.2.5.LTS\lib\</path>
         <kind>archive</kind>
         <file>rtsv7M4_T_le_v4SPD16_eabi.lib</file>
         <name>fd_div_t2.asm.obj</name>
      </input_file>
      <input_file id="fl-d9">
         <path>C:\ti\ccs\ccs\tools\compiler\ti-cgt-arm_20.2.5.LTS\lib\</path>
         <kind>archive</kind>
         <file>rtsv7M4_T_le_v4SPD16_eabi.lib</file>
         <name>fd_mul_t2.asm.obj</name>
      </input_file>
      <input_file id="fl-da">
         <path>C:\ti\ccs\ccs\tools\compiler\ti-cgt-arm_20.2.5.LTS\lib\</path>
         <kind>archive</kind>
         <file>rtsv7M4_T_le_v4SPD16_eabi.lib</file>
         <name>fd_toi_t2.asm.obj</name>
      </input_file>
      <input_file id="fl-db">
         <path>C:\ti\ccs\ccs\tools\compiler\ti-cgt-arm_20.2.5.LTS\lib\</path>
         <kind>archive</kind>
         <file>rtsv7M4_T_le_v4SPD16_eabi.lib</file>
         <name>i_tofd_t2.asm.obj</name>
      </input_file>
      <input_file id="fl-dc">
         <path>C:\ti\ccs\ccs\tools\compiler\ti-cgt-arm_20.2.5.LTS\lib\</path>
         <kind>archive</kind>
         <file>rtsv7M4_T_le_v4SPD16_eabi.lib</file>
         <name>memcpy_t2.asm.obj</name>
      </input_file>
      <input_file id="fl-dd">
         <path>C:\ti\ccs\ccs\tools\compiler\ti-cgt-arm_20.2.5.LTS\lib\</path>
         <kind>archive</kind>
         <file>rtsv7M4_T_le_v4SPD16_eabi.lib</file>
         <name>ull_div_t2.asm.obj</name>
      </input_file>
      <input_file id="fl-de">
         <path>C:\ti\ccs\ccs\tools\compiler\ti-cgt-arm_20.2.5.LTS\lib\</path>
         <kind>archive</kind>
         <file>rtsv7M4_T_le_v4SPD16_eabi.lib</file>
         <name>memset_t2.asm.obj</name>
      </input_file>
      <input_file id="fl-df">
         <path>C:\ti\ccs\ccs\tools\compiler\ti-cgt-arm_20.2.5.LTS\lib\</path>
         <kind>archive</kind>
         <file>rtsv7M4_T_le_v4SPD16_eabi.lib</file>
         <name>copy_zero_init.c.obj</name>
      </input_file>
      <input_file id="fl-e0">
         <path>C:\ti\ccs\ccs\tools\compiler\ti-cgt-arm_20.2.5.LTS\lib\</path>
         <kind>archive</kind>
         <file>rtsv7M4_T_le_v4SPD16_eabi.lib</file>
         <name>copy_decompress_none.c.obj</name>
      </input_file>
      <input_file id="fl-e1">
         <path>C:\ti\ccs\ccs\tools\compiler\ti-cgt-arm_20.2.5.LTS\lib\</path>
         <kind>archive</kind>
         <file>rtsv7M4_T_le_v4SPD16_eabi.lib</file>
         <name>copy_decompress_lzss.c.obj</name>
      </input_file>
      <input_file id="fl-e2">
         <path>C:\ti\ccs\ccs\tools\compiler\ti-cgt-arm_20.2.5.LTS\lib\</path>
         <kind>archive</kind>
         <file>rtsv7M4_T_le_v4SPD16_eabi.lib</file>
         <name>exit.c.obj</name>
      </input_file>
      <input_file id="fl-e3">
         <path>C:\ti\ccs\ccs\tools\compiler\ti-cgt-arm_20.2.5.LTS\lib\</path>
         <kind>archive</kind>
         <file>rtsv7M4_T_le_v4SPD16_eabi.lib</file>
         <name>_lock.c.obj</name>
      </input_file>
      <input_file id="fl-e4">
         <path>C:\ti\ccs\ccs\tools\compiler\ti-cgt-arm_20.2.5.LTS\lib\</path>
         <kind>archive</kind>
         <file>rtsv7M4_T_le_v4SPD16_eabi.lib</file>
         <name>_ltoa.c.obj</name>
      </input_file>
      <input_file id="fl-e5">
         <path>C:\ti\ccs\ccs\tools\compiler\ti-cgt-arm_20.2.5.LTS\lib\</path>
         <kind>archive</kind>
         <file>rtsv7M4_T_le_v4SPD16_eabi.lib</file>
         <name>atoi.c.obj</name>
      </input_file>
      <input_file id="fl-e6">
         <path>C:\ti\ccs\ccs\tools\compiler\ti-cgt-arm_20.2.5.LTS\lib\</path>
         <kind>archive</kind>
         <file>rtsv7M4_T_le_v4SPD16_eabi.lib</file>
         <name>ctype.c.obj</name>
      </input_file>
      <input_file id="fl-e7">
         <path>C:\ti\ccs\ccs\tools\compiler\ti-cgt-arm_20.2.5.LTS\lib\</path>
         <kind>archive</kind>
         <file>rtsv7M4_T_le_v4SPD16_eabi.lib</file>
         <name>defs.c.obj</name>
      </input_file>
      <input_file id="fl-e8">
         <path>C:\ti\ccs\ccs\tools\compiler\ti-cgt-arm_20.2.5.LTS\lib\</path>
         <kind>archive</kind>
         <file>rtsv7M4_T_le_v4SPD16_eabi.lib</file>
         <name>memccpy.c.obj</name>
      </input_file>
      <input_file id="fl-e9">
         <path>C:\ti\ccs\ccs\tools\compiler\ti-cgt-arm_20.2.5.LTS\lib\</path>
         <kind>archive</kind>
         <file>rtsv7M4_T_le_v4SPD16_eabi.lib</file>
         <name>memchr.c.obj</name>
      </input_file>
      <input_file id="fl-ea">
         <path>C:\ti\ccs\ccs\tools\compiler\ti-cgt-arm_20.2.5.LTS\lib\</path>
         <kind>archive</kind>
         <file>rtsv7M4_T_le_v4SPD16_eabi.lib</file>
         <name>memory.c.obj</name>
      </input_file>
      <input_file id="fl-eb">
         <path>C:\ti\ccs\ccs\tools\compiler\ti-cgt-arm_20.2.5.LTS\lib\</path>
         <kind>archive</kind>
         <file>rtsv7M4_T_le_v4SPD16_eabi.lib</file>
         <name>rand.c.obj</name>
      </input_file>
      <input_file id="fl-ec">
         <path>C:\ti\ccs\ccs\tools\compiler\ti-cgt-arm_20.2.5.LTS\lib\</path>
         <kind>archive</kind>
         <file>rtsv7M4_T_le_v4SPD16_eabi.lib</file>
         <name>strchr.c.obj</name>
      </input_file>
      <input_file id="fl-ed">
         <path>C:\ti\ccs\ccs\tools\compiler\ti-cgt-arm_20.2.5.LTS\lib\</path>
         <kind>archive</kind>
         <file>rtsv7M4_T_le_v4SPD16_eabi.lib</file>
         <name>strlen.c.obj</name>
      </input_file>
      <input_file id="fl-ee">
         <path>C:\ti\ccs\ccs\tools\compiler\ti-cgt-arm_20.2.5.LTS\lib\</path>
         <kind>archive</kind>
         <file>rtsv7M4_T_le_v4SPD16_eabi.lib</file>
         <name>errno.c.obj</name>
      </input_file>
      <input_file id="fl-ef">
         <path>C:\ti\ccs\ccs\tools\compiler\ti-cgt-arm_20.2.5.LTS\lib\</path>
         <kind>archive</kind>
         <file>rtsv7M4_T_le_v4SPD16_eabi.lib</file>
         <name>boot_cortex_m.c.obj</name>
      </input_file>
      <input_file id="fl-f0">
         <path>C:\ti\ccs\ccs\tools\compiler\ti-cgt-arm_20.2.5.LTS\lib\</path>
         <kind>archive</kind>
         <file>rtsv7M4_T_le_v4SPD16_eabi.lib</file>
         <name>write.c.obj</name>
      </input_file>
      <input_file id="fl-f1">
         <path>C:\ti\ccs\ccs\tools\compiler\ti-cgt-arm_20.2.5.LTS\lib\</path>
         <kind>archive</kind>
         <file>rtsv7M4_T_le_v4SPD16_eabi.lib</file>
         <name>host_device.c.obj</name>
      </input_file>
      <input_file id="fl-f2">
         <path>C:\ti\ccs\ccs\tools\compiler\ti-cgt-arm_20.2.5.LTS\lib\</path>
         <kind>archive</kind>
         <file>rtsv7M4_T_le_v4SPD16_eabi.lib</file>
         <name>time.c.obj</name>
      </input_file>
      <input_file id="fl-f3">
         <path>C:\ti\ccs\ccs\tools\compiler\ti-cgt-arm_20.2.5.LTS\lib\</path>
         <kind>archive</kind>
         <file>rtsv7M4_T_le_v4SPD16_eabi.lib</file>
         <name>fflush.c.obj</name>
      </input_file>
      <input_file id="fl-f4">
         <path>C:\ti\ccs\ccs\tools\compiler\ti-cgt-arm_20.2.5.LTS\lib\</path>
         <kind>archive</kind>
         <file>rtsv7M4_T_le_v4SPD16_eabi.lib</file>
         <name>fopen.c.obj</name>
      </input_file>
      <input_file id="fl-f5">
         <path>C:\ti\ccs\ccs\tools\compiler\ti-cgt-arm_20.2.5.LTS\lib\</path>
         <kind>archive</kind>
         <file>rtsv7M4_T_le_v4SPD16_eabi.lib</file>
         <name>fseek.c.obj</name>
      </input_file>
      <input_file id="fl-f6">
         <path>C:\ti\ccs\ccs\tools\compiler\ti-cgt-arm_20.2.5.LTS\lib\</path>
         <kind>archive</kind>
         <file>rtsv7M4_T_le_v4SPD16_eabi.lib</file>
         <name>s_copysign.c.obj</name>
      </input_file>
      <input_file id="fl-f7">
         <path>C:\ti\ccs\ccs\tools\compiler\ti-cgt-arm_20.2.5.LTS\lib\</path>
         <kind>archive</kind>
         <file>rtsv7M4_T_le_v4SPD16_eabi.lib</file>
         <name>div0.asm.obj</name>
      </input_file>
      <input_file id="fl-f8">
         <path>C:\ti\ccs\ccs\tools\compiler\ti-cgt-arm_20.2.5.LTS\lib\</path>
         <kind>archive</kind>
         <file>rtsv7M4_T_le_v4SPD16_eabi.lib</file>
         <name>autoinit.c.obj</name>
      </input_file>
      <input_file id="fl-f9">
         <path>C:\ti\ccs\ccs\tools\compiler\ti-cgt-arm_20.2.5.LTS\lib\</path>
         <kind>archive</kind>
         <file>rtsv7M4_T_le_v4SPD16_eabi.lib</file>
         <name>pre_init.c.obj</name>
      </input_file>
      <input_file id="fl-fa">
         <path>C:\ti\ccs\ccs\tools\compiler\ti-cgt-arm_20.2.5.LTS\lib\</path>
         <kind>archive</kind>
         <file>rtsv7M4_T_le_v4SPD16_eabi.lib</file>
         <name>cpy_tbl.c.obj</name>
      </input_file>
      <input_file id="fl-fb">
         <path>C:\ti\ccs\ccs\tools\compiler\ti-cgt-arm_20.2.5.LTS\lib\</path>
         <kind>archive</kind>
         <file>rtsv7M4_T_le_v4SPD16_eabi.lib</file>
         <name>args_main.c.obj</name>
      </input_file>
      <input_file id="fl-fc">
         <path>C:\ti\ccs\ccs\tools\compiler\ti-cgt-arm_20.2.5.LTS\lib\</path>
         <kind>archive</kind>
         <file>rtsv7M4_T_le_v4SPD16_eabi.lib</file>
         <name>hostclose.c.obj</name>
      </input_file>
      <input_file id="fl-fd">
         <path>C:\ti\ccs\ccs\tools\compiler\ti-cgt-arm_20.2.5.LTS\lib\</path>
         <kind>archive</kind>
         <file>rtsv7M4_T_le_v4SPD16_eabi.lib</file>
         <name>hostlseek.c.obj</name>
      </input_file>
      <input_file id="fl-fe">
         <path>C:\ti\ccs\ccs\tools\compiler\ti-cgt-arm_20.2.5.LTS\lib\</path>
         <kind>archive</kind>
         <file>rtsv7M4_T_le_v4SPD16_eabi.lib</file>
         <name>hostopen.c.obj</name>
      </input_file>
      <input_file id="fl-ff">
         <path>C:\ti\ccs\ccs\tools\compiler\ti-cgt-arm_20.2.5.LTS\lib\</path>
         <kind>archive</kind>
         <file>rtsv7M4_T_le_v4SPD16_eabi.lib</file>
         <name>hostread.c.obj</name>
      </input_file>
      <input_file id="fl-100">
         <path>C:\ti\ccs\ccs\tools\compiler\ti-cgt-arm_20.2.5.LTS\lib\</path>
         <kind>archive</kind>
         <file>rtsv7M4_T_le_v4SPD16_eabi.lib</file>
         <name>hostrename.c.obj</name>
      </input_file>
      <input_file id="fl-101">
         <path>C:\ti\ccs\ccs\tools\compiler\ti-cgt-arm_20.2.5.LTS\lib\</path>
         <kind>archive</kind>
         <file>rtsv7M4_T_le_v4SPD16_eabi.lib</file>
         <name>hosttime.c.obj</name>
      </input_file>
      <input_file id="fl-102">
         <path>C:\ti\ccs\ccs\tools\compiler\ti-cgt-arm_20.2.5.LTS\lib\</path>
         <kind>archive</kind>
         <file>rtsv7M4_T_le_v4SPD16_eabi.lib</file>
         <name>hostunlink.c.obj</name>
      </input_file>
      <input_file id="fl-103">
         <path>C:\ti\ccs\ccs\tools\compiler\ti-cgt-arm_20.2.5.LTS\lib\</path>
         <kind>archive</kind>
         <file>rtsv7M4_T_le_v4SPD16_eabi.lib</file>
         <name>hostwrite.c.obj</name>
      </input_file>
      <input_file id="fl-104">
         <path>C:\ti\ccs\ccs\tools\compiler\ti-cgt-arm_20.2.5.LTS\lib\</path>
         <kind>archive</kind>
         <file>rtsv7M4_T_le_v4SPD16_eabi.lib</file>
         <name>trgmsg.c.obj</name>
      </input_file>
      <input_file id="fl-105">
         <path>C:\ti\ccs\ccs\tools\compiler\ti-cgt-arm_20.2.5.LTS\lib\</path>
         <kind>archive</kind>
         <file>rtsv7M4_T_le_v4SPD16_eabi.lib</file>
         <name>open.c.obj</name>
      </input_file>
      <input_file id="fl-106">
         <path>C:\ti\ccs\ccs\tools\compiler\ti-cgt-arm_20.2.5.LTS\lib\</path>
         <kind>archive</kind>
         <file>rtsv7M4_T_le_v4SPD16_eabi.lib</file>
         <name>lseek.c.obj</name>
      </input_file>
      <input_file id="fl-107">
         <path>C:\ti\ccs\ccs\tools\compiler\ti-cgt-arm_20.2.5.LTS\lib\</path>
         <kind>archive</kind>
         <file>rtsv7M4_T_le_v4SPD16_eabi.lib</file>
         <name>fclose.c.obj</name>
      </input_file>
      <input_file id="fl-108">
         <path>C:\ti\ccs\ccs\tools\compiler\ti-cgt-arm_20.2.5.LTS\lib\</path>
         <kind>archive</kind>
         <file>rtsv7M4_T_le_v4SPD16_eabi.lib</file>
         <name>getdevice.c.obj</name>
      </input_file>
      <input_file id="fl-109">
         <path>C:\ti\ccs\ccs\tools\compiler\ti-cgt-arm_20.2.5.LTS\lib\</path>
         <kind>archive</kind>
         <file>rtsv7M4_T_le_v4SPD16_eabi.lib</file>
         <name>strcmp.c.obj</name>
      </input_file>
      <input_file id="fl-10a">
         <path>C:\ti\ccs\ccs\tools\compiler\ti-cgt-arm_20.2.5.LTS\lib\</path>
         <kind>archive</kind>
         <file>rtsv7M4_T_le_v4SPD16_eabi.lib</file>
         <name>strcpy.c.obj</name>
      </input_file>
      <input_file id="fl-10b">
         <path>C:\ti\ccs\ccs\tools\compiler\ti-cgt-arm_20.2.5.LTS\lib\</path>
         <kind>archive</kind>
         <file>rtsv7M4_T_le_v4SPD16_eabi.lib</file>
         <name>strncpy.c.obj</name>
      </input_file>
      <input_file id="fl-10c">
         <path>C:\ti\ccs\ccs\tools\compiler\ti-cgt-arm_20.2.5.LTS\lib\</path>
         <kind>archive</kind>
         <file>rtsv7M4_T_le_v4SPD16_eabi.lib</file>
         <name>remove.c.obj</name>
      </input_file>
      <input_file id="fl-10d">
         <path>C:\ti\ccs\ccs\tools\compiler\ti-cgt-arm_20.2.5.LTS\lib\</path>
         <kind>archive</kind>
         <file>rtsv7M4_T_le_v4SPD16_eabi.lib</file>
         <name>close.c.obj</name>
      </input_file>
      <input_file id="fl-10e">
         <path>C:\ti\ccs\ccs\tools\compiler\ti-cgt-arm_20.2.5.LTS\lib\</path>
         <kind>archive</kind>
         <file>rtsv7M4_T_le_v4SPD16_eabi.lib</file>
         <name>unlink.c.obj</name>
      </input_file>
   </input_file_list>
   <object_component_list>
      <object_component id="oc-26">
         <name>.intvecs:retain</name>
         <load_address>0x0</load_address>
         <run_address>0x0</run_address>
         <size>0xe4</size>
         <input_file_ref idref="fl-5"/>
      </object_component>
      <object_component id="oc-ca">
         <name>.text</name>
         <load_address>0xe4</load_address>
         <run_address>0xe4</run_address>
         <size>0x2810</size>
         <input_file_ref idref="fl-f"/>
      </object_component>
      <object_component id="oc-e5">
         <name>.text</name>
         <load_address>0x28f4</load_address>
         <run_address>0x28f4</run_address>
         <size>0x1124</size>
         <input_file_ref idref="fl-d"/>
      </object_component>
      <object_component id="oc-228">
         <name>.text:__TI_printfi</name>
         <load_address>0x3a18</load_address>
         <run_address>0x3a18</run_address>
         <size>0xa4e</size>
         <input_file_ref idref="fl-cf"/>
      </object_component>
      <object_component id="oc-32f">
         <name>.text:_nop</name>
         <load_address>0x4466</load_address>
         <run_address>0x4466</run_address>
         <size>0x2</size>
         <input_file_ref idref="fl-e3"/>
      </object_component>
      <object_component id="oc-123">
         <name>.text</name>
         <load_address>0x4468</load_address>
         <run_address>0x4468</run_address>
         <size>0x7b0</size>
         <input_file_ref idref="fl-3"/>
      </object_component>
      <object_component id="oc-1a7">
         <name>.text</name>
         <load_address>0x4c18</load_address>
         <run_address>0x4c18</run_address>
         <size>0x720</size>
         <input_file_ref idref="fl-10"/>
      </object_component>
      <object_component id="oc-18f">
         <name>.text</name>
         <load_address>0x5338</load_address>
         <run_address>0x5338</run_address>
         <size>0x454</size>
         <input_file_ref idref="fl-b"/>
      </object_component>
      <object_component id="oc-75">
         <name>.text</name>
         <load_address>0x578c</load_address>
         <run_address>0x578c</run_address>
         <size>0x438</size>
         <input_file_ref idref="fl-11"/>
      </object_component>
      <object_component id="oc-11d">
         <name>.text</name>
         <load_address>0x5bc4</load_address>
         <run_address>0x5bc4</run_address>
         <size>0x3a0</size>
         <input_file_ref idref="fl-18"/>
      </object_component>
      <object_component id="oc-bd">
         <name>.text</name>
         <load_address>0x5f64</load_address>
         <run_address>0x5f64</run_address>
         <size>0x354</size>
         <input_file_ref idref="fl-6"/>
      </object_component>
      <object_component id="oc-30b">
         <name>.text:_pconv_a</name>
         <load_address>0x62b8</load_address>
         <run_address>0x62b8</run_address>
         <size>0x270</size>
         <input_file_ref idref="fl-cf"/>
      </object_component>
      <object_component id="oc-2f9">
         <name>.text:_pconv_g</name>
         <load_address>0x6528</load_address>
         <run_address>0x6528</run_address>
         <size>0x1d0</size>
         <input_file_ref idref="fl-cf"/>
      </object_component>
      <object_component id="oc-7b">
         <name>.text</name>
         <load_address>0x66f8</load_address>
         <run_address>0x66f8</run_address>
         <size>0x1c4</size>
         <input_file_ref idref="fl-8"/>
      </object_component>
      <object_component id="oc-3e1">
         <name>.text</name>
         <load_address>0x68bc</load_address>
         <run_address>0x68bc</run_address>
         <size>0x1b6</size>
         <input_file_ref idref="fl-d6"/>
      </object_component>
      <object_component id="oc-472">
         <name>.text</name>
         <load_address>0x6a72</load_address>
         <run_address>0x6a72</run_address>
         <size>0x2</size>
         <input_file_ref idref="fl-f7"/>
      </object_component>
      <object_component id="oc-305">
         <name>.text:_pconv_e</name>
         <load_address>0x6a74</load_address>
         <run_address>0x6a74</run_address>
         <size>0x13c</size>
         <input_file_ref idref="fl-cf"/>
      </object_component>
      <object_component id="oc-ab">
         <name>.text</name>
         <load_address>0x6bb0</load_address>
         <run_address>0x6bb0</run_address>
         <size>0x13c</size>
         <input_file_ref idref="fl-4"/>
      </object_component>
      <object_component id="oc-3c7">
         <name>.text</name>
         <load_address>0x6cec</load_address>
         <run_address>0x6cec</run_address>
         <size>0x136</size>
         <input_file_ref idref="fl-d8"/>
      </object_component>
      <object_component id="oc-195">
         <name>.text</name>
         <load_address>0x6e22</load_address>
         <run_address>0x6e22</run_address>
         <size>0x12a</size>
         <input_file_ref idref="fl-c"/>
      </object_component>
      <object_component id="oc-3f3">
         <name>.text:fcvt</name>
         <load_address>0x6f4c</load_address>
         <run_address>0x6f4c</run_address>
         <size>0x124</size>
         <input_file_ref idref="fl-cf"/>
      </object_component>
      <object_component id="oc-33d">
         <name>.text:fputs</name>
         <load_address>0x7070</load_address>
         <run_address>0x7070</run_address>
         <size>0x114</size>
         <input_file_ref idref="fl-d0"/>
      </object_component>
      <object_component id="oc-407">
         <name>.text:scalbn</name>
         <load_address>0x7184</load_address>
         <run_address>0x7184</run_address>
         <size>0x110</size>
         <input_file_ref idref="fl-d4"/>
      </object_component>
      <object_component id="oc-51f">
         <name>.text:aligned_alloc</name>
         <load_address>0x7294</load_address>
         <run_address>0x7294</run_address>
         <size>0x100</size>
         <input_file_ref idref="fl-ea"/>
      </object_component>
      <object_component id="oc-3c2">
         <name>.text</name>
         <load_address>0x7394</load_address>
         <run_address>0x7394</run_address>
         <size>0xfc</size>
         <input_file_ref idref="fl-d9"/>
      </object_component>
      <object_component id="oc-4dd">
         <name>.text:free</name>
         <load_address>0x7490</load_address>
         <run_address>0x7490</run_address>
         <size>0xe4</size>
         <input_file_ref idref="fl-ea"/>
      </object_component>
      <object_component id="oc-4ad">
         <name>.text:setvbuf</name>
         <load_address>0x7574</load_address>
         <run_address>0x7574</run_address>
         <size>0xdc</size>
         <input_file_ref idref="fl-d2"/>
      </object_component>
      <object_component id="oc-70">
         <name>.text</name>
         <load_address>0x7650</load_address>
         <run_address>0x7650</run_address>
         <size>0xda</size>
         <input_file_ref idref="fl-12"/>
      </object_component>
      <object_component id="oc-2ee">
         <name>.text:_ltostr</name>
         <load_address>0x772c</load_address>
         <run_address>0x772c</run_address>
         <size>0xb1</size>
         <input_file_ref idref="fl-cf"/>
      </object_component>
      <object_component id="oc-3a">
         <name>.text</name>
         <load_address>0x77de</load_address>
         <run_address>0x77de</run_address>
         <size>0x9c</size>
         <input_file_ref idref="fl-dc"/>
      </object_component>
      <object_component id="oc-3bb">
         <name>.text</name>
         <load_address>0x787a</load_address>
         <run_address>0x787a</run_address>
         <size>0x96</size>
         <input_file_ref idref="fl-dd"/>
      </object_component>
      <object_component id="oc-2f4">
         <name>.text:__aeabi_cdcmple</name>
         <load_address>0x7910</load_address>
         <run_address>0x7910</run_address>
         <size>0x86</size>
         <input_file_ref idref="fl-d7"/>
      </object_component>
      <object_component id="oc-3cc">
         <name>.text:__aeabi_cdrcmple</name>
         <load_address>0x7996</load_address>
         <run_address>0x7996</run_address>
         <size>0x86</size>
         <input_file_ref idref="fl-d7"/>
      </object_component>
      <object_component id="oc-9f">
         <name>.text</name>
         <load_address>0x7a1c</load_address>
         <run_address>0x7a1c</run_address>
         <size>0x7a</size>
         <input_file_ref idref="fl-de"/>
      </object_component>
      <object_component id="oc-526">
         <name>.text:__TI_closefile</name>
         <load_address>0x7a98</load_address>
         <run_address>0x7a98</run_address>
         <size>0x74</size>
         <input_file_ref idref="fl-107"/>
      </object_component>
      <object_component id="oc-567">
         <name>.text:split</name>
         <load_address>0x7b0c</load_address>
         <run_address>0x7b0c</run_address>
         <size>0x70</size>
         <input_file_ref idref="fl-ea"/>
      </object_component>
      <object_component id="oc-3ec">
         <name>.text:_mcpy</name>
         <load_address>0x7b7c</load_address>
         <run_address>0x7b7c</run_address>
         <size>0x6e</size>
         <input_file_ref idref="fl-cf"/>
      </object_component>
      <object_component id="oc-556">
         <name>.text:HOSTrename</name>
         <load_address>0x7bec</load_address>
         <run_address>0x7bec</run_address>
         <size>0x6c</size>
         <input_file_ref idref="fl-100"/>
      </object_component>
      <object_component id="oc-54a">
         <name>.text:HOSTlseek</name>
         <load_address>0x7c58</load_address>
         <run_address>0x7c58</run_address>
         <size>0x68</size>
         <input_file_ref idref="fl-fd"/>
      </object_component>
      <object_component id="oc-17">
         <name>.text:decompress:lzss:__TI_decompress_lzss</name>
         <load_address>0x7cc0</load_address>
         <run_address>0x7cc0</run_address>
         <size>0x68</size>
         <input_file_ref idref="fl-e1"/>
      </object_component>
      <object_component id="oc-129">
         <name>.text:printf</name>
         <load_address>0x7d28</load_address>
         <run_address>0x7d28</run_address>
         <size>0x68</size>
         <input_file_ref idref="fl-ce"/>
      </object_component>
      <object_component id="oc-401">
         <name>.text:frexp</name>
         <load_address>0x7d90</load_address>
         <run_address>0x7d90</run_address>
         <size>0x64</size>
         <input_file_ref idref="fl-d3"/>
      </object_component>
      <object_component id="oc-4a7">
         <name>.text:fseek</name>
         <load_address>0x7df4</load_address>
         <run_address>0x7df4</run_address>
         <size>0x64</size>
         <input_file_ref idref="fl-f5"/>
      </object_component>
      <object_component id="oc-438">
         <name>.text:__TI_wrt_ok</name>
         <load_address>0x7e58</load_address>
         <run_address>0x7e58</run_address>
         <size>0x62</size>
         <input_file_ref idref="fl-d1"/>
      </object_component>
      <object_component id="oc-532">
         <name>.text:HOSTopen</name>
         <load_address>0x7ebc</load_address>
         <run_address>0x7ebc</run_address>
         <size>0x60</size>
         <input_file_ref idref="fl-fe"/>
      </object_component>
      <object_component id="oc-56e">
         <name>.text:close</name>
         <load_address>0x7f1c</load_address>
         <run_address>0x7f1c</run_address>
         <size>0x5c</size>
         <input_file_ref idref="fl-10d"/>
      </object_component>
      <object_component id="oc-53e">
         <name>.text:HOSTread</name>
         <load_address>0x7f78</load_address>
         <run_address>0x7f78</run_address>
         <size>0x58</size>
         <input_file_ref idref="fl-ff"/>
      </object_component>
      <object_component id="oc-544">
         <name>.text:HOSTwrite</name>
         <load_address>0x7fd0</load_address>
         <run_address>0x7fd0</run_address>
         <size>0x58</size>
         <input_file_ref idref="fl-103"/>
      </object_component>
      <object_component id="oc-2ff">
         <name>.text:_pconv_f</name>
         <load_address>0x8028</load_address>
         <run_address>0x8028</run_address>
         <size>0x56</size>
         <input_file_ref idref="fl-cf"/>
      </object_component>
      <object_component id="oc-3d6">
         <name>.text:__TI_ltoa</name>
         <load_address>0x807e</load_address>
         <run_address>0x807e</run_address>
         <size>0x54</size>
         <input_file_ref idref="fl-e4"/>
      </object_component>
      <object_component id="oc-130">
         <name>.text</name>
         <load_address>0x80d4</load_address>
         <run_address>0x80d4</run_address>
         <size>0x54</size>
         <input_file_ref idref="fl-7"/>
      </object_component>
      <object_component id="oc-3e6">
         <name>.text:_ecpy</name>
         <load_address>0x8128</load_address>
         <run_address>0x8128</run_address>
         <size>0x52</size>
         <input_file_ref idref="fl-cf"/>
      </object_component>
      <object_component id="oc-444">
         <name>.text:__TI_doflush</name>
         <load_address>0x817a</load_address>
         <run_address>0x817a</run_address>
         <size>0x4c</size>
         <input_file_ref idref="fl-f3"/>
      </object_component>
      <object_component id="oc-2e8">
         <name>.text:atoi</name>
         <load_address>0x81c8</load_address>
         <run_address>0x81c8</run_address>
         <size>0x4c</size>
         <input_file_ref idref="fl-e5"/>
      </object_component>
      <object_component id="oc-2c1">
         <name>.text:HOSTtime</name>
         <load_address>0x8214</load_address>
         <run_address>0x8214</run_address>
         <size>0x48</size>
         <input_file_ref idref="fl-101"/>
      </object_component>
      <object_component id="oc-149">
         <name>.text:exit</name>
         <load_address>0x825c</load_address>
         <run_address>0x825c</run_address>
         <size>0x48</size>
         <input_file_ref idref="fl-e2"/>
      </object_component>
      <object_component id="oc-3d1">
         <name>.text</name>
         <load_address>0x82a4</load_address>
         <run_address>0x82a4</run_address>
         <size>0x48</size>
         <input_file_ref idref="fl-da"/>
      </object_component>
      <object_component id="oc-538">
         <name>.text:HOSTclose</name>
         <load_address>0x82ec</load_address>
         <run_address>0x82ec</run_address>
         <size>0x44</size>
         <input_file_ref idref="fl-fc"/>
      </object_component>
      <object_component id="oc-550">
         <name>.text:HOSTunlink</name>
         <load_address>0x8330</load_address>
         <run_address>0x8330</run_address>
         <size>0x44</size>
         <input_file_ref idref="fl-102"/>
      </object_component>
      <object_component id="oc-14f">
         <name>.text:__TI_auto_init_nobinit_nopinit:__TI_auto_init_nobinit_nopinit</name>
         <load_address>0x8374</load_address>
         <run_address>0x8374</run_address>
         <size>0x44</size>
         <input_file_ref idref="fl-f8"/>
      </object_component>
      <object_component id="oc-597">
         <name>.text:getdevice</name>
         <load_address>0x83b8</load_address>
         <run_address>0x83b8</run_address>
         <size>0x44</size>
         <input_file_ref idref="fl-108"/>
      </object_component>
      <object_component id="oc-3f9">
         <name>.text:_fcpy</name>
         <load_address>0x83fc</load_address>
         <run_address>0x83fc</run_address>
         <size>0x3e</size>
         <input_file_ref idref="fl-cf"/>
      </object_component>
      <object_component id="oc-394">
         <name>.text:__TI_writemsg</name>
         <load_address>0x843c</load_address>
         <run_address>0x843c</run_address>
         <size>0x38</size>
         <input_file_ref idref="fl-104"/>
      </object_component>
      <object_component id="oc-5b1">
         <name>.text:strncpy</name>
         <load_address>0x8474</load_address>
         <run_address>0x8474</run_address>
         <size>0x36</size>
         <input_file_ref idref="fl-10b"/>
      </object_component>
      <object_component id="oc-4e9">
         <name>.text:__TI_cleanup</name>
         <load_address>0x84ac</load_address>
         <run_address>0x84ac</run_address>
         <size>0x34</size>
         <input_file_ref idref="fl-f4"/>
      </object_component>
      <object_component id="oc-39a">
         <name>.text:__TI_readmsg</name>
         <load_address>0x84e0</load_address>
         <run_address>0x84e0</run_address>
         <size>0x34</size>
         <input_file_ref idref="fl-104"/>
      </object_component>
      <object_component id="oc-58">
         <name>.text:_c_int00_noargs:_c_int00_noargs</name>
         <load_address>0x8514</load_address>
         <run_address>0x8514</run_address>
         <size>0x34</size>
         <input_file_ref idref="fl-ef"/>
      </object_component>
      <object_component id="oc-20c">
         <name>.text:rand</name>
         <load_address>0x8548</load_address>
         <run_address>0x8548</run_address>
         <size>0x34</size>
         <input_file_ref idref="fl-eb"/>
      </object_component>
      <object_component id="oc-5b7">
         <name>.text:finddevice</name>
         <load_address>0x857c</load_address>
         <run_address>0x857c</run_address>
         <size>0x30</size>
         <input_file_ref idref="fl-108"/>
      </object_component>
      <object_component id="oc-3dc">
         <name>.text</name>
         <load_address>0x85ac</load_address>
         <run_address>0x85ac</run_address>
         <size>0x2e</size>
         <input_file_ref idref="fl-db"/>
      </object_component>
      <object_component id="oc-574">
         <name>.text:unlink</name>
         <load_address>0x85dc</load_address>
         <run_address>0x85dc</run_address>
         <size>0x2c</size>
         <input_file_ref idref="fl-10e"/>
      </object_component>
      <object_component id="oc-518">
         <name>.text:free_list_insert</name>
         <load_address>0x8608</load_address>
         <run_address>0x8608</run_address>
         <size>0x28</size>
         <input_file_ref idref="fl-ea"/>
      </object_component>
      <object_component id="oc-4d5">
         <name>.text:lseek</name>
         <load_address>0x8630</load_address>
         <run_address>0x8630</run_address>
         <size>0x28</size>
         <input_file_ref idref="fl-106"/>
      </object_component>
      <object_component id="oc-44a">
         <name>.text:write</name>
         <load_address>0x8658</load_address>
         <run_address>0x8658</run_address>
         <size>0x28</size>
         <input_file_ref idref="fl-f0"/>
      </object_component>
      <object_component id="oc-206">
         <name>.text:srand</name>
         <load_address>0x8680</load_address>
         <run_address>0x8680</run_address>
         <size>0x24</size>
         <input_file_ref idref="fl-eb"/>
      </object_component>
      <object_component id="oc-43e">
         <name>.text:memchr</name>
         <load_address>0x86a4</load_address>
         <run_address>0x86a4</run_address>
         <size>0x20</size>
         <input_file_ref idref="fl-e9"/>
      </object_component>
      <object_component id="oc-512">
         <name>.text:free_list_remove</name>
         <load_address>0x86c4</load_address>
         <run_address>0x86c4</run_address>
         <size>0x1c</size>
         <input_file_ref idref="fl-ea"/>
      </object_component>
      <object_component id="oc-311">
         <name>.text:memccpy</name>
         <load_address>0x86e0</load_address>
         <run_address>0x86e0</run_address>
         <size>0x1c</size>
         <input_file_ref idref="fl-e8"/>
      </object_component>
      <object_component id="oc-48b">
         <name>.text:copysign</name>
         <load_address>0x86fc</load_address>
         <run_address>0x86fc</run_address>
         <size>0x1a</size>
         <input_file_ref idref="fl-f6"/>
      </object_component>
      <object_component id="oc-5ca">
         <name>.text:strcmp</name>
         <load_address>0x8716</load_address>
         <run_address>0x8716</run_address>
         <size>0x18</size>
         <input_file_ref idref="fl-109"/>
      </object_component>
      <object_component id="oc-40d">
         <name>.text:strchr</name>
         <load_address>0x872e</load_address>
         <run_address>0x872e</run_address>
         <size>0x16</size>
         <input_file_ref idref="fl-ec"/>
      </object_component>
      <object_component id="oc-58a">
         <name>.text:strcpy</name>
         <load_address>0x8744</load_address>
         <run_address>0x8744</run_address>
         <size>0x14</size>
         <input_file_ref idref="fl-10a"/>
      </object_component>
      <object_component id="oc-2e2">
         <name>.text:strlen</name>
         <load_address>0x8758</load_address>
         <run_address>0x8758</run_address>
         <size>0x14</size>
         <input_file_ref idref="fl-ed"/>
      </object_component>
      <object_component id="oc-317">
         <name>.text:wcslen</name>
         <load_address>0x876c</load_address>
         <run_address>0x876c</run_address>
         <size>0x12</size>
         <input_file_ref idref="fl-d5"/>
      </object_component>
      <object_component id="oc-200">
         <name>.text:__time32</name>
         <load_address>0x877e</load_address>
         <run_address>0x877e</run_address>
         <size>0xe</size>
         <input_file_ref idref="fl-f2"/>
      </object_component>
      <object_component id="oc-1d">
         <name>.text:decompress:none:__TI_decompress_none</name>
         <load_address>0x878c</load_address>
         <run_address>0x878c</run_address>
         <size>0xe</size>
         <input_file_ref idref="fl-e0"/>
      </object_component>
      <object_component id="oc-6a">
         <name>.text</name>
         <load_address>0x879a</load_address>
         <run_address>0x879a</run_address>
         <size>0xe</size>
         <input_file_ref idref="fl-5"/>
      </object_component>
      <object_component id="oc-4c">
         <name>.text:decompress:ZI:__TI_zero_init</name>
         <load_address>0x87a8</load_address>
         <run_address>0x87a8</run_address>
         <size>0xc</size>
         <input_file_ref idref="fl-df"/>
      </object_component>
      <object_component id="oc-31d">
         <name>.text:__aeabi_errno_addr</name>
         <load_address>0x87b4</load_address>
         <run_address>0x87b4</run_address>
         <size>0x8</size>
         <input_file_ref idref="fl-ee"/>
      </object_component>
      <object_component id="oc-4e3">
         <name>.text:malloc</name>
         <load_address>0x87bc</load_address>
         <run_address>0x87bc</run_address>
         <size>0x8</size>
         <input_file_ref idref="fl-ea"/>
      </object_component>
      <object_component id="oc-23a">
         <name>.text:_outc</name>
         <load_address>0x87c4</load_address>
         <run_address>0x87c4</run_address>
         <size>0x4</size>
         <input_file_ref idref="fl-ce"/>
      </object_component>
      <object_component id="oc-234">
         <name>.text:_outs</name>
         <load_address>0x87c8</load_address>
         <run_address>0x87c8</run_address>
         <size>0x4</size>
         <input_file_ref idref="fl-ce"/>
      </object_component>
      <object_component id="oc-a5">
         <name>.text:_system_pre_init</name>
         <load_address>0x87cc</load_address>
         <run_address>0x87cc</run_address>
         <size>0x4</size>
         <input_file_ref idref="fl-f9"/>
      </object_component>
      <object_component id="oc-143">
         <name>.text:abort:abort</name>
         <load_address>0x87d0</load_address>
         <run_address>0x87d0</run_address>
         <size>0x4</size>
         <input_file_ref idref="fl-e2"/>
      </object_component>
      <object_component id="oc-221">
         <name>.const:.string:grid_image_bitmapBitmaps</name>
         <load_address>0x87d4</load_address>
         <run_address>0x87d4</run_address>
         <size>0x800</size>
         <input_file_ref idref="fl-2"/>
      </object_component>
      <object_component id="oc-3b6">
         <name>.const:.string:_ctypes_</name>
         <load_address>0x8fd4</load_address>
         <run_address>0x8fd4</run_address>
         <size>0x101</size>
         <input_file_ref idref="fl-e6"/>
      </object_component>
      <object_component id="oc-218">
         <name>.const:.string:grid_X</name>
         <load_address>0x90d5</load_address>
         <run_address>0x90d5</run_address>
         <size>0x9</size>
         <input_file_ref idref="fl-2"/>
      </object_component>
      <object_component id="oc-21b">
         <name>.const:.string:grid_Y</name>
         <load_address>0x90de</load_address>
         <run_address>0x90de</run_address>
         <size>0x9</size>
         <input_file_ref idref="fl-2"/>
      </object_component>
      <object_component id="oc-c7">
         <name>.const</name>
         <load_address>0x90e8</load_address>
         <run_address>0x90e8</run_address>
         <size>0x8</size>
         <input_file_ref idref="fl-11"/>
      </object_component>
      <object_component id="oc-1b0">
         <name>.const</name>
         <load_address>0x90f0</load_address>
         <run_address>0x90f0</run_address>
         <size>0x4</size>
         <input_file_ref idref="fl-f"/>
      </object_component>
      <object_component id="oc-21e">
         <name>.const</name>
         <load_address>0x90f4</load_address>
         <run_address>0x90f4</run_address>
         <size>0x3</size>
         <input_file_ref idref="fl-2"/>
      </object_component>
      <object_component id="oc-60a">
         <name>.cinit..data.load</name>
         <load_address>0x90f8</load_address>
         <run_address>0x90f8</run_address>
         <size>0x7f</size>
      </object_component>
      <object_component id="oc-608">
         <name>__TI_handler_table</name>
         <load_address>0x9178</load_address>
         <run_address>0x9178</run_address>
         <size>0xc</size>
      </object_component>
      <object_component id="oc-60b">
         <name>.cinit..bss.load</name>
         <load_address>0x9188</load_address>
         <run_address>0x9188</run_address>
         <size>0x8</size>
      </object_component>
      <object_component id="oc-609">
         <name>__TI_cinit_table</name>
         <load_address>0x9190</load_address>
         <run_address>0x9190</run_address>
         <size>0x10</size>
      </object_component>
      <object_component id="oc-5dc">
         <name>.binit</name>
         <load_address>0x0</load_address>
         <run_address>0x0</run_address>
         <size>0x0</size>
      </object_component>
      <object_component id="oc-212">
         <name>.data:COLORS</name>
         <load_address>0x200089c8</load_address>
         <run_address>0x200089c8</run_address>
         <size>0x6</size>
         <input_file_ref idref="fl-3"/>
      </object_component>
      <object_component id="oc-224">
         <name>.data:USR_ANS</name>
         <load_address>0x20008974</load_address>
         <run_address>0x20008974</run_address>
         <size>0x12</size>
         <input_file_ref idref="fl-3"/>
      </object_component>
      <object_component id="oc-181">
         <name>.data</name>
         <load_address>0x200089d8</load_address>
         <run_address>0x200089d8</run_address>
         <size>0x4</size>
         <input_file_ref idref="fl-6"/>
      </object_component>
      <object_component id="oc-eb">
         <name>.data</name>
         <load_address>0x200089c0</load_address>
         <run_address>0x200089c0</run_address>
         <size>0x8</size>
         <input_file_ref idref="fl-8"/>
      </object_component>
      <object_component id="oc-27f">
         <name>.data</name>
         <load_address>0x20008944</load_address>
         <run_address>0x20008944</run_address>
         <size>0x18</size>
         <input_file_ref idref="fl-b"/>
      </object_component>
      <object_component id="oc-c4">
         <name>.data</name>
         <load_address>0x20008910</load_address>
         <run_address>0x20008910</run_address>
         <size>0x34</size>
         <input_file_ref idref="fl-f"/>
      </object_component>
      <object_component id="oc-294">
         <name>.data</name>
         <load_address>0x200089a4</load_address>
         <run_address>0x200089a4</run_address>
         <size>0xc</size>
         <input_file_ref idref="fl-10"/>
      </object_component>
      <object_component id="oc-d1">
         <name>.data</name>
         <load_address>0x2000895c</load_address>
         <run_address>0x2000895c</run_address>
         <size>0x18</size>
         <input_file_ref idref="fl-11"/>
      </object_component>
      <object_component id="oc-24b">
         <name>.data:$O1$$</name>
         <load_address>0x20008998</load_address>
         <run_address>0x20008998</run_address>
         <size>0xc</size>
         <input_file_ref idref="fl-e2"/>
      </object_component>
      <object_component id="oc-22e">
         <name>.data:$O1$$</name>
         <load_address>0x200089b0</load_address>
         <run_address>0x200089b0</run_address>
         <size>0x8</size>
         <input_file_ref idref="fl-e3"/>
      </object_component>
      <object_component id="oc-231">
         <name>.data:_ftable</name>
         <load_address>0x20008758</load_address>
         <run_address>0x20008758</run_address>
         <size>0xf0</size>
         <input_file_ref idref="fl-e7"/>
      </object_component>
      <object_component id="oc-52c">
         <name>.data</name>
         <load_address>0x20008988</load_address>
         <run_address>0x20008988</run_address>
         <size>0x10</size>
         <input_file_ref idref="fl-e7"/>
      </object_component>
      <object_component id="oc-562">
         <name>.data:$O1$$</name>
         <load_address>0x200089b8</load_address>
         <run_address>0x200089b8</run_address>
         <size>0x8</size>
         <input_file_ref idref="fl-ea"/>
      </object_component>
      <object_component id="oc-2ce">
         <name>.data</name>
         <load_address>0x200089d4</load_address>
         <run_address>0x200089d4</run_address>
         <size>0x4</size>
         <input_file_ref idref="fl-eb"/>
      </object_component>
      <object_component id="oc-41d">
         <name>.data</name>
         <load_address>0x200089d0</load_address>
         <run_address>0x200089d0</run_address>
         <size>0x4</size>
         <input_file_ref idref="fl-ee"/>
      </object_component>
      <object_component id="oc-4fc">
         <name>.data:_device</name>
         <load_address>0x20008848</load_address>
         <run_address>0x20008848</run_address>
         <size>0x78</size>
         <input_file_ref idref="fl-f1"/>
      </object_component>
      <object_component id="oc-4b9">
         <name>.data:_stream</name>
         <load_address>0x200088c0</load_address>
         <run_address>0x200088c0</run_address>
         <size>0x50</size>
         <input_file_ref idref="fl-f1"/>
      </object_component>
      <object_component id="oc-285">
         <name>.bss:ucHeap</name>
         <uninitialized>true</uninitialized>
         <run_address>0x20000000</run_address>
         <size>0x8000</size>
         <input_file_ref idref="fl-b"/>
      </object_component>
      <object_component id="oc-282">
         <name>.bss:xStart</name>
         <uninitialized>true</uninitialized>
         <run_address>0x20008338</run_address>
         <size>0x8</size>
         <input_file_ref idref="fl-b"/>
      </object_component>
      <object_component id="oc-19b">
         <name>.bss:pxReadyTasksLists</name>
         <uninitialized>true</uninitialized>
         <run_address>0x20008120</run_address>
         <size>0xc8</size>
         <input_file_ref idref="fl-f"/>
      </object_component>
      <object_component id="oc-1b3">
         <name>.bss:xDelayedTaskList1</name>
         <uninitialized>true</uninitialized>
         <run_address>0x200082b0</run_address>
         <size>0x14</size>
         <input_file_ref idref="fl-f"/>
      </object_component>
      <object_component id="oc-1b6">
         <name>.bss:xDelayedTaskList2</name>
         <uninitialized>true</uninitialized>
         <run_address>0x200082c4</run_address>
         <size>0x14</size>
         <input_file_ref idref="fl-f"/>
      </object_component>
      <object_component id="oc-1a1">
         <name>.bss</name>
         <uninitialized>true</uninitialized>
         <run_address>0x20008328</run_address>
         <size>0x8</size>
         <input_file_ref idref="fl-f"/>
      </object_component>
      <object_component id="oc-1ad">
         <name>.bss:xPendingReadyList</name>
         <uninitialized>true</uninitialized>
         <run_address>0x200082d8</run_address>
         <size>0x14</size>
         <input_file_ref idref="fl-f"/>
      </object_component>
      <object_component id="oc-19e">
         <name>.bss:xTasksWaitingTermination</name>
         <uninitialized>true</uninitialized>
         <run_address>0x20008300</run_address>
         <size>0x14</size>
         <input_file_ref idref="fl-f"/>
      </object_component>
      <object_component id="oc-1a4">
         <name>.bss:xSuspendedTaskList</name>
         <uninitialized>true</uninitialized>
         <run_address>0x200082ec</run_address>
         <size>0x14</size>
         <input_file_ref idref="fl-f"/>
      </object_component>
      <object_component id="oc-29a">
         <name>.bss:xActiveTimerList1</name>
         <uninitialized>true</uninitialized>
         <run_address>0x20008288</run_address>
         <size>0x14</size>
         <input_file_ref idref="fl-10"/>
      </object_component>
      <object_component id="oc-29d">
         <name>.bss:xActiveTimerList2</name>
         <uninitialized>true</uninitialized>
         <run_address>0x2000829c</run_address>
         <size>0x14</size>
         <input_file_ref idref="fl-10"/>
      </object_component>
      <object_component id="oc-297">
         <name>.bss</name>
         <uninitialized>true</uninitialized>
         <run_address>0x20008330</run_address>
         <size>0x8</size>
         <input_file_ref idref="fl-10"/>
      </object_component>
      <object_component id="oc-45e">
         <name>.bss:_CIOBUF_</name>
         <uninitialized>true</uninitialized>
         <run_address>0x20008000</run_address>
         <size>0x120</size>
         <input_file_ref idref="fl-104"/>
      </object_component>
      <object_component id="oc-215">
         <name>.common:GEN_ANS</name>
         <uninitialized>true</uninitialized>
         <run_address>0x20008314</run_address>
         <size>0x14</size>
      </object_component>
      <object_component id="oc-ee">
         <name>.common:Queue_Console</name>
         <uninitialized>true</uninitialized>
         <run_address>0x20008348</run_address>
         <size>0x4</size>
      </object_component>
      <object_component id="oc-12f">
         <name>.common:Task_Console_Handle</name>
         <uninitialized>true</uninitialized>
         <run_address>0x2000834c</run_address>
         <size>0x4</size>
      </object_component>
      <object_component id="oc-f1">
         <name>.common:Task_Joystick_Bottom_Half_Handle</name>
         <uninitialized>true</uninitialized>
         <run_address>0x20008350</run_address>
         <size>0x4</size>
      </object_component>
      <object_component id="oc-136">
         <name>.common:Task_Joystick_Timer_Handle</name>
         <uninitialized>true</uninitialized>
         <run_address>0x20008354</run_address>
         <size>0x4</size>
      </object_component>
      <object_component id="oc-57a">
         <name>.common:__TI_tmpnams</name>
         <uninitialized>true</uninitialized>
         <run_address>0x200081e8</run_address>
         <size>0xa0</size>
      </object_component>
      <object_component id="oc-3a0">
         <name>.common:parmbuf</name>
         <uninitialized>true</uninitialized>
         <run_address>0x20008340</run_address>
         <size>0x8</size>
      </object_component>
      <object_component id="oc-29">
         <name>.sysmem</name>
         <uninitialized>true</uninitialized>
         <run_address>0x20008358</run_address>
         <size>0x10</size>
         <input_file_ref idref="fl-ea"/>
      </object_component>
      <object_component id="oc-60e">
         <name>.sysmem</name>
         <uninitialized>true</uninitialized>
         <run_address>0x20008358</run_address>
         <size>0x0</size>
      </object_component>
      <object_component id="oc-2c">
         <name>.stack</name>
         <uninitialized>true</uninitialized>
         <run_address>0x2000fe00</run_address>
         <size>0x4</size>
         <input_file_ref idref="fl-ef"/>
      </object_component>
      <object_component id="oc-60d">
         <name>.stack</name>
         <uninitialized>true</uninitialized>
         <run_address>0x2000fe00</run_address>
         <size>0x0</size>
      </object_component>
      <object_component id="oc-1cd">
         <name>.debug_info</name>
         <load_address>0x0</load_address>
         <run_address>0x0</run_address>
         <size>0x50d</size>
         <input_file_ref idref="fl-2"/>
      </object_component>
      <object_component id="oc-222">
         <name>.debug_info</name>
         <load_address>0x50d</load_address>
         <run_address>0x50d</run_address>
         <size>0xf3</size>
         <input_file_ref idref="fl-2"/>
      </object_component>
      <object_component id="oc-21f">
         <name>.debug_info</name>
         <load_address>0x600</load_address>
         <run_address>0x600</run_address>
         <size>0x173</size>
         <input_file_ref idref="fl-2"/>
      </object_component>
      <object_component id="oc-219">
         <name>.debug_info</name>
         <load_address>0x773</load_address>
         <run_address>0x773</run_address>
         <size>0xcf</size>
         <input_file_ref idref="fl-2"/>
      </object_component>
      <object_component id="oc-21c">
         <name>.debug_info</name>
         <load_address>0x842</load_address>
         <run_address>0x842</run_address>
         <size>0xcf</size>
         <input_file_ref idref="fl-2"/>
      </object_component>
      <object_component id="oc-13d">
         <name>.debug_info</name>
         <load_address>0x911</load_address>
         <run_address>0x911</run_address>
         <size>0x315</size>
         <input_file_ref idref="fl-2"/>
      </object_component>
      <object_component id="oc-f5">
         <name>.debug_info</name>
         <load_address>0xc26</load_address>
         <run_address>0xc26</run_address>
         <size>0x63</size>
         <input_file_ref idref="fl-2"/>
      </object_component>
      <object_component id="oc-fc">
         <name>.debug_info</name>
         <load_address>0xc89</load_address>
         <run_address>0xc89</run_address>
         <size>0x26b</size>
         <input_file_ref idref="fl-2"/>
      </object_component>
      <object_component id="oc-1e8">
         <name>.debug_info</name>
         <load_address>0xef4</load_address>
         <run_address>0xef4</run_address>
         <size>0x1055</size>
         <input_file_ref idref="fl-2"/>
      </object_component>
      <object_component id="oc-1e3">
         <name>.debug_info</name>
         <load_address>0x1f49</load_address>
         <run_address>0x1f49</run_address>
         <size>0x37e2</size>
         <input_file_ref idref="fl-2"/>
      </object_component>
      <object_component id="oc-1f7">
         <name>.debug_info</name>
         <load_address>0x572b</load_address>
         <run_address>0x572b</run_address>
         <size>0x48b</size>
         <input_file_ref idref="fl-2"/>
      </object_component>
      <object_component id="oc-1ed">
         <name>.debug_info</name>
         <load_address>0x5bb6</load_address>
         <run_address>0x5bb6</run_address>
         <size>0x4f</size>
         <input_file_ref idref="fl-2"/>
      </object_component>
      <object_component id="oc-35">
         <name>.debug_info</name>
         <load_address>0x5c05</load_address>
         <run_address>0x5c05</run_address>
         <size>0x84</size>
         <input_file_ref idref="fl-2"/>
      </object_component>
      <object_component id="oc-d6">
         <name>.debug_info</name>
         <load_address>0x5c89</load_address>
         <run_address>0x5c89</run_address>
         <size>0x2c</size>
         <input_file_ref idref="fl-2"/>
      </object_component>
      <object_component id="oc-1ce">
         <name>.debug_info</name>
         <load_address>0x5cb5</load_address>
         <run_address>0x5cb5</run_address>
         <size>0x2a4</size>
         <input_file_ref idref="fl-2"/>
      </object_component>
      <object_component id="oc-e0">
         <name>.debug_info</name>
         <load_address>0x5f59</load_address>
         <run_address>0x5f59</run_address>
         <size>0xbb</size>
         <input_file_ref idref="fl-2"/>
      </object_component>
      <object_component id="oc-db">
         <name>.debug_info</name>
         <load_address>0x6014</load_address>
         <run_address>0x6014</run_address>
         <size>0x53</size>
         <input_file_ref idref="fl-2"/>
      </object_component>
      <object_component id="oc-1f2">
         <name>.debug_info</name>
         <load_address>0x6067</load_address>
         <run_address>0x6067</run_address>
         <size>0xcc</size>
         <input_file_ref idref="fl-2"/>
      </object_component>
      <object_component id="oc-242">
         <name>.debug_info</name>
         <load_address>0x6133</load_address>
         <run_address>0x6133</run_address>
         <size>0x2c</size>
         <input_file_ref idref="fl-2"/>
      </object_component>
      <object_component id="oc-1c3">
         <name>.debug_info</name>
         <load_address>0x615f</load_address>
         <run_address>0x615f</run_address>
         <size>0x14c</size>
         <input_file_ref idref="fl-2"/>
      </object_component>
      <object_component id="oc-216">
         <name>.debug_info</name>
         <load_address>0x62ab</load_address>
         <run_address>0x62ab</run_address>
         <size>0x7f3</size>
         <input_file_ref idref="fl-3"/>
      </object_component>
      <object_component id="oc-213">
         <name>.debug_info</name>
         <load_address>0x6a9e</load_address>
         <run_address>0x6a9e</run_address>
         <size>0xcd</size>
         <input_file_ref idref="fl-3"/>
      </object_component>
      <object_component id="oc-225">
         <name>.debug_info</name>
         <load_address>0x6b6b</load_address>
         <run_address>0x6b6b</run_address>
         <size>0xcf</size>
         <input_file_ref idref="fl-3"/>
      </object_component>
      <object_component id="oc-126">
         <name>.debug_info</name>
         <load_address>0x6c3a</load_address>
         <run_address>0x6c3a</run_address>
         <size>0x1102</size>
         <input_file_ref idref="fl-3"/>
      </object_component>
      <object_component id="oc-142">
         <name>.debug_info</name>
         <load_address>0x7d3c</load_address>
         <run_address>0x7d3c</run_address>
         <size>0x9a3</size>
         <input_file_ref idref="fl-4"/>
      </object_component>
      <object_component id="oc-ac">
         <name>.debug_info</name>
         <load_address>0x86df</load_address>
         <run_address>0x86df</run_address>
         <size>0x319</size>
         <input_file_ref idref="fl-4"/>
      </object_component>
      <object_component id="oc-138">
         <name>.debug_info</name>
         <load_address>0x89f8</load_address>
         <run_address>0x89f8</run_address>
         <size>0x8b</size>
         <input_file_ref idref="fl-4"/>
      </object_component>
      <object_component id="oc-83">
         <name>.debug_info</name>
         <load_address>0x8a83</load_address>
         <run_address>0x8a83</run_address>
         <size>0x349</size>
         <input_file_ref idref="fl-5"/>
      </object_component>
      <object_component id="oc-27">
         <name>.debug_info</name>
         <load_address>0x8dcc</load_address>
         <run_address>0x8dcc</run_address>
         <size>0xf5</size>
         <input_file_ref idref="fl-5"/>
      </object_component>
      <object_component id="oc-6b">
         <name>.debug_info</name>
         <load_address>0x8ec1</load_address>
         <run_address>0x8ec1</run_address>
         <size>0x1bc</size>
         <input_file_ref idref="fl-5"/>
      </object_component>
      <object_component id="oc-182">
         <name>.debug_info</name>
         <load_address>0x907d</load_address>
         <run_address>0x907d</run_address>
         <size>0xee</size>
         <input_file_ref idref="fl-6"/>
      </object_component>
      <object_component id="oc-be">
         <name>.debug_info</name>
         <load_address>0x916b</load_address>
         <run_address>0x916b</run_address>
         <size>0x260</size>
         <input_file_ref idref="fl-6"/>
      </object_component>
      <object_component id="oc-ef">
         <name>.debug_info</name>
         <load_address>0x93cb</load_address>
         <run_address>0x93cb</run_address>
         <size>0x7b8</size>
         <input_file_ref idref="fl-7"/>
      </object_component>
      <object_component id="oc-131">
         <name>.debug_info</name>
         <load_address>0x9b83</load_address>
         <run_address>0x9b83</run_address>
         <size>0x211</size>
         <input_file_ref idref="fl-7"/>
      </object_component>
      <object_component id="oc-f2">
         <name>.debug_info</name>
         <load_address>0x9d94</load_address>
         <run_address>0x9d94</run_address>
         <size>0x864</size>
         <input_file_ref idref="fl-8"/>
      </object_component>
      <object_component id="oc-ec">
         <name>.debug_info</name>
         <load_address>0xa5f8</load_address>
         <run_address>0xa5f8</run_address>
         <size>0x114</size>
         <input_file_ref idref="fl-8"/>
      </object_component>
      <object_component id="oc-7d">
         <name>.debug_info</name>
         <load_address>0xa70c</load_address>
         <run_address>0xa70c</run_address>
         <size>0x3b2</size>
         <input_file_ref idref="fl-8"/>
      </object_component>
      <object_component id="oc-2b4">
         <name>.debug_info</name>
         <load_address>0xaabe</load_address>
         <run_address>0xaabe</run_address>
         <size>0x270</size>
         <input_file_ref idref="fl-9"/>
      </object_component>
      <object_component id="oc-1c8">
         <name>.debug_info</name>
         <load_address>0xad2e</load_address>
         <run_address>0xad2e</run_address>
         <size>0x48b</size>
         <input_file_ref idref="fl-9"/>
      </object_component>
      <object_component id="oc-383">
         <name>.debug_info</name>
         <load_address>0xb1b9</load_address>
         <run_address>0xb1b9</run_address>
         <size>0xcc</size>
         <input_file_ref idref="fl-9"/>
      </object_component>
      <object_component id="oc-1be">
         <name>.debug_info</name>
         <load_address>0xb285</load_address>
         <run_address>0xb285</run_address>
         <size>0x53</size>
         <input_file_ref idref="fl-9"/>
      </object_component>
      <object_component id="oc-2be">
         <name>.debug_info</name>
         <load_address>0xb2d8</load_address>
         <run_address>0xb2d8</run_address>
         <size>0x6cb</size>
         <input_file_ref idref="fl-a"/>
      </object_component>
      <object_component id="oc-1da">
         <name>.debug_info</name>
         <load_address>0xb9a3</load_address>
         <run_address>0xb9a3</run_address>
         <size>0x110</size>
         <input_file_ref idref="fl-a"/>
      </object_component>
      <object_component id="oc-27a">
         <name>.debug_info</name>
         <load_address>0xbab3</load_address>
         <run_address>0xbab3</run_address>
         <size>0x48b</size>
         <input_file_ref idref="fl-a"/>
      </object_component>
      <object_component id="oc-38a">
         <name>.debug_info</name>
         <load_address>0xbf3e</load_address>
         <run_address>0xbf3e</run_address>
         <size>0x76</size>
         <input_file_ref idref="fl-a"/>
      </object_component>
      <object_component id="oc-38f">
         <name>.debug_info</name>
         <load_address>0xbfb4</load_address>
         <run_address>0xbfb4</run_address>
         <size>0x39</size>
         <input_file_ref idref="fl-a"/>
      </object_component>
      <object_component id="oc-370">
         <name>.debug_info</name>
         <load_address>0xbfed</load_address>
         <run_address>0xbfed</run_address>
         <size>0x109</size>
         <input_file_ref idref="fl-a"/>
      </object_component>
      <object_component id="oc-26b">
         <name>.debug_info</name>
         <load_address>0xc0f6</load_address>
         <run_address>0xc0f6</run_address>
         <size>0x4f</size>
         <input_file_ref idref="fl-a"/>
      </object_component>
      <object_component id="oc-289">
         <name>.debug_info</name>
         <load_address>0xc145</load_address>
         <run_address>0xc145</run_address>
         <size>0x50b</size>
         <input_file_ref idref="fl-b"/>
      </object_component>
      <object_component id="oc-286">
         <name>.debug_info</name>
         <load_address>0xc650</load_address>
         <run_address>0xc650</run_address>
         <size>0x124</size>
         <input_file_ref idref="fl-b"/>
      </object_component>
      <object_component id="oc-283">
         <name>.debug_info</name>
         <load_address>0xc774</load_address>
         <run_address>0xc774</run_address>
         <size>0x124</size>
         <input_file_ref idref="fl-b"/>
      </object_component>
      <object_component id="oc-280">
         <name>.debug_info</name>
         <load_address>0xc898</load_address>
         <run_address>0xc898</run_address>
         <size>0x264</size>
         <input_file_ref idref="fl-b"/>
      </object_component>
      <object_component id="oc-191">
         <name>.debug_info</name>
         <load_address>0xcafc</load_address>
         <run_address>0xcafc</run_address>
         <size>0xd39</size>
         <input_file_ref idref="fl-b"/>
      </object_component>
      <object_component id="oc-367">
         <name>.debug_info</name>
         <load_address>0xd835</load_address>
         <run_address>0xd835</run_address>
         <size>0x62</size>
         <input_file_ref idref="fl-b"/>
      </object_component>
      <object_component id="oc-28b">
         <name>.debug_info</name>
         <load_address>0xd897</load_address>
         <run_address>0xd897</run_address>
         <size>0x3c9</size>
         <input_file_ref idref="fl-c"/>
      </object_component>
      <object_component id="oc-196">
         <name>.debug_info</name>
         <load_address>0xdc60</load_address>
         <run_address>0xdc60</run_address>
         <size>0x733</size>
         <input_file_ref idref="fl-c"/>
      </object_component>
      <object_component id="oc-1d9">
         <name>.debug_info</name>
         <load_address>0xe393</load_address>
         <run_address>0xe393</run_address>
         <size>0x935</size>
         <input_file_ref idref="fl-d"/>
      </object_component>
      <object_component id="oc-e8">
         <name>.debug_info</name>
         <load_address>0xecc8</load_address>
         <run_address>0xecc8</run_address>
         <size>0x4425</size>
         <input_file_ref idref="fl-d"/>
      </object_component>
      <object_component id="oc-2b9">
         <name>.debug_info</name>
         <load_address>0x130ed</load_address>
         <run_address>0x130ed</run_address>
         <size>0x1ef</size>
         <input_file_ref idref="fl-d"/>
      </object_component>
      <object_component id="oc-1d4">
         <name>.debug_info</name>
         <load_address>0x132dc</load_address>
         <run_address>0x132dc</run_address>
         <size>0x46</size>
         <input_file_ref idref="fl-d"/>
      </object_component>
      <object_component id="oc-270">
         <name>.debug_info</name>
         <load_address>0x13322</load_address>
         <run_address>0x13322</run_address>
         <size>0x35</size>
         <input_file_ref idref="fl-d"/>
      </object_component>
      <object_component id="oc-114">
         <name>.debug_info</name>
         <load_address>0x13357</load_address>
         <run_address>0x13357</run_address>
         <size>0x2c</size>
         <input_file_ref idref="fl-e"/>
      </object_component>
      <object_component id="oc-187">
         <name>.debug_info</name>
         <load_address>0x13383</load_address>
         <run_address>0x13383</run_address>
         <size>0x8e4</size>
         <input_file_ref idref="fl-f"/>
      </object_component>
      <object_component id="oc-c5">
         <name>.debug_info</name>
         <load_address>0x13c67</load_address>
         <run_address>0x13c67</run_address>
         <size>0x380</size>
         <input_file_ref idref="fl-f"/>
      </object_component>
      <object_component id="oc-19c">
         <name>.debug_info</name>
         <load_address>0x13fe7</load_address>
         <run_address>0x13fe7</run_address>
         <size>0x129</size>
         <input_file_ref idref="fl-f"/>
      </object_component>
      <object_component id="oc-1b4">
         <name>.debug_info</name>
         <load_address>0x14110</load_address>
         <run_address>0x14110</run_address>
         <size>0x129</size>
         <input_file_ref idref="fl-f"/>
      </object_component>
      <object_component id="oc-1b7">
         <name>.debug_info</name>
         <load_address>0x14239</load_address>
         <run_address>0x14239</run_address>
         <size>0x129</size>
         <input_file_ref idref="fl-f"/>
      </object_component>
      <object_component id="oc-1a2">
         <name>.debug_info</name>
         <load_address>0x14362</load_address>
         <run_address>0x14362</run_address>
         <size>0x16c</size>
         <input_file_ref idref="fl-f"/>
      </object_component>
      <object_component id="oc-1ae">
         <name>.debug_info</name>
         <load_address>0x144ce</load_address>
         <run_address>0x144ce</run_address>
         <size>0x129</size>
         <input_file_ref idref="fl-f"/>
      </object_component>
      <object_component id="oc-19f">
         <name>.debug_info</name>
         <load_address>0x145f7</load_address>
         <run_address>0x145f7</run_address>
         <size>0x137</size>
         <input_file_ref idref="fl-f"/>
      </object_component>
      <object_component id="oc-1a5">
         <name>.debug_info</name>
         <load_address>0x1472e</load_address>
         <run_address>0x1472e</run_address>
         <size>0x12b</size>
         <input_file_ref idref="fl-f"/>
      </object_component>
      <object_component id="oc-1b1">
         <name>.debug_info</name>
         <load_address>0x14859</load_address>
         <run_address>0x14859</run_address>
         <size>0x12a</size>
         <input_file_ref idref="fl-f"/>
      </object_component>
      <object_component id="oc-cc">
         <name>.debug_info</name>
         <load_address>0x14983</load_address>
         <run_address>0x14983</run_address>
         <size>0x7bd8</size>
         <input_file_ref idref="fl-f"/>
      </object_component>
      <object_component id="oc-188">
         <name>.debug_info</name>
         <load_address>0x1c55b</load_address>
         <run_address>0x1c55b</run_address>
         <size>0x30c</size>
         <input_file_ref idref="fl-f"/>
      </object_component>
      <object_component id="oc-275">
         <name>.debug_info</name>
         <load_address>0x1c867</load_address>
         <run_address>0x1c867</run_address>
         <size>0x16f</size>
         <input_file_ref idref="fl-f"/>
      </object_component>
      <object_component id="oc-2a6">
         <name>.debug_info</name>
         <load_address>0x1c9d6</load_address>
         <run_address>0x1c9d6</run_address>
         <size>0x86a</size>
         <input_file_ref idref="fl-10"/>
      </object_component>
      <object_component id="oc-29b">
         <name>.debug_info</name>
         <load_address>0x1d240</load_address>
         <run_address>0x1d240</run_address>
         <size>0x129</size>
         <input_file_ref idref="fl-10"/>
      </object_component>
      <object_component id="oc-29e">
         <name>.debug_info</name>
         <load_address>0x1d369</load_address>
         <run_address>0x1d369</run_address>
         <size>0x129</size>
         <input_file_ref idref="fl-10"/>
      </object_component>
      <object_component id="oc-298">
         <name>.debug_info</name>
         <load_address>0x1d492</load_address>
         <run_address>0x1d492</run_address>
         <size>0x161</size>
         <input_file_ref idref="fl-10"/>
      </object_component>
      <object_component id="oc-295">
         <name>.debug_info</name>
         <load_address>0x1d5f3</load_address>
         <run_address>0x1d5f3</run_address>
         <size>0x14d</size>
         <input_file_ref idref="fl-10"/>
      </object_component>
      <object_component id="oc-1a8">
         <name>.debug_info</name>
         <load_address>0x1d740</load_address>
         <run_address>0x1d740</run_address>
         <size>0x2a88</size>
         <input_file_ref idref="fl-10"/>
      </object_component>
      <object_component id="oc-2a7">
         <name>.debug_info</name>
         <load_address>0x201c8</load_address>
         <run_address>0x201c8</run_address>
         <size>0x1ce</size>
         <input_file_ref idref="fl-10"/>
      </object_component>
      <object_component id="oc-2a1">
         <name>.debug_info</name>
         <load_address>0x20396</load_address>
         <run_address>0x20396</run_address>
         <size>0x46</size>
         <input_file_ref idref="fl-10"/>
      </object_component>
      <object_component id="oc-d5">
         <name>.debug_info</name>
         <load_address>0x203dc</load_address>
         <run_address>0x203dc</run_address>
         <size>0x553</size>
         <input_file_ref idref="fl-11"/>
      </object_component>
      <object_component id="oc-c8">
         <name>.debug_info</name>
         <load_address>0x2092f</load_address>
         <run_address>0x2092f</run_address>
         <size>0x19e</size>
         <input_file_ref idref="fl-11"/>
      </object_component>
      <object_component id="oc-d2">
         <name>.debug_info</name>
         <load_address>0x20acd</load_address>
         <run_address>0x20acd</run_address>
         <size>0x279</size>
         <input_file_ref idref="fl-11"/>
      </object_component>
      <object_component id="oc-77">
         <name>.debug_info</name>
         <load_address>0x20d46</load_address>
         <run_address>0x20d46</run_address>
         <size>0xfa2</size>
         <input_file_ref idref="fl-11"/>
      </object_component>
      <object_component id="oc-73">
         <name>.debug_info</name>
         <load_address>0x21ce8</load_address>
         <run_address>0x21ce8</run_address>
         <size>0x28b</size>
         <input_file_ref idref="fl-12"/>
      </object_component>
      <object_component id="oc-1ff">
         <name>.debug_info</name>
         <load_address>0x21f73</load_address>
         <run_address>0x21f73</run_address>
         <size>0x5b2</size>
         <input_file_ref idref="fl-18"/>
      </object_component>
      <object_component id="oc-11e">
         <name>.debug_info</name>
         <load_address>0x22525</load_address>
         <run_address>0x22525</run_address>
         <size>0xc69</size>
         <input_file_ref idref="fl-18"/>
      </object_component>
      <object_component id="oc-241">
[...]
      </symbol>
      <symbol id="sm-b52">
         <name>__aeabi_cdrcmple</name>
         <value>0x7997</value>
         <object_component_ref idref="oc-3cc"/>
      </symbol>
      <symbol id="sm-b66">
         <name>__aeabi_ddiv</name>
         <value>0x6ced</value>
         <object_component_ref idref="oc-3c7"/>
      </symbol>
      <symbol id="sm-b71">
         <name>__aeabi_dmul</name>
         <value>0x7395</value>
         <object_component_ref idref="oc-3c2"/>
      </symbol>
      <symbol id="sm-b7b">
         <name>__aeabi_d2iz</name>
         <value>0x82a5</value>
         <object_component_ref idref="oc-3d1"/>
      </symbol>
      <symbol id="sm-b85">
         <name>__aeabi_i2d</name>
         <value>0x85ad</value>
         <object_component_ref idref="oc-3dc"/>
      </symbol>
      <symbol id="sm-ba0">
         <name>memcpy</name>
         <value>0x77df</value>
         <object_component_ref idref="oc-3a"/>
      </symbol>
      <symbol id="sm-ba1">
         <name>__aeabi_memcpy</name>
         <value>0x77df</value>
         <object_component_ref idref="oc-3a"/>
      </symbol>
      <symbol id="sm-ba2">
         <name>__aeabi_memcpy8</name>
         <value>0x77df</value>
         <object_component_ref idref="oc-3a"/>
      </symbol>
      <symbol id="sm-ba3">
         <name>__aeabi_memcpy4</name>
         <value>0x77df</value>
         <object_component_ref idref="oc-3a"/>
      </symbol>
      <symbol id="sm-bb0">
         <name>__aeabi_uldivmod</name>
         <value>0x787b</value>
         <object_component_ref idref="oc-3bb"/>
      </symbol>
      <symbol id="sm-bbf">
         <name>__aeabi_memset</name>
         <value>0x7a1f</value>
         <object_component_ref idref="oc-9f"/>
      </symbol>
      <symbol id="sm-bc0">
         <name>memset</name>
         <value>0x7a25</value>
         <object_component_ref idref="oc-9f"/>
      </symbol>
      <symbol id="sm-bc1">
         <name>__aeabi_memset8</name>
         <value>0x7a1f</value>
         <object_component_ref idref="oc-9f"/>
      </symbol>
      <symbol id="sm-bc2">
         <name>__aeabi_memset4</name>
         <value>0x7a1f</value>
         <object_component_ref idref="oc-9f"/>
      </symbol>
      <symbol id="sm-bc3">
         <name>__aeabi_memclr8</name>
         <value>0x7a1d</value>
         <object_component_ref idref="oc-9f"/>
      </symbol>
      <symbol id="sm-bc4">
         <name>__aeabi_memclr4</name>
         <value>0x7a1d</value>
         <object_component_ref idref="oc-9f"/>
      </symbol>
      <symbol id="sm-bc5">
         <name>__aeabi_memclr</name>
         <value>0x7a1d</value>
         <object_component_ref idref="oc-9f"/>
      </symbol>
      <symbol id="sm-bd7">
         <name>__TI_zero_init</name>
         <value>0x87a9</value>
         <object_component_ref idref="oc-4c"/>
      </symbol>
      <symbol id="sm-bee">
         <name>__TI_decompress_none</name>
         <value>0x878d</value>
         <object_component_ref idref="oc-1d"/>
      </symbol>
      <symbol id="sm-c11">
         <name>__TI_decompress_lzss</name>
         <value>0x7cc1</value>
         <object_component_ref idref="oc-17"/>
      </symbol>
      <symbol id="sm-c37">
         <name>C$$EXIT</name>
         <value>0x87d1</value>
         <object_component_ref idref="oc-143"/>
      </symbol>
      <symbol id="sm-c38">
         <name>abort</name>
         <value>0x87d1</value>
         <object_component_ref idref="oc-143"/>
      </symbol>
      <symbol id="sm-c39">
         <name>__TI_dtors_ptr</name>
         <value>0x2000899c</value>
         <object_component_ref idref="oc-24b"/>
      </symbol>
      <symbol id="sm-c3a">
         <name>__TI_cleanup_ptr</name>
         <value>0x20008998</value>
         <object_component_ref idref="oc-24b"/>
      </symbol>
      <symbol id="sm-c3b">
         <name>__TI_enable_exit_profile_output</name>
         <value>0x200089a0</value>
         <object_component_ref idref="oc-24b"/>
      </symbol>
      <symbol id="sm-c3c">
         <name>exit</name>
         <value>0x825d</value>
         <object_component_ref idref="oc-149"/>
      </symbol>
      <symbol id="sm-c51">
         <name>_nop</name>
         <value>0x4467</value>
         <object_component_ref idref="oc-32f"/>
      </symbol>
      <symbol id="sm-c52">
         <name>_lock</name>
         <value>0x200089b0</value>
         <object_component_ref idref="oc-22e"/>
      </symbol>
      <symbol id="sm-c53">
         <name>_unlock</name>
         <value>0x200089b4</value>
         <object_component_ref idref="oc-22e"/>
      </symbol>
      <symbol id="sm-c62">
         <name>__TI_ltoa</name>
         <value>0x807f</value>
         <object_component_ref idref="oc-3d6"/>
      </symbol>
      <symbol id="sm-c78">
         <name>atoi</name>
         <value>0x81c9</value>
         <object_component_ref idref="oc-2e8"/>
      </symbol>
      <symbol id="sm-c83">
         <name>_ctypes_</name>
         <value>0x8fd4</value>
         <object_component_ref idref="oc-3b6"/>
      </symbol>
      <symbol id="sm-c98">
         <name>__TI_tmpnams</name>
         <value>0x200081e8</value>
      </symbol>
      <symbol id="sm-c99">
         <name>__aeabi_stdout</name>
         <value>0x20008990</value>
         <object_component_ref idref="oc-52c"/>
      </symbol>
      <symbol id="sm-c9a">
         <name>__aeabi_stderr</name>
         <value>0x20008994</value>
         <object_component_ref idref="oc-52c"/>
      </symbol>
      <symbol id="sm-c9b">
         <name>__aeabi_stdin</name>
         <value>0x2000898c</value>
         <object_component_ref idref="oc-52c"/>
      </symbol>
      <symbol id="sm-c9c">
         <name>_ftable</name>
         <value>0x20008758</value>
         <object_component_ref idref="oc-231"/>
      </symbol>
      <symbol id="sm-c9d">
         <name>__TI_ft_end</name>
         <value>0x20008988</value>
         <object_component_ref idref="oc-52c"/>
      </symbol>
      <symbol id="sm-cad">
         <name>memccpy</name>
         <value>0x86e1</value>
         <object_component_ref idref="oc-311"/>
      </symbol>
      <symbol id="sm-cbd">
         <name>memchr</name>
         <value>0x86a5</value>
         <object_component_ref idref="oc-43e"/>
      </symbol>
      <symbol id="sm-d46">
         <name>_sys_memory</name>
         <value>0x20008358</value>
         <object_component_ref idref="oc-29"/>
      </symbol>
      <symbol id="sm-d47">
         <name>free</name>
         <value>0x7491</value>
         <object_component_ref idref="oc-4dd"/>
      </symbol>
      <symbol id="sm-d48">
         <name>memalign</name>
         <value>0x7295</value>
         <object_component_ref idref="oc-51f"/>
      </symbol>
      <symbol id="sm-d49">
         <name>malloc</name>
         <value>0x87bd</value>
         <object_component_ref idref="oc-4e3"/>
      </symbol>
      <symbol id="sm-d4a">
         <name>aligned_alloc</name>
         <value>0x7295</value>
         <object_component_ref idref="oc-51f"/>
      </symbol>
      <symbol id="sm-d6f">
         <name>rand</name>
         <value>0x8549</value>
         <object_component_ref idref="oc-20c"/>
      </symbol>
      <symbol id="sm-d70">
         <name>srand</name>
         <value>0x8681</value>
         <object_component_ref idref="oc-206"/>
      </symbol>
      <symbol id="sm-d80">
         <name>strchr</name>
         <value>0x872f</value>
         <object_component_ref idref="oc-40d"/>
      </symbol>
      <symbol id="sm-d8e">
         <name>strlen</name>
         <value>0x8759</value>
         <object_component_ref idref="oc-2e2"/>
      </symbol>
      <symbol id="sm-da4">
         <name>__aeabi_errno_addr</name>
         <value>0x87b5</value>
         <object_component_ref idref="oc-31d"/>
      </symbol>
      <symbol id="sm-da5">
         <name>errno</name>
         <value>0x200089d0</value>
         <object_component_ref idref="oc-41d"/>
      </symbol>
      <symbol id="sm-db8">
         <name>__stack</name>
         <value>0x2000fe00</value>
         <object_component_ref idref="oc-2c"/>
      </symbol>
      <symbol id="sm-db9">
         <name>_c_int00_noargs</name>
         <value>0x8515</value>
         <object_component_ref idref="oc-58"/>
      </symbol>
      <symbol id="sm-dd3">
         <name>write</name>
         <value>0x8659</value>
         <object_component_ref idref="oc-44a"/>
      </symbol>
      <symbol id="sm-de4">
         <name>_stream</name>
         <value>0x200088c0</value>
         <object_component_ref idref="oc-4b9"/>
      </symbol>
      <symbol id="sm-de5">
         <name>_device</name>
         <value>0x20008848</value>
         <object_component_ref idref="oc-4fc"/>
      </symbol>
      <symbol id="sm-dfd">
         <name>__time32</name>
         <value>0x877f</value>
         <object_component_ref idref="oc-200"/>
      </symbol>
      <symbol id="sm-dfe">
         <name>time</name>
         <value>0x877f</value>
         <object_component_ref idref="oc-200"/>
      </symbol>
      <symbol id="sm-e0e">
         <name>__TI_doflush</name>
         <value>0x817b</value>
         <object_component_ref idref="oc-444"/>
      </symbol>
      <symbol id="sm-e1e">
         <name>__TI_cleanup</name>
         <value>0x84ad</value>
         <object_component_ref idref="oc-4e9"/>
      </symbol>
      <symbol id="sm-e30">
         <name>fseek</name>
         <value>0x7df5</value>
         <object_component_ref idref="oc-4a7"/>
      </symbol>
      <symbol id="sm-e3a">
         <name>copysign</name>
         <value>0x86fd</value>
         <object_component_ref idref="oc-48b"/>
      </symbol>
      <symbol id="sm-e3b">
         <name>copysignl</name>
         <value>0x86fd</value>
         <object_component_ref idref="oc-48b"/>
      </symbol>
      <symbol id="sm-e45">
         <name>__aeabi_idiv0</name>
         <value>0x6a73</value>
         <object_component_ref idref="oc-472"/>
      </symbol>
      <symbol id="sm-e46">
         <name>__aeabi_ldiv0</name>
         <value>0x6a73</value>
         <object_component_ref idref="oc-472"/>
      </symbol>
      <symbol id="sm-e6e">
         <name>__TI_auto_init_nobinit_nopinit</name>
         <value>0x8375</value>
         <object_component_ref idref="oc-14f"/>
      </symbol>
      <symbol id="sm-e78">
         <name>_system_pre_init</name>
         <value>0x87cd</value>
         <object_component_ref idref="oc-a5"/>
      </symbol>
      <symbol id="sm-e8b">
         <name>HOSTclose</name>
         <value>0x82ed</value>
         <object_component_ref idref="oc-538"/>
      </symbol>
      <symbol id="sm-e9c">
         <name>HOSTlseek</name>
         <value>0x7c59</value>
         <object_component_ref idref="oc-54a"/>
      </symbol>
      <symbol id="sm-eae">
         <name>parmbuf</name>
         <value>0x20008340</value>
      </symbol>
      <symbol id="sm-eaf">
         <name>HOSTopen</name>
         <value>0x7ebd</value>
         <object_component_ref idref="oc-532"/>
      </symbol>
      <symbol id="sm-ec0">
         <name>HOSTread</name>
         <value>0x7f79</value>
         <object_component_ref idref="oc-53e"/>
      </symbol>
      <symbol id="sm-ed1">
         <name>HOSTrename</name>
         <value>0x7bed</value>
         <object_component_ref idref="oc-556"/>
      </symbol>
      <symbol id="sm-ee9">
         <name>HOSTtime</name>
         <value>0x8215</value>
         <object_component_ref idref="oc-2c1"/>
      </symbol>
      <symbol id="sm-efa">
         <name>HOSTunlink</name>
         <value>0x8331</value>
         <object_component_ref idref="oc-550"/>
      </symbol>
      <symbol id="sm-f0b">
         <name>HOSTwrite</name>
         <value>0x7fd1</value>
         <object_component_ref idref="oc-544"/>
      </symbol>
      <symbol id="sm-f2f">
         <name>__TI_readmsg</name>
         <value>0x84e1</value>
         <object_component_ref idref="oc-39a"/>
      </symbol>
      <symbol id="sm-f30">
         <name>C$$IO$$</name>
         <value>0x846b</value>
         <object_component_ref idref="oc-394"/>
      </symbol>
      <symbol id="sm-f31">
         <name>__CIOBUF_</name>
         <value>0x20008000</value>
         <object_component_ref idref="oc-45e"/>
      </symbol>
      <symbol id="sm-f32">
         <name>__TI_writemsg</name>
         <value>0x843d</value>
         <object_component_ref idref="oc-394"/>
      </symbol>
      <symbol id="sm-f43">
         <name>lseek</name>
         <value>0x8631</value>
         <object_component_ref idref="oc-4d5"/>
      </symbol>
      <symbol id="sm-f58">
         <name>__TI_closefile</name>
         <value>0x7a99</value>
         <object_component_ref idref="oc-526"/>
      </symbol>
      <symbol id="sm-f7b">
         <name>finddevice</name>
         <value>0x857d</value>
         <object_component_ref idref="oc-5b7"/>
      </symbol>
      <symbol id="sm-f7c">
         <name>getdevice</name>
         <value>0x83b9</value>
         <object_component_ref idref="oc-597"/>
      </symbol>
      <symbol id="sm-f8b">
         <name>strcmp</name>
         <value>0x8717</value>
         <object_component_ref idref="oc-5ca"/>
      </symbol>
      <symbol id="sm-f99">
         <name>strcpy</name>
         <value>0x8745</value>
         <object_component_ref idref="oc-58a"/>
      </symbol>
      <symbol id="sm-fa9">
         <name>strncpy</name>
         <value>0x8475</value>
         <object_component_ref idref="oc-5b1"/>
      </symbol>
      <symbol id="sm-fbe">
         <name>close</name>
         <value>0x7f1d</value>
         <object_component_ref idref="oc-56e"/>
      </symbol>
      <symbol id="sm-fce">
         <name>unlink</name>
         <value>0x85dd</value>
         <object_component_ref idref="oc-574"/>
      </symbol>
      <symbol id="sm-fcf">
         <name>__TI_static_base__</name>
         <value>0x0</value>
      </symbol>
      <symbol id="sm-fd2">
         <name>__mpu_init</name>
         <value>0x0</value>
      </symbol>
      <symbol id="sm-fd3">
         <name>_system_post_cinit</name>
         <value>0x0</value>
      </symbol>
      <symbol id="sm-fd4">
         <name>NMI_Handler</name>
         <value>0x87a7</value>
      </symbol>
      <symbol id="sm-fd5">
         <name>HardFault_Handler</name>
         <value>0x87a7</value>
      </symbol>
      <symbol id="sm-fd6">
         <name>MemManage_Handler</name>
         <value>0x87a7</value>
      </symbol>
      <symbol id="sm-fd7">
         <name>BusFault_Handler</name>
         <value>0x87a7</value>
      </symbol>
      <symbol id="sm-fd8">
         <name>UsageFault_Handler</name>
         <value>0x87a7</value>
      </symbol>
      <symbol id="sm-fd9">
         <name>SVC_Handler</name>
         <value>0x87a7</value>
      </symbol>
      <symbol id="sm-fda">
         <name>DebugMon_Handler</name>
         <value>0x87a7</value>
      </symbol>
      <symbol id="sm-fdb">
         <name>PendSV_Handler</name>
         <value>0x87a7</value>
      </symbol>
      <symbol id="sm-fdc">
         <name>SysTick_Handler</name>
         <value>0x87a7</value>
      </symbol>
      <symbol id="sm-fdd">
         <name>PSS_IRQHandler</name>
         <value>0x87a7</value>
      </symbol>
      <symbol id="sm-fde">
         <name>CS_IRQHandler</name>
         <value>0x87a7</value>
      </symbol>
      <symbol id="sm-fdf">
         <name>PCM_IRQHandler</name>
         <value>0x87a7</value>
      </symbol>
      <symbol id="sm-fe0">
         <name>WDT_A_IRQHandler</name>
         <value>0x87a7</value>
      </symbol>
      <symbol id="sm-fe1">
         <name>FPU_IRQHandler</name>
         <value>0x87a7</value>
      </symbol>
      <symbol id="sm-fe2">
         <name>FLCTL_IRQHandler</name>
         <value>0x87a7</value>
      </symbol>
      <symbol id="sm-fe3">
         <name>COMP_E0_IRQHandler</name>
         <value>0x87a7</value>
      </symbol>
      <symbol id="sm-fe4">
         <name>COMP_E1_IRQHandler</name>
         <value>0x87a7</value>
      </symbol>
      <symbol id="sm-fe5">
         <name>TA0_0_IRQHandler</name>
         <value>0x87a7</value>
      </symbol>
      <symbol id="sm-fe6">
         <name>TA0_N_IRQHandler</name>
         <value>0x87a7</value>
      </symbol>
      <symbol id="sm-fe7">
         <name>TA1_0_IRQHandler</name>
         <value>0x87a7</value>
      </symbol>
      <symbol id="sm-fe8">
         <name>TA1_N_IRQHandler</name>
         <value>0x87a7</value>
      </symbol>
      <symbol id="sm-fe9">
         <name>TA2_0_IRQHandler</name>
         <value>0x87a7</value>
      </symbol>
      <symbol id="sm-fea">
         <name>TA2_N_IRQHandler</name>
         <value>0x87a7</value>
      </symbol>
      <symbol id="sm-feb">
         <name>TA3_0_IRQHandler</name>
         <value>0x87a7</value>
      </symbol>
      <symbol id="sm-fec">
         <name>TA3_N_IRQHandler</name>
         <value>0x87a7</value>
      </symbol>
      <symbol id="sm-fed">
         <name>EUSCIA0_IRQHandler</name>
         <value>0x87a7</value>
      </symbol>
      <symbol id="sm-fee">
         <name>EUSCIA1_IRQHandler</name>
         <value>0x87a7</value>
      </symbol>
      <symbol id="sm-fef">
         <name>EUSCIA2_IRQHandler</name>
         <value>0x87a7</value>
      </symbol>
      <symbol id="sm-ff0">
         <name>EUSCIA3_IRQHandler</name>
         <value>0x87a7</value>
      </symbol>
      <symbol id="sm-ff1">
         <name>EUSCIB0_IRQHandler</name>
         <value>0x87a7</value>
      </symbol>
      <symbol id="sm-ff2">
         <name>EUSCIB1_IRQHandler</name>
         <value>0x87a7</value>
      </symbol>
      <symbol id="sm-ff3">
         <name>EUSCIB2_IRQHandler</name>
         <value>0x87a7</value>
      </symbol>
      <symbol id="sm-ff4">
         <name>EUSCIB3_IRQHandler</name>
         <value>0x87a7</value>
      </symbol>
      <symbol id="sm-ff5">
         <name>ADC14_IRQHandler</name>
         <value>0x6863</value>
      </symbol>
      <symbol id="sm-ff6">
         <name>T32_INT1_IRQHandler</name>
         <value>0x87a7</value>
      </symbol>
      <symbol id="sm-ff7">
         <name>T32_INT2_IRQHandler</name>
         <value>0x87a7</value>
      </symbol>
      <symbol id="sm-ff8">
         <name>T32_INTC_IRQHandler</name>
         <value>0x87a7</value>
      </symbol>
      <symbol id="sm-ff9">
         <name>AES256_IRQHandler</name>
         <value>0x87a7</value>
      </symbol>
      <symbol id="sm-ffa">
         <name>RTC_C_IRQHandler</name>
         <value>0x87a7</value>
      </symbol>
      <symbol id="sm-ffb">
         <name>DMA_ERR_IRQHandler</name>
         <value>0x87a7</value>
      </symbol>
      <symbol id="sm-ffc">
         <name>DMA_INT3_IRQHandler</name>
         <value>0x87a7</value>
      </symbol>
      <symbol id="sm-ffd">
         <name>DMA_INT2_IRQHandler</name>
         <value>0x87a7</value>
      </symbol>
      <symbol id="sm-ffe">
         <name>DMA_INT1_IRQHandler</name>
         <value>0x87a7</value>
      </symbol>
      <symbol id="sm-fff">
         <name>DMA_INT0_IRQHandler</name>
         <value>0x87a7</value>
      </symbol>
      <symbol id="sm-1000">
         <name>PORT1_IRQHandler</name>
         <value>0x87a7</value>
      </symbol>
      <symbol id="sm-1001">
         <name>PORT2_IRQHandler</name>
         <value>0x87a7</value>
      </symbol>
      <symbol id="sm-1002">
         <name>PORT3_IRQHandler</name>
         <value>0x87a7</value>
      </symbol>
      <symbol id="sm-1003">
         <name>PORT4_IRQHandler</name>
         <value>0x87a7</value>
      </symbol>
      <symbol id="sm-1004">
         <name>PORT5_IRQHandler</name>
         <value>0x87a7</value>
      </symbol>
      <symbol id="sm-1005">
         <name>PORT6_IRQHandler</name>
         <value>0x87a7</value>
      </symbol>
      <symbol id="sm-1006">
         <name>remove</name>
         <value>0x85dd</value>
      </symbol>
   </symbol_table>
   <title>Link successful</title>
</link_info>
