******************************************************************************
                  TI ARM Linker PC v20.2.5                     
******************************************************************************
>> Linked Wed Dec  1 16:41:05 2021

OUTPUT FILE NAME:   <Project1.out>
ENTRY POINT SYMBOL: "_c_int00_noargs"  address: 00008515


MEMORY CONFIGURATION

         name            origin    length      used     unused   attr    fill
----------------------  --------  ---------  --------  --------  ----  --------
  MAIN                  00000000   00040000  0000919f  00036e61  R  X
  INFO                  00200000   00004000  00000000  00004000  R  X
  SRAM_CODE             01000000   00010000  00008bdc  00007424  RW X
  SRAM_DATA             20000000   00010000  00008bdc  00007424  RW  


SEGMENT ALLOCATION MAP

run origin  load origin   length   init length attrs members
----------  ----------- ---------- ----------- ----- -------
00000000    00000000    000091a0   000091a0    r-x
  00000000    00000000    000000e4   000000e4    r-- .intvecs
  000000e4    000000e4    000086f0   000086f0    r-x .text
  000087d4    000087d4    00000923   00000923    r-- .const
  000090f8    000090f8    000000a8   000000a8    r-- .cinit
20000000    20000000    000089dc   00000000    rw-
  20000000    20000000    00008358   00000000    rw- .bss
  20008358    20008358    00000400   00000000    rw- .sysmem
  20008758    20008758    00000284   00000000    rw- .data
2000fe00    2000fe00    00000200   00000000    rw-
  2000fe00    2000fe00    00000200   00000000    rw- .stack


SECTION ALLOCATION MAP

 output                                  attributes/
section   page    origin      length       input sections
--------  ----  ----------  ----------   ----------------
.intvecs   0    00000000    000000e4     
                  00000000    000000e4     startup_msp432p401r_ccs.obj (.intvecs:retain)

.text      0    000000e4    000086f0     
                  000000e4    00002810     tasks.obj (.text)
                  000028f4    00001124     queue.obj (.text)
                  00003a18    00000a4e     rtsv7M4_T_le_v4SPD16_eabi.lib : _printfi.c.obj (.text:__TI_printfi)
                  00004466    00000002                                   : _lock.c.obj (.text:_nop)
                  00004468    000007b0     lcd.obj (.text)
                  00004c18    00000720     timers.obj (.text)
                  00005338    00000454     heap_4.obj (.text)
                  0000578c    00000438     port.obj (.text)
                  00005bc4    000003a0     ece353_staff.lib : ece353_staff.obj (.text)
                  00005f64    00000354     system_msp432p401r.obj (.text)
                  000062b8    00000270     rtsv7M4_T_le_v4SPD16_eabi.lib : _printfi.c.obj (.text:_pconv_a)
                  00006528    000001d0                                   : _printfi.c.obj (.text:_pconv_g)
                  000066f8    000001c4     task_joystick.obj (.text)
                  000068bc    000001b6     rtsv7M4_T_le_v4SPD16_eabi.lib : fd_add_t2.asm.obj (.text)
                  00006a72    00000002                                   : div0.asm.obj (.text)
                  00006a74    0000013c                                   : _printfi.c.obj (.text:_pconv_e)
                  00006bb0    0000013c     main.obj (.text)
                  00006cec    00000136     rtsv7M4_T_le_v4SPD16_eabi.lib : fd_div_t2.asm.obj (.text)
                  00006e22    0000012a     list.obj (.text)
                  00006f4c    00000124     rtsv7M4_T_le_v4SPD16_eabi.lib : _printfi.c.obj (.text:fcvt)
                  00007070    00000114                                   : fputs.c.obj (.text:fputs)
                  00007184    00000110                                   : s_scalbn.c.obj (.text:scalbn)
                  00007294    00000100                                   : memory.c.obj (.text:aligned_alloc)
                  00007394    000000fc                                   : fd_mul_t2.asm.obj (.text)
                  00007490    000000e4                                   : memory.c.obj (.text:free)
                  00007574    000000dc                                   : setvbuf.c.obj (.text:setvbuf)
                  00007650    000000da     portasm.obj (.text)
                  0000772a    00000002     --HOLE-- [fill = 0]
                  0000772c    000000b1     rtsv7M4_T_le_v4SPD16_eabi.lib : _printfi.c.obj (.text:_ltostr)
                  000077dd    00000001     --HOLE-- [fill = 0]
                  000077de    0000009c                                   : memcpy_t2.asm.obj (.text)
                  0000787a    00000096                                   : ull_div_t2.asm.obj (.text)
                  00007910    00000086                                   : fd_cmp_t2.asm.obj (.text:__aeabi_cdcmple)
                  00007996    00000086                                   : fd_cmp_t2.asm.obj (.text:__aeabi_cdrcmple)
                  00007a1c    0000007a                                   : memset_t2.asm.obj (.text)
                  00007a96    00000002     --HOLE-- [fill = 0]
                  00007a98    00000074                                   : fclose.c.obj (.text:__TI_closefile)
                  00007b0c    00000070                                   : memory.c.obj (.text:split)
                  00007b7c    0000006e                                   : _printfi.c.obj (.text:_mcpy)
                  00007bea    00000002     --HOLE-- [fill = 0]
                  00007bec    0000006c                                   : hostrename.c.obj (.text:HOSTrename)
                  00007c58    00000068                                   : hostlseek.c.obj (.text:HOSTlseek)
                  00007cc0    00000068                                   : copy_decompress_lzss.c.obj (.text:decompress:lzss:__TI_decompress_lzss)
                  00007d28    00000068                                   : printf.c.obj (.text:printf)
                  00007d90    00000064                                   : s_frexp.c.obj (.text:frexp)
                  00007df4    00000064                                   : fseek.c.obj (.text:fseek)
                  00007e58    00000062                                   : _io_perm.c.obj (.text:__TI_wrt_ok)
                  00007eba    00000002     --HOLE-- [fill = 0]
                  00007ebc    00000060                                   : hostopen.c.obj (.text:HOSTopen)
                  00007f1c    0000005c                                   : close.c.obj (.text:close)
                  00007f78    00000058                                   : hostread.c.obj (.text:HOSTread)
                  00007fd0    00000058                                   : hostwrite.c.obj (.text:HOSTwrite)
                  00008028    00000056                                   : _printfi.c.obj (.text:_pconv_f)
                  0000807e    00000054                                   : _ltoa.c.obj (.text:__TI_ltoa)
                  000080d2    00000002     --HOLE-- [fill = 0]
                  000080d4    00000054     task_console.obj (.text)
                  00008128    00000052     rtsv7M4_T_le_v4SPD16_eabi.lib : _printfi.c.obj (.text:_ecpy)
                  0000817a    0000004c                                   : fflush.c.obj (.text:__TI_doflush)
                  000081c6    00000002     --HOLE-- [fill = 0]
                  000081c8    0000004c                                   : atoi.c.obj (.text:atoi)
                  00008214    00000048                                   : hosttime.c.obj (.text:HOSTtime)
                  0000825c    00000048                                   : exit.c.obj (.text:exit)
                  000082a4    00000048                                   : fd_toi_t2.asm.obj (.text)
                  000082ec    00000044                                   : hostclose.c.obj (.text:HOSTclose)
                  00008330    00000044                                   : hostunlink.c.obj (.text:HOSTunlink)
                  00008374    00000044                                   : autoinit.c.obj (.text:__TI_auto_init_nobinit_nopinit:__TI_auto_init_nobinit_nopinit)
                  000083b8    00000044                                   : getdevice.c.obj (.text:getdevice)
                  000083fc    0000003e                                   : _printfi.c.obj (.text:_fcpy)
                  0000843a    00000002     --HOLE-- [fill = 0]
                  0000843c    00000038                                   : trgmsg.c.obj (.text:__TI_writemsg)
                  00008474    00000036                                   : strncpy.c.obj (.text:strncpy)
                  000084aa    00000002     --HOLE-- [fill = 0]
                  000084ac    00000034                                   : fopen.c.obj (.text:__TI_cleanup)
                  000084e0    00000034                                   : trgmsg.c.obj (.text:__TI_readmsg)
                  00008514    00000034                                   : boot_cortex_m.c.obj (.text:_c_int00_noargs:_c_int00_noargs)
                  00008548    00000034                                   : rand.c.obj (.text:rand)
                  0000857c    00000030                                   : getdevice.c.obj (.text:finddevice)
                  000085ac    0000002e                                   : i_tofd_t2.asm.obj (.text)
                  000085da    00000002     --HOLE-- [fill = 0]
                  000085dc    0000002c                                   : unlink.c.obj (.text:unlink)
                  00008608    00000028                                   : memory.c.obj (.text:free_list_insert)
                  00008630    00000028                                   : lseek.c.obj (.text:lseek)
                  00008658    00000028                                   : write.c.obj (.text:write)
                  00008680    00000024                                   : rand.c.obj (.text:srand)
                  000086a4    00000020                                   : memchr.c.obj (.text:memchr)
                  000086c4    0000001c                                   : memory.c.obj (.text:free_list_remove)
                  000086e0    0000001c                                   : memccpy.c.obj (.text:memccpy)
                  000086fc    0000001a                                   : s_copysign.c.obj (.text:copysign)
                  00008716    00000018                                   : strcmp.c.obj (.text:strcmp)
                  0000872e    00000016                                   : strchr.c.obj (.text:strchr)
                  00008744    00000014                                   : strcpy.c.obj (.text:strcpy)
                  00008758    00000014                                   : strlen.c.obj (.text:strlen)
                  0000876c    00000012                                   : wcslen.c.obj (.text:wcslen)
                  0000877e    0000000e                                   : time.c.obj (.text:__time32)
                  0000878c    0000000e                                   : copy_decompress_none.c.obj (.text:decompress:none:__TI_decompress_none)
                  0000879a    0000000e     startup_msp432p401r_ccs.obj (.text)
                  000087a8    0000000c     rtsv7M4_T_le_v4SPD16_eabi.lib : copy_zero_init.c.obj (.text:decompress:ZI:__TI_zero_init)
                  000087b4    00000008                                   : errno.c.obj (.text:__aeabi_errno_addr)
                  000087bc    00000008                                   : memory.c.obj (.text:malloc)
                  000087c4    00000004                                   : printf.c.obj (.text:_outc)
                  000087c8    00000004                                   : printf.c.obj (.text:_outs)
                  000087cc    00000004                                   : pre_init.c.obj (.text:_system_pre_init)
                  000087d0    00000004                                   : exit.c.obj (.text:abort:abort)

.const     0    000087d4    00000923     
                  000087d4    00000800     image.obj (.const:.string:grid_image_bitmapBitmaps)
                  00008fd4    00000101     rtsv7M4_T_le_v4SPD16_eabi.lib : ctype.c.obj (.const:.string:_ctypes_)
                  000090d5    00000009     image.obj (.const:.string:grid_X)
                  000090de    00000009     image.obj (.const:.string:grid_Y)
                  000090e7    00000001     --HOLE-- [fill = 0]
                  000090e8    00000008     port.obj (.const)
                  000090f0    00000004     tasks.obj (.const)
                  000090f4    00000003     image.obj (.const)

.cinit     0    000090f8    000000a8     
                  000090f8    0000007f     (.cinit..data.load) [load image, compression = lzss]
                  00009177    00000001     --HOLE-- [fill = 0]
                  00009178    0000000c     (__TI_handler_table)
                  00009184    00000004     --HOLE-- [fill = 0]
                  00009188    00000008     (.cinit..bss.load) [load image, compression = zero_init]
                  00009190    00000010     (__TI_cinit_table)

.init_array 
*          0    00000000    00000000     UNINITIALIZED

.binit     0    00000000    00000000     

.bss       0    20000000    00008358     UNINITIALIZED
                  20000000    00008000     heap_4.obj (.bss:ucHeap)
                  20008000    00000120     rtsv7M4_T_le_v4SPD16_eabi.lib : trgmsg.c.obj (.bss:_CIOBUF_)
                  20008120    000000c8     tasks.obj (.bss:pxReadyTasksLists)
                  200081e8    000000a0     (.common:__TI_tmpnams)
                  20008288    00000014     timers.obj (.bss:xActiveTimerList1)
                  2000829c    00000014     timers.obj (.bss:xActiveTimerList2)
                  200082b0    00000014     tasks.obj (.bss:xDelayedTaskList1)
                  200082c4    00000014     tasks.obj (.bss:xDelayedTaskList2)
                  200082d8    00000014     tasks.obj (.bss:xPendingReadyList)
                  200082ec    00000014     tasks.obj (.bss:xSuspendedTaskList)
                  20008300    00000014     tasks.obj (.bss:xTasksWaitingTermination)
                  20008314    00000014     (.common:GEN_ANS)
                  20008328    00000008     tasks.obj (.bss)
                  20008330    00000008     timers.obj (.bss)
                  20008338    00000008     heap_4.obj (.bss:xStart)
                  20008340    00000008     (.common:parmbuf)
                  20008348    00000004     (.common:Queue_Console)
                  2000834c    00000004     (.common:Task_Console_Handle)
                  20008350    00000004     (.common:Task_Joystick_Bottom_Half_Handle)
                  20008354    00000004     (.common:Task_Joystick_Timer_Handle)

.sysmem    0    20008358    00000400     UNINITIALIZED
                  20008358    00000010     rtsv7M4_T_le_v4SPD16_eabi.lib : memory.c.obj (.sysmem)
                  20008368    000003f0     --HOLE--

.data      0    20008758    00000284     UNINITIALIZED
                  20008758    000000f0     rtsv7M4_T_le_v4SPD16_eabi.lib : defs.c.obj (.data:_ftable)
                  20008848    00000078                                   : host_device.c.obj (.data:_device)
                  200088c0    00000050                                   : host_device.c.obj (.data:_stream)
                  20008910    00000034     tasks.obj (.data)
                  20008944    00000018     heap_4.obj (.data)
                  2000895c    00000018     port.obj (.data)
                  20008974    00000012     lcd.obj (.data:USR_ANS)
                  20008986    00000002     --HOLE--
                  20008988    00000010     rtsv7M4_T_le_v4SPD16_eabi.lib : defs.c.obj (.data)
                  20008998    0000000c                                   : exit.c.obj (.data:$O1$$)
                  200089a4    0000000c     timers.obj (.data)
                  200089b0    00000008     rtsv7M4_T_le_v4SPD16_eabi.lib : _lock.c.obj (.data:$O1$$)
                  200089b8    00000008                                   : memory.c.obj (.data:$O1$$)
                  200089c0    00000008     task_joystick.obj (.data)
                  200089c8    00000006     lcd.obj (.data:COLORS)
                  200089ce    00000002     --HOLE--
                  200089d0    00000004     rtsv7M4_T_le_v4SPD16_eabi.lib : errno.c.obj (.data)
                  200089d4    00000004                                   : rand.c.obj (.data)
                  200089d8    00000004     system_msp432p401r.obj (.data)

.stack     0    2000fe00    00000200     UNINITIALIZED
                  2000fe00    00000004     rtsv7M4_T_le_v4SPD16_eabi.lib : boot_cortex_m.c.obj (.stack)
                  2000fe04    000001fc     --HOLE--

__llvm_prf_cnts 
*          0    20000000    00000000     UNINITIALIZED

MODULE SUMMARY

       Module                        code    ro data   rw data
       ------                        ----    -------   -------
    .\
       image.obj                     0       2069      0      
       lcd.obj                       1968    0         88     
       system_msp432p401r.obj        852     0         8      
       task_joystick.obj             452     0         32     
       main.obj                      316     0         0      
       startup_msp432p401r_ccs.obj   14      228       0      
       task_console.obj              84      0         16     
    +--+-----------------------------+-------+---------+---------+
       Total:                        3686    2297      144    
                                                              
    .\FreeRTOS\
       heap_4.obj                    1108    0         65600  
       tasks.obj                     10256   4         720    
       queue.obj                     4388    0         0      
       timers.obj                    1824    0         120    
       list.obj                      298     0         0      
    +--+-----------------------------+-------+---------+---------+
       Total:                        17874   4         66440  
                                                              
    .\FreeRTOS\portable\
       port.obj                      1080    8         48     
       portasm.obj                   218     0         0      
    +--+-----------------------------+-------+---------+---------+
       Total:                        1298    8         48     
                                                              
    ../ece353_staff.lib
       ece353_staff.obj              928     0         0      
    +--+-----------------------------+-------+---------+---------+
       Total:                        928     0         0      
                                                              
    C:\ti\ccs\ccs\tools\compiler\ti-cgt-arm_20.2.5.LTS\lib\rtsv7M4_T_le_v4SPD16_eabi.lib
       _printfi.c.obj                4851    0         0      
       defs.c.obj                    0       0         832    
       memory.c.obj                  672     0         16     
       trgmsg.c.obj                  108     0         576    
       fd_add_t2.asm.obj             438     0         0      
       host_device.c.obj             0       0         400    
       fd_div_t2.asm.obj             310     0         0      
       fputs.c.obj                   276     0         0      
       s_scalbn.c.obj                272     0         0      
       fd_cmp_t2.asm.obj             268     0         0      
       ctype.c.obj                   0       257       0      
       fd_mul_t2.asm.obj             252     0         0      
       setvbuf.c.obj                 220     0         0      
       memcpy_t2.asm.obj             156     0         0      
       ull_div_t2.asm.obj            150     0         0      
       memset_t2.asm.obj             122     0         0      
       fclose.c.obj                  116     0         0      
       getdevice.c.obj               116     0         0      
       hostopen.c.obj                96      0         16     
       printf.c.obj                  112     0         0      
       hostrename.c.obj              108     0         0      
       copy_decompress_lzss.c.obj    104     0         0      
       hostlseek.c.obj               104     0         0      
       exit.c.obj                    76      0         24     
       fseek.c.obj                   100     0         0      
       s_frexp.c.obj                 100     0         0      
       _io_perm.c.obj                98      0         0      
       rand.c.obj                    88      0         8      
       close.c.obj                   92      0         0      
       hostread.c.obj                88      0         0      
       hostwrite.c.obj               88      0         0      
       _ltoa.c.obj                   84      0         0      
       atoi.c.obj                    76      0         0      
       fflush.c.obj                  76      0         0      
       fd_toi_t2.asm.obj             72      0         0      
       hosttime.c.obj                72      0         0      
       autoinit.c.obj                68      0         0      
       hostclose.c.obj               68      0         0      
       hostunlink.c.obj              68      0         0      
       strncpy.c.obj                 54      0         0      
       boot_cortex_m.c.obj           52      0         0      
       fopen.c.obj                   52      0         0      
       i_tofd_t2.asm.obj             46      0         0      
       unlink.c.obj                  44      0         0      
       lseek.c.obj                   40      0         0      
       write.c.obj                   40      0         0      
       memchr.c.obj                  32      0         0      
       memccpy.c.obj                 28      0         0      
       s_copysign.c.obj              26      0         0      
       strcmp.c.obj                  24      0         0      
       strchr.c.obj                  22      0         0      
       strcpy.c.obj                  20      0         0      
       strlen.c.obj                  20      0         0      
       _lock.c.obj                   2       0         16     
       wcslen.c.obj                  18      0         0      
       errno.c.obj                   8       0         8      
       copy_decompress_none.c.obj    14      0         0      
       time.c.obj                    14      0         0      
       copy_zero_init.c.obj          12      0         0      
       pre_init.c.obj                4       0         0      
       div0.asm.obj                  2       0         0      
    +--+-----------------------------+-------+---------+---------+
       Total:                        10739   257       1896   
                                                              
       Heap:                         0       0         2048   
       Stack:                        0       0         1024   
       Linker Generated:             0       163       0      
    +--+-----------------------------+-------+---------+---------+
       Grand Total:                  34525   2729      71600  


LINKER GENERATED COPY TABLES

__TI_cinit_table @ 00009190 records: 2, size/record: 8, table size: 16
	.data: load addr=000090f8, load size=0000007f bytes, run addr=20008758, run size=00000284 bytes, compression=lzss
	.bss: load addr=00009188, load size=00000008 bytes, run addr=20000000, run size=00008358 bytes, compression=zero_init


LINKER GENERATED HANDLER TABLE

__TI_handler_table @ 00009178 records: 3, size/record: 4, table size: 12
	index: 0, handler: __TI_decompress_lzss
	index: 1, handler: __TI_decompress_none
	index: 2, handler: __TI_zero_init


GLOBAL SYMBOLS: SORTED ALPHABETICALLY BY Name 

address   name                               
-------   ----                               
00006863  ADC14_IRQHandler                   
00006863  ADC14_IRQHandler                   
000087a7  AES256_IRQHandler                  
000087a7  BusFault_Handler                   
000087d1  C$$EXIT                            
0000846b  C$$IO$$                            
200089c8  COLORS                             
000087a7  COMP_E0_IRQHandler                 
000087a7  COMP_E1_IRQHandler                 
000087a7  CS_IRQHandler                      
000045b1  Crystalfontz128x128_Init           
00004541  Crystalfontz128x128_SetDrawFrame   
000087a7  DMA_ERR_IRQHandler                 
000087a7  DMA_INT0_IRQHandler                
000087a7  DMA_INT1_IRQHandler                
000087a7  DMA_INT2_IRQHandler                
000087a7  DMA_INT3_IRQHandler                
000087a7  DebugMon_Handler                   
000087a7  Default_Handler                    
000087a7  EUSCIA0_IRQHandler                 
000087a7  EUSCIA1_IRQHandler                 
000087a7  EUSCIA2_IRQHandler                 
000087a7  EUSCIA3_IRQHandler                 
000087a7  EUSCIB0_IRQHandler                 
000087a7  EUSCIB1_IRQHandler                 
000087a7  EUSCIB2_IRQHandler                 
000087a7  EUSCIB3_IRQHandler                 
000087a7  FLCTL_IRQHandler                   
000087a7  FPU_IRQHandler                     
20008314  GEN_ANS                            
00004469  HAL_LCD_PortInit                   
000044b1  HAL_LCD_SpiInit                    
000044e5  HAL_LCD_writeCommand               
0000451d  HAL_LCD_writeData                  
000082ed  HOSTclose                          
00007c59  HOSTlseek                          
00007ebd  HOSTopen                           
00007f79  HOSTread                           
00007bed  HOSTrename                         
00008215  HOSTtime                           
00008331  HOSTunlink                         
00007fd1  HOSTwrite                          
000087a7  HardFault_Handler                  
200089c0  JOYSTICK_X_DIR                     
200089c4  JOYSTICK_Y_DIR                     
000087a7  MemManage_Handler                  
000087a7  NMI_Handler                        
000087a7  PCM_IRQHandler                     
000087a7  PORT1_IRQHandler                   
000087a7  PORT2_IRQHandler                   
000087a7  PORT3_IRQHandler                   
000087a7  PORT4_IRQHandler                   
000087a7  PORT5_IRQHandler                   
000087a7  PORT6_IRQHandler                   
000087a7  PSS_IRQHandler                     
000087a7  PendSV_Handler                     
20008348  Queue_Console                      
000087a7  RTC_C_IRQHandler                   
0000879b  Reset_Handler                      
000087a7  SVC_Handler                        
000087a7  SysTick_Handler                    
200089d8  SystemCoreClock                    
00005f65  SystemCoreClockUpdate              
000061dd  SystemInit                         
000087a7  T32_INT1_IRQHandler                
000087a7  T32_INT2_IRQHandler                
000087a7  T32_INTC_IRQHandler                
000087a7  TA0_0_IRQHandler                   
000087a7  TA0_N_IRQHandler                   
000087a7  TA1_0_IRQHandler                   
000087a7  TA1_N_IRQHandler                   
000087a7  TA2_0_IRQHandler                   
000087a7  TA2_N_IRQHandler                   
000087a7  TA3_0_IRQHandler                   
000087a7  TA3_N_IRQHandler                   
000080d5  Task_Console                       
2000834c  Task_Console_Handle                
0000670f  Task_Joystick_Bottom_Half          
20008350  Task_Joystick_Bottom_Half_Handle   
000066f9  Task_Joystick_Timer                
20008354  Task_Joystick_Timer_Handle         
20008974  USR_ANS                            
000087a7  UsageFault_Handler                 
4000480c  WDTCTL_SYM                         
000087a7  WDT_A_IRQHandler                   
20008000  __CIOBUF_                          
20010000  __STACK_END                        
00000200  __STACK_SIZE                       
00000400  __SYSMEM_SIZE                      
00009190  __TI_CINIT_Base                    
000091a0  __TI_CINIT_Limit                   
00009178  __TI_Handler_Table_Base            
00009184  __TI_Handler_Table_Limit           
00008375  __TI_auto_init_nobinit_nopinit     
000084ad  __TI_cleanup                       
20008998  __TI_cleanup_ptr                   
00007a99  __TI_closefile                     
00007cc1  __TI_decompress_lzss               
0000878d  __TI_decompress_none               
0000817b  __TI_doflush                       
2000899c  __TI_dtors_ptr                     
200089a0  __TI_enable_exit_profile_output    
20008988  __TI_ft_end                        
0000807f  __TI_ltoa                          
ffffffff  __TI_pprof_out_hndl                
00003a19  __TI_printfi                       
ffffffff  __TI_prof_data_size                
ffffffff  __TI_prof_data_start               
000084e1  __TI_readmsg                       
00000000  __TI_static_base__                 
200081e8  __TI_tmpnams                       
0000843d  __TI_writemsg                      
00007e59  __TI_wrt_ok                        
000087a9  __TI_zero_init                     
00007911  __aeabi_cdcmpeq                    
00007911  __aeabi_cdcmple                    
00007997  __aeabi_cdrcmple                   
000082a5  __aeabi_d2iz                       
000068c7  __aeabi_dadd                       
00006ced  __aeabi_ddiv                       
00007395  __aeabi_dmul                       
000068bd  __aeabi_dsub                       
000087b5  __aeabi_errno_addr                 
000085ad  __aeabi_i2d                        
00006a73  __aeabi_idiv0                      
00006a73  __aeabi_ldiv0                      
00007a1d  __aeabi_memclr                     
00007a1d  __aeabi_memclr4                    
00007a1d  __aeabi_memclr8                    
000077df  __aeabi_memcpy                     
000077df  __aeabi_memcpy4                    
000077df  __aeabi_memcpy8                    
00007a1f  __aeabi_memset                     
00007a1f  __aeabi_memset4                    
00007a1f  __aeabi_memset8                    
20008994  __aeabi_stderr                     
2000898c  __aeabi_stdin                      
20008990  __aeabi_stdout                     
0000787b  __aeabi_uldivmod                   
ffffffff  __binit__                          
ffffffff  __c_args__                         
UNDEFED   __mpu_init                         
2000fe00  __stack                            
20000000  __start___llvm_prf_cnts            
20000000  __stop___llvm_prf_cnts             
0000877f  __time32                           
00008515  _c_int00_noargs                    
00008fd4  _ctypes_                           
20008848  _device                            
20008758  _ftable                            
200089b0  _lock                              
00004467  _nop                               
200088c0  _stream                            
20008358  _sys_memory                        
UNDEFED   _system_post_cinit                 
000087cd  _system_pre_init                   
200089b4  _unlock                            
000087d1  abort                              
00007295  aligned_alloc                      
000081c9  atoi                               
ffffffff  binit                              
00007f1d  close                              
000086fd  copysign                           
000086fd  copysignl                          
0000186b  eTaskConfirmSleepModeStatus        
000005a1  eTaskGetState                      
00005e37  ece353_staff_MKII_RGB_LED          
00005daf  ece353_staff_MKII_S1               
00005dbf  ece353_staff_MKII_S2               
00005dcf  ece353_staff_RGB_LED               
00005e9f  ece353_staff_init                  
00005d87  ece353_staff_led1                  
200089d0  errno                              
0000825d  exit                               
0000857d  finddevice                         
00005d69  fputc                              
00007071  fputs                              
00007491  free                               
00007d91  frexp                              
00007d91  frexpl                             
00007df5  fseek                              
000083b9  getdevice                          
000090d5  grid_X                             
000090de  grid_Y                             
000087d4  grid_image_bitmapBitmaps           
000090f5  grid_image_bitmapHeightPixels      
000090f4  grid_image_bitmapWidthPixels       
00000000  interruptVectors                   
00004bd5  lcd_clear_grid                     
00004ae5  lcd_draw_block_grid                
00004b0f  lcd_draw_block_outline_grid        
00004965  lcd_draw_image                     
000046d3  lcd_draw_rectangle                 
000047f1  lcd_draw_rectangle_outline         
00004b3f  lcd_generate_grid                  
00007185  ldexp                              
00007185  ldexpl                             
00008631  lseek                              
00006bb1  main                               
000087bd  malloc                             
00007295  memalign                           
000086e1  memccpy                            
000086a5  memchr                             
000077df  memcpy                             
00007a25  memset                             
20008340  parmbuf                            
00000d95  pcTaskGetName                      
00004e6f  pcTimerGetName                     
00007d29  printf                             
00005339  pvPortMalloc                       
00001907  pvTaskGetThreadLocalStoragePointer 
00001fa9  pvTaskIncrementMutexHeldCount      
000052a9  pvTimerGetTimerID                  
20008910  pxCurrentTCB                       
0000578d  pxPortInitialiseStack              
00008549  rand                               
000085dd  remove                             
00007185  scalbn                             
00007185  scalbnl                            
00007575  setvbuf                            
000090f6  size_of_square                     
00008681  srand                              
0000872f  strchr                             
00008717  strcmp                             
00008745  strcpy                             
00008759  strlen                             
00008475  strncpy                            
0000877f  time                               
0000372f  ucQueueGetQueueType                
000090e8  ulMaxSyscallInterruptPriority      
00007661  ulPortGetIPSR                      
00001fc1  ulTaskGenericNotifyTake            
000027b9  ulTaskGenericNotifyValueClear      
000085dd  unlink                             
00006f05  uxListRemove                       
0000370f  uxQueueGetQueueNumber              
0000365d  uxQueueMessagesWaiting             
000036c1  uxQueueMessagesWaitingFromISR      
0000368d  uxQueueSpacesAvailable             
00000d85  uxTaskGetNumberOfTasks             
00000dd9  uxTaskGetSystemState               
000017d1  uxTaskGetTaskNumber                
0000067d  uxTaskPriorityGet                  
000006a5  uxTaskPriorityGetFromISR           
00001f83  uxTaskResetEventItemValue          
00004e09  uxTimerGetReloadMode               
00005305  uxTimerGetTimerNumber              
000090f0  uxTopUsedPriority                  
00006c3f  vApplicationMallocFailedHook       
00006c41  vApplicationStackOverflowHook      
00006e23  vListInitialise                    
00006e53  vListInitialiseItem                
00006e9f  vListInsert                        
00006e63  vListInsertEnd                     
0000771d  vPortEnableVFP                     
000058d1  vPortEndScheduler                  
000058f5  vPortEnterCritical                 
00005937  vPortExitCritical                  
000054cb  vPortFree                          
000056cd  vPortGetHeapStats                  
00005571  vPortInitialiseBlocks              
000076d9  vPortSVCHandler                    
00005ae9  vPortSetupTimerInterrupt           
000076f9  vPortStartFirstTask                
00005991  vPortSuppressTicksAndSleep         
00005b31  vPortValidateInterruptPriority     
000036eb  vQueueDelete                       
0000371d  vQueueSetQueueNumber               
000039bd  vQueueWaitForMessageRestricted     
00000541  vTaskDelay                         
0000037d  vTaskDelete                        
00000b23  vTaskEndScheduler                  
000025a1  vTaskGenericNotifyGiveFromISR      
000019e1  vTaskGetInfo                       
000016f3  vTaskInternalSetTimeOutState       
000017c5  vTaskMissedYield                   
000012bf  vTaskPlaceOnEventList              
0000139d  vTaskPlaceOnEventListRestricted    
000012fd  vTaskPlaceOnUnorderedEventList     
00001e39  vTaskPriorityDisinheritAfterTimeout
000006e9  vTaskPrioritySet                   
00001581  vTaskRemoveFromUnorderedEventList  
000009c5  vTaskResume                        
00001129  vTaskSetApplicationTaskTag         
000017f5  vTaskSetTaskNumber                 
000018bf  vTaskSetThreadLocalStoragePointer  
000016c1  vTaskSetTimeOutState               
00000aa9  vTaskStartScheduler                
00000eb3  vTaskStepTick                      
00000869  vTaskSuspend                       
00000b3f  vTaskSuspendAll                    
000011f9  vTaskSwitchContext                 
00004dbf  vTimerSetReloadMode                
000052d7  vTimerSetTimerID                   
00005313  vTimerSetTimerNumber               
0000876d  wcslen                             
00008659  write                              
00005565  xPortGetFreeHeapSize               
0000556b  xPortGetMinimumEverFreeHeapSize    
00007679  xPortPendSVHandler                 
00005819  xPortStartScheduler                
00005963  xPortSysTickHandler                
00002bb9  xQueueCreateCountingSemaphore      
00002ae5  xQueueCreateMutex                  
000029f5  xQueueGenericCreate                
000028f5  xQueueGenericReset                 
00002c05  xQueueGenericSend                  
00002db9  xQueueGenericSendFromISR           
00002ee5  xQueueGiveFromISR                  
00002b11  xQueueGiveMutexRecursive           
00003929  xQueueIsQueueEmptyFromISR          
00003983  xQueueIsQueueFullFromISR           
0000333d  xQueuePeek                         
000035b1  xQueuePeekFromISR                  
00002ff3  xQueueReceive                      
000034bb  xQueueReceiveFromISR               
0000316b  xQueueSemaphoreTake                
00002b61  xQueueTakeMutexRecursive           
000011bb  xTaskCallApplicationTaskHook       
00000ef1  xTaskCatchUpTicks                  
00001719  xTaskCheckForTimeOut               
000000e5  xTaskCreate                        
00000451  xTaskDelayUntil                    
00002161  xTaskGenericNotify                 
0000234b  xTaskGenericNotifyFromISR          
00002751  xTaskGenericNotifyStateClear       
00002079  xTaskGenericNotifyWait             
00001159  xTaskGetApplicationTaskTag         
00001181  xTaskGetApplicationTaskTagFromISR  
00001bb9  xTaskGetCurrentTaskHandle          
00001bc9  xTaskGetSchedulerState             
00000d61  xTaskGetTickCount                  
00000d71  xTaskGetTickCountFromISR           
00000f3d  xTaskIncrementTick                 
00001d27  xTaskPriorityDisinherit            
00001c11  xTaskPriorityInherit               
00001411  xTaskRemoveFromEventList           
00000bad  xTaskResumeAll                     
00004c59  xTimerCreate                       
00004c19  xTimerCreateTimerTask              
00004cf7  xTimerGenericCommand               
00004e45  xTimerGetExpiryTime                
00004d99  xTimerGetPeriod                    
00004d77  xTimerGetTimerDaemonTaskHandle     
00005269  xTimerIsTimerActive                


GLOBAL SYMBOLS: SORTED BY Symbol Address 

address   name                               
-------   ----                               
00000000  __TI_static_base__                 
00000000  interruptVectors                   
000000e5  xTaskCreate                        
00000200  __STACK_SIZE                       
0000037d  vTaskDelete                        
00000400  __SYSMEM_SIZE                      
00000451  xTaskDelayUntil                    
00000541  vTaskDelay                         
000005a1  eTaskGetState                      
0000067d  uxTaskPriorityGet                  
000006a5  uxTaskPriorityGetFromISR           
000006e9  vTaskPrioritySet                   
00000869  vTaskSuspend                       
000009c5  vTaskResume                        
00000aa9  vTaskStartScheduler                
00000b23  vTaskEndScheduler                  
00000b3f  vTaskSuspendAll                    
00000bad  xTaskResumeAll                     
00000d61  xTaskGetTickCount                  
00000d71  xTaskGetTickCountFromISR           
00000d85  uxTaskGetNumberOfTasks             
00000d95  pcTaskGetName                      
00000dd9  uxTaskGetSystemState               
00000eb3  vTaskStepTick                      
00000ef1  xTaskCatchUpTicks                  
00000f3d  xTaskIncrementTick                 
00001129  vTaskSetApplicationTaskTag         
00001159  xTaskGetApplicationTaskTag         
00001181  xTaskGetApplicationTaskTagFromISR  
000011bb  xTaskCallApplicationTaskHook       
000011f9  vTaskSwitchContext                 
000012bf  vTaskPlaceOnEventList              
000012fd  vTaskPlaceOnUnorderedEventList     
0000139d  vTaskPlaceOnEventListRestricted    
00001411  xTaskRemoveFromEventList           
00001581  vTaskRemoveFromUnorderedEventList  
000016c1  vTaskSetTimeOutState               
000016f3  vTaskInternalSetTimeOutState       
00001719  xTaskCheckForTimeOut               
000017c5  vTaskMissedYield                   
000017d1  uxTaskGetTaskNumber                
000017f5  vTaskSetTaskNumber                 
0000186b  eTaskConfirmSleepModeStatus        
000018bf  vTaskSetThreadLocalStoragePointer  
00001907  pvTaskGetThreadLocalStoragePointer 
000019e1  vTaskGetInfo                       
00001bb9  xTaskGetCurrentTaskHandle          
00001bc9  xTaskGetSchedulerState             
00001c11  xTaskPriorityInherit               
00001d27  xTaskPriorityDisinherit            
00001e39  vTaskPriorityDisinheritAfterTimeout
00001f83  uxTaskResetEventItemValue          
00001fa9  pvTaskIncrementMutexHeldCount      
00001fc1  ulTaskGenericNotifyTake            
00002079  xTaskGenericNotifyWait             
00002161  xTaskGenericNotify                 
0000234b  xTaskGenericNotifyFromISR          
000025a1  vTaskGenericNotifyGiveFromISR      
00002751  xTaskGenericNotifyStateClear       
000027b9  ulTaskGenericNotifyValueClear      
000028f5  xQueueGenericReset                 
000029f5  xQueueGenericCreate                
00002ae5  xQueueCreateMutex                  
00002b11  xQueueGiveMutexRecursive           
00002b61  xQueueTakeMutexRecursive           
00002bb9  xQueueCreateCountingSemaphore      
00002c05  xQueueGenericSend                  
00002db9  xQueueGenericSendFromISR           
00002ee5  xQueueGiveFromISR                  
00002ff3  xQueueReceive                      
0000316b  xQueueSemaphoreTake                
0000333d  xQueuePeek                         
000034bb  xQueueReceiveFromISR               
000035b1  xQueuePeekFromISR                  
0000365d  uxQueueMessagesWaiting             
0000368d  uxQueueSpacesAvailable             
000036c1  uxQueueMessagesWaitingFromISR      
000036eb  vQueueDelete                       
0000370f  uxQueueGetQueueNumber              
0000371d  vQueueSetQueueNumber               
0000372f  ucQueueGetQueueType                
00003929  xQueueIsQueueEmptyFromISR          
00003983  xQueueIsQueueFullFromISR           
000039bd  vQueueWaitForMessageRestricted     
00003a19  __TI_printfi                       
00004467  _nop                               
00004469  HAL_LCD_PortInit                   
000044b1  HAL_LCD_SpiInit                    
000044e5  HAL_LCD_writeCommand               
0000451d  HAL_LCD_writeData                  
00004541  Crystalfontz128x128_SetDrawFrame   
000045b1  Crystalfontz128x128_Init           
000046d3  lcd_draw_rectangle                 
000047f1  lcd_draw_rectangle_outline         
00004965  lcd_draw_image                     
00004ae5  lcd_draw_block_grid                
00004b0f  lcd_draw_block_outline_grid        
00004b3f  lcd_generate_grid                  
00004bd5  lcd_clear_grid                     
00004c19  xTimerCreateTimerTask              
00004c59  xTimerCreate                       
00004cf7  xTimerGenericCommand               
00004d77  xTimerGetTimerDaemonTaskHandle     
00004d99  xTimerGetPeriod                    
00004dbf  vTimerSetReloadMode                
00004e09  uxTimerGetReloadMode               
00004e45  xTimerGetExpiryTime                
00004e6f  pcTimerGetName                     
00005269  xTimerIsTimerActive                
000052a9  pvTimerGetTimerID                  
000052d7  vTimerSetTimerID                   
00005305  uxTimerGetTimerNumber              
00005313  vTimerSetTimerNumber               
00005339  pvPortMalloc                       
000054cb  vPortFree                          
00005565  xPortGetFreeHeapSize               
0000556b  xPortGetMinimumEverFreeHeapSize    
00005571  vPortInitialiseBlocks              
000056cd  vPortGetHeapStats                  
0000578d  pxPortInitialiseStack              
00005819  xPortStartScheduler                
000058d1  vPortEndScheduler                  
000058f5  vPortEnterCritical                 
00005937  vPortExitCritical                  
00005963  xPortSysTickHandler                
00005991  vPortSuppressTicksAndSleep         
00005ae9  vPortSetupTimerInterrupt           
00005b31  vPortValidateInterruptPriority     
00005d69  fputc                              
00005d87  ece353_staff_led1                  
00005daf  ece353_staff_MKII_S1               
00005dbf  ece353_staff_MKII_S2               
00005dcf  ece353_staff_RGB_LED               
00005e37  ece353_staff_MKII_RGB_LED          
00005e9f  ece353_staff_init                  
00005f65  SystemCoreClockUpdate              
000061dd  SystemInit                         
000066f9  Task_Joystick_Timer                
0000670f  Task_Joystick_Bottom_Half          
00006863  ADC14_IRQHandler                   
00006863  ADC14_IRQHandler                   
000068bd  __aeabi_dsub                       
000068c7  __aeabi_dadd                       
00006a73  __aeabi_idiv0                      
00006a73  __aeabi_ldiv0                      
00006bb1  main                               
00006c3f  vApplicationMallocFailedHook       
00006c41  vApplicationStackOverflowHook      
00006ced  __aeabi_ddiv                       
00006e23  vListInitialise                    
00006e53  vListInitialiseItem                
00006e63  vListInsertEnd                     
00006e9f  vListInsert                        
00006f05  uxListRemove                       
00007071  fputs                              
00007185  ldexp                              
00007185  ldexpl                             
00007185  scalbn                             
00007185  scalbnl                            
00007295  aligned_alloc                      
00007295  memalign                           
00007395  __aeabi_dmul                       
00007491  free                               
00007575  setvbuf                            
00007661  ulPortGetIPSR                      
00007679  xPortPendSVHandler                 
000076d9  vPortSVCHandler                    
000076f9  vPortStartFirstTask                
0000771d  vPortEnableVFP                     
000077df  __aeabi_memcpy                     
000077df  __aeabi_memcpy4                    
000077df  __aeabi_memcpy8                    
000077df  memcpy                             
0000787b  __aeabi_uldivmod                   
00007911  __aeabi_cdcmpeq                    
00007911  __aeabi_cdcmple                    
00007997  __aeabi_cdrcmple                   
00007a1d  __aeabi_memclr                     
00007a1d  __aeabi_memclr4                    
00007a1d  __aeabi_memclr8                    
00007a1f  __aeabi_memset                     
00007a1f  __aeabi_memset4                    
00007a1f  __aeabi_memset8                    
00007a25  memset                             
00007a99  __TI_closefile                     
00007bed  HOSTrename                         
00007c59  HOSTlseek                          
00007cc1  __TI_decompress_lzss               
00007d29  printf                             
00007d91  frexp                              
00007d91  frexpl                             
00007df5  fseek                              
00007e59  __TI_wrt_ok                        
00007ebd  HOSTopen                           
00007f1d  close                              
00007f79  HOSTread                           
00007fd1  HOSTwrite                          
0000807f  __TI_ltoa                          
000080d5  Task_Console                       
0000817b  __TI_doflush                       
000081c9  atoi                               
00008215  HOSTtime                           
0000825d  exit                               
000082a5  __aeabi_d2iz                       
000082ed  HOSTclose                          
00008331  HOSTunlink                         
00008375  __TI_auto_init_nobinit_nopinit     
000083b9  getdevice                          
0000843d  __TI_writemsg                      
0000846b  C$$IO$$                            
00008475  strncpy                            
000084ad  __TI_cleanup                       
000084e1  __TI_readmsg                       
00008515  _c_int00_noargs                    
00008549  rand                               
0000857d  finddevice                         
000085ad  __aeabi_i2d                        
000085dd  remove                             
000085dd  unlink                             
00008631  lseek                              
00008659  write                              
00008681  srand                              
000086a5  memchr                             
000086e1  memccpy                            
000086fd  copysign                           
000086fd  copysignl                          
00008717  strcmp                             
0000872f  strchr                             
00008745  strcpy                             
00008759  strlen                             
0000876d  wcslen                             
0000877f  __time32                           
0000877f  time                               
0000878d  __TI_decompress_none               
0000879b  Reset_Handler                      
000087a7  AES256_IRQHandler                  
000087a7  BusFault_Handler                   
000087a7  COMP_E0_IRQHandler                 
000087a7  COMP_E1_IRQHandler                 
000087a7  CS_IRQHandler                      
000087a7  DMA_ERR_IRQHandler                 
000087a7  DMA_INT0_IRQHandler                
000087a7  DMA_INT1_IRQHandler                
000087a7  DMA_INT2_IRQHandler                
000087a7  DMA_INT3_IRQHandler                
000087a7  DebugMon_Handler                   
000087a7  Default_Handler                    
000087a7  EUSCIA0_IRQHandler                 
000087a7  EUSCIA1_IRQHandler                 
000087a7  EUSCIA2_IRQHandler                 
000087a7  EUSCIA3_IRQHandler                 
000087a7  EUSCIB0_IRQHandler                 
000087a7  EUSCIB1_IRQHandler                 
000087a7  EUSCIB2_IRQHandler                 
000087a7  EUSCIB3_IRQHandler                 
000087a7  FLCTL_IRQHandler                   
000087a7  FPU_IRQHandler                     
000087a7  HardFault_Handler                  
000087a7  MemManage_Handler                  
000087a7  NMI_Handler                        
000087a7  PCM_IRQHandler                     
000087a7  PORT1_IRQHandler                   
000087a7  PORT2_IRQHandler                   
000087a7  PORT3_IRQHandler                   
000087a7  PORT4_IRQHandler                   
000087a7  PORT5_IRQHandler                   
000087a7  PORT6_IRQHandler                   
000087a7  PSS_IRQHandler                     
000087a7  PendSV_Handler                     
000087a7  RTC_C_IRQHandler                   
000087a7  SVC_Handler                        
000087a7  SysTick_Handler                    
000087a7  T32_INT1_IRQHandler                
000087a7  T32_INT2_IRQHandler                
000087a7  T32_INTC_IRQHandler                
000087a7  TA0_0_IRQHandler                   
000087a7  TA0_N_IRQHandler                   
000087a7  TA1_0_IRQHandler                   
000087a7  TA1_N_IRQHandler                   
000087a7  TA2_0_IRQHandler                   
000087a7  TA2_N_IRQHandler                   
000087a7  TA3_0_IRQHandler                   
000087a7  TA3_N_IRQHandler                   
000087a7  UsageFault_Handler                 
000087a7  WDT_A_IRQHandler                   
000087a9  __TI_zero_init                     
000087b5  __aeabi_errno_addr                 
000087bd  malloc                             
000087cd  _system_pre_init                   
000087d1  C$$EXIT                            
000087d1  abort                              
000087d4  grid_image_bitmapBitmaps           
00008fd4  _ctypes_                           
000090d5  grid_X                             
000090de  grid_Y                             
000090e8  ulMaxSyscallInterruptPriority      
000090f0  uxTopUsedPriority                  
000090f4  grid_image_bitmapWidthPixels       
000090f5  grid_image_bitmapHeightPixels      
000090f6  size_of_square                     
00009178  __TI_Handler_Table_Base            
00009184  __TI_Handler_Table_Limit           
00009190  __TI_CINIT_Base                    
000091a0  __TI_CINIT_Limit                   
20000000  __start___llvm_prf_cnts            
20000000  __stop___llvm_prf_cnts             
20008000  __CIOBUF_                          
200081e8  __TI_tmpnams                       
20008314  GEN_ANS                            
20008340  parmbuf                            
20008348  Queue_Console                      
2000834c  Task_Console_Handle                
20008350  Task_Joystick_Bottom_Half_Handle   
20008354  Task_Joystick_Timer_Handle         
20008358  _sys_memory                        
20008758  _ftable                            
20008848  _device                            
200088c0  _stream                            
20008910  pxCurrentTCB                       
20008974  USR_ANS                            
20008988  __TI_ft_end                        
2000898c  __aeabi_stdin                      
20008990  __aeabi_stdout                     
20008994  __aeabi_stderr                     
20008998  __TI_cleanup_ptr                   
2000899c  __TI_dtors_ptr                     
200089a0  __TI_enable_exit_profile_output    
200089b0  _lock                              
200089b4  _unlock                            
200089c0  JOYSTICK_X_DIR                     
200089c4  JOYSTICK_Y_DIR                     
200089c8  COLORS                             
200089d0  errno                              
200089d8  SystemCoreClock                    
2000fe00  __stack                            
20010000  __STACK_END                        
4000480c  WDTCTL_SYM                         
ffffffff  __TI_pprof_out_hndl                
ffffffff  __TI_prof_data_size                
ffffffff  __TI_prof_data_start               
ffffffff  __binit__                          
ffffffff  __c_args__                         
ffffffff  binit                              
UNDEFED   __mpu_init                         
UNDEFED   _system_post_cinit                 

[345 symbols]
