******************************************************************************
                  TI ARM Linker PC v20.2.5                     
******************************************************************************
>> Linked Fri Dec 10 20:27:01 2021

OUTPUT FILE NAME:   <Project4.out>
ENTRY POINT SYMBOL: "_c_int00_noargs"  address: 000095b9


MEMORY CONFIGURATION

         name            origin    length      used     unused   attr    fill
----------------------  --------  ---------  --------  --------  ----  --------
  MAIN                  00000000   00040000  0000a3a4  00035c5c  R  X
  INFO                  00200000   00004000  00000000  00004000  R  X
  SRAM_CODE             01000000   00010000  00008c76  0000738a  RW X
  SRAM_DATA             20000000   00010000  00008c76  0000738a  RW  


SEGMENT ALLOCATION MAP

run origin  load origin   length   init length attrs members
----------  ----------- ---------- ----------- ----- -------
00000000    00000000    0000a3a8   0000a3a8    r-x
  00000000    00000000    000000e4   000000e4    r-- .intvecs
  000000e4    000000e4    000097c4   000097c4    r-x .text
  000098a8    000098a8    00000a54   00000a54    r-- .const
  0000a300    0000a300    000000a8   000000a8    r-- .cinit
20000000    20000000    00008a7b   00000000    rw-
  20000000    20000000    000083cb   00000000    rw- .bss
  200083d0    200083d0    00000400   00000000    rw- .sysmem
  200087d0    200087d0    000002ab   00000000    rw- .data
2000fe00    2000fe00    00000200   00000000    rw-
  2000fe00    2000fe00    00000200   00000000    rw- .stack


SECTION ALLOCATION MAP

 output                                  attributes/
section   page    origin      length       input sections
--------  ----  ----------  ----------   ----------------
.intvecs   0    00000000    000000e4     
                  00000000    000000e4     startup_msp432p401r_ccs.obj (.intvecs:retain)

.text      0    000000e4    000097c4     
                  000000e4    00002810     tasks.obj (.text)
                  000028f4    00001124     queue.obj (.text)
                  00003a18    00000c00     lcd.obj (.text)
                  00004618    00000a4e     rtsv7M4_T_le_v4SPD16_eabi.lib : _printfi.c.obj (.text:__TI_printfi)
                  00005066    00000002                                   : _lock.c.obj (.text:_nop)
                  00005068    00000720     timers.obj (.text)
                  00005788    00000454     heap_4.obj (.text)
                  00005bdc    00000438     port.obj (.text)
                  00006014    00000354     system_msp432p401r.obj (.text)
                  00006368    0000034c     task_joystick_bottom_half.obj (.text)
                  000066b4    00000270     rtsv7M4_T_le_v4SPD16_eabi.lib : _printfi.c.obj (.text:_pconv_a)
                  00006924    00000208     main.obj (.text)
                  00006b2c    000001d0     rtsv7M4_T_le_v4SPD16_eabi.lib : _printfi.c.obj (.text:_pconv_g)
                  00006cfc    000001c0     i2c.obj (.text)
                  00006ebc    000001b6     rtsv7M4_T_le_v4SPD16_eabi.lib : fd_add_t2.asm.obj (.text)
                  00007072    000001b2     circular_buffer.obj (.text)
                  00007224    000001a4     serial_debug.obj (.text)
                  000073c8    0000013c     rtsv7M4_T_le_v4SPD16_eabi.lib : _printfi.c.obj (.text:_pconv_e)
                  00007504    00000136                                   : fd_div_t2.asm.obj (.text)
                  0000763a    00000002                                   : div0.asm.obj (.text)
                  0000763c    00000132     als.obj (.text)
                  0000776e    0000012a     list.obj (.text)
                  00007898    00000124     rtsv7M4_T_le_v4SPD16_eabi.lib : _printfi.c.obj (.text:fcvt)
                  000079bc    00000114                                   : fputs.c.obj (.text:fputs)
                  00007ad0    00000110     buzzer.obj (.text)
                  00007be0    00000110     rtsv7M4_T_le_v4SPD16_eabi.lib : s_scalbn.c.obj (.text:scalbn)
                  00007cf0    00000100                                   : memory.c.obj (.text:aligned_alloc)
                  00007df0    000000fc                                   : fd_mul_t2.asm.obj (.text)
                  00007eec    000000f8     accelerometer.obj (.text)
                  00007fe4    000000f8     task_mkII_joy.obj (.text)
                  000080dc    000000e4     rtsv7M4_T_le_v4SPD16_eabi.lib : memory.c.obj (.text:free)
                  000081c0    000000e4     gpio.obj (.text)
                  000082a4    000000e4     task_lcd.obj (.text)
                  00008388    000000dc     rtsv7M4_T_le_v4SPD16_eabi.lib : setvbuf.c.obj (.text:setvbuf)
                  00008464    000000da     portasm.obj (.text)
                  0000853e    00000002     --HOLE-- [fill = 0]
                  00008540    000000d0     task_mkII_s1.obj (.text)
                  00008610    000000b8     task_move_joystick_grid.obj (.text)
                  000086c8    000000b1     rtsv7M4_T_le_v4SPD16_eabi.lib : _printfi.c.obj (.text:_ltostr)
                  00008779    00000003     --HOLE-- [fill = 0]
                  0000877c    000000a8     task_mkII_s2.obj (.text)
                  00008824    0000009c     rtsv7M4_T_le_v4SPD16_eabi.lib : memcpy_t2.asm.obj (.text)
                  000088c0    00000096                                   : ull_div_t2.asm.obj (.text)
                  00008956    00000086                                   : fd_cmp_t2.asm.obj (.text:__aeabi_cdcmple)
                  000089dc    00000086                                   : fd_cmp_t2.asm.obj (.text:__aeabi_cdrcmple)
                  00008a62    00000002     --HOLE-- [fill = 0]
                  00008a64    0000007c     timer32_1.obj (.text)
                  00008ae0    0000007a     rtsv7M4_T_le_v4SPD16_eabi.lib : memset_t2.asm.obj (.text)
                  00008b5a    00000002     --HOLE-- [fill = 0]
                  00008b5c    00000074                                   : fclose.c.obj (.text:__TI_closefile)
                  00008bd0    00000070                                   : memory.c.obj (.text:split)
                  00008c40    0000006e                                   : _printfi.c.obj (.text:_mcpy)
                  00008cae    00000002     --HOLE-- [fill = 0]
                  00008cb0    0000006c                                   : hostrename.c.obj (.text:HOSTrename)
                  00008d1c    00000068                                   : hostlseek.c.obj (.text:HOSTlseek)
                  00008d84    00000068                                   : copy_decompress_lzss.c.obj (.text:decompress:lzss:__TI_decompress_lzss)
                  00008dec    00000068                                   : printf.c.obj (.text:printf)
                  00008e54    00000064                                   : s_frexp.c.obj (.text:frexp)
                  00008eb8    00000064                                   : fseek.c.obj (.text:fseek)
                  00008f1c    00000062                                   : _io_perm.c.obj (.text:__TI_wrt_ok)
                  00008f7e    00000002     --HOLE-- [fill = 0]
                  00008f80    00000060                                   : hostopen.c.obj (.text:HOSTopen)
                  00008fe0    0000005c                                   : close.c.obj (.text:close)
                  0000903c    00000058                                   : hostread.c.obj (.text:HOSTread)
                  00009094    00000058                                   : hostwrite.c.obj (.text:HOSTwrite)
                  000090ec    00000056                                   : _printfi.c.obj (.text:_pconv_f)
                  00009142    00000054                                   : _ltoa.c.obj (.text:__TI_ltoa)
                  00009196    00000052                                   : _printfi.c.obj (.text:_ecpy)
                  000091e8    0000004c                                   : fflush.c.obj (.text:__TI_doflush)
                  00009234    0000004c                                   : atoi.c.obj (.text:atoi)
                  00009280    00000048                                   : exit.c.obj (.text:exit)
                  000092c8    00000048                                   : fd_toi_t2.asm.obj (.text)
                  00009310    00000044                                   : hostclose.c.obj (.text:HOSTclose)
                  00009354    00000044                                   : hostunlink.c.obj (.text:HOSTunlink)
                  00009398    00000044                                   : autoinit.c.obj (.text:__TI_auto_init_nobinit_nopinit:__TI_auto_init_nobinit_nopinit)
                  000093dc    00000044                                   : getdevice.c.obj (.text:getdevice)
                  00009420    00000040                                   : u_divt2.asm.obj (.text)
                  00009460    00000040                                   : sprintf.c.obj (.text:sprintf)
                  000094a0    0000003e                                   : _printfi.c.obj (.text:_fcpy)
                  000094de    00000002     --HOLE-- [fill = 0]
                  000094e0    00000038                                   : trgmsg.c.obj (.text:__TI_writemsg)
                  00009518    00000036                                   : strncpy.c.obj (.text:strncpy)
                  0000954e    00000002     --HOLE-- [fill = 0]
                  00009550    00000034                                   : fopen.c.obj (.text:__TI_cleanup)
                  00009584    00000034                                   : trgmsg.c.obj (.text:__TI_readmsg)
                  000095b8    00000034                                   : boot_cortex_m.c.obj (.text:_c_int00_noargs:_c_int00_noargs)
                  000095ec    00000034                                   : rand.c.obj (.text:rand)
                  00009620    00000030                                   : getdevice.c.obj (.text:finddevice)
                  00009650    0000002e                                   : i_tofd_t2.asm.obj (.text)
                  0000967e    00000002     --HOLE-- [fill = 0]
                  00009680    0000002c                                   : unlink.c.obj (.text:unlink)
                  000096ac    00000028                                   : memory.c.obj (.text:free_list_insert)
                  000096d4    00000028                                   : lseek.c.obj (.text:lseek)
                  000096fc    00000028                                   : write.c.obj (.text:write)
                  00009724    00000024                                   : rand.c.obj (.text:srand)
                  00009748    00000020                                   : memchr.c.obj (.text:memchr)
                  00009768    0000001c                                   : memory.c.obj (.text:free_list_remove)
                  00009784    0000001c                                   : memccpy.c.obj (.text:memccpy)
                  000097a0    0000001c     task_joystick_timer.obj (.text)
                  000097bc    0000001a     rtsv7M4_T_le_v4SPD16_eabi.lib : s_copysign.c.obj (.text:copysign)
                  000097d6    00000018                                   : sprintf.c.obj (.text:_outs)
                  000097ee    00000018                                   : strcmp.c.obj (.text:strcmp)
                  00009806    00000016                                   : strchr.c.obj (.text:strchr)
                  0000981c    00000014                                   : strcpy.c.obj (.text:strcpy)
                  00009830    00000014                                   : strlen.c.obj (.text:strlen)
                  00009844    00000012                                   : wcslen.c.obj (.text:wcslen)
                  00009856    0000000e                                   : copy_decompress_none.c.obj (.text:decompress:none:__TI_decompress_none)
                  00009864    0000000e     startup_msp432p401r_ccs.obj (.text)
                  00009872    0000000c     rtsv7M4_T_le_v4SPD16_eabi.lib : copy_zero_init.c.obj (.text:decompress:ZI:__TI_zero_init)
                  0000987e    0000000a                                   : sprintf.c.obj (.text:_outc)
                  00009888    00000008                                   : errno.c.obj (.text:__aeabi_errno_addr)
                  00009890    00000008                                   : memory.c.obj (.text:malloc)
                  00009898    00000004                                   : printf.c.obj (.text:_outc)
                  0000989c    00000004                                   : printf.c.obj (.text:_outs)
                  000098a0    00000004                                   : pre_init.c.obj (.text:_system_pre_init)
                  000098a4    00000004                                   : exit.c.obj (.text:abort:abort)

.const     0    000098a8    00000a54     
                  000098a8    00000800     image.obj (.const:.string:grid_image_bitmapBitmaps)
                  0000a0a8    00000101     rtsv7M4_T_le_v4SPD16_eabi.lib : ctype.c.obj (.const:.string:_ctypes_)
                  0000a1a9    00000087     image.obj (.const:.string:in_image_bitmapBitmaps)
                  0000a230    00000036     image.obj (.const:.string:image_2_bitmapBitmaps)
                  0000a266    00000036     image.obj (.const:.string:image_3_bitmapBitmaps)
                  0000a29c    00000034     image.obj (.const:.string:image_1_bitmapBitmaps)
                  0000a2d0    0000000b     image.obj (.const)
                  0000a2db    00000009     image.obj (.const:.string:grid_X)
                  0000a2e4    00000009     image.obj (.const:.string:grid_Y)
                  0000a2ed    00000003     --HOLE-- [fill = 0]
                  0000a2f0    00000008     port.obj (.const)
                  0000a2f8    00000004     tasks.obj (.const)

.cinit     0    0000a300    000000a8     
                  0000a300    00000082     (.cinit..data.load) [load image, compression = lzss]
                  0000a382    00000002     --HOLE-- [fill = 0]
                  0000a384    0000000c     (__TI_handler_table)
                  0000a390    00000008     (.cinit..bss.load) [load image, compression = zero_init]
                  0000a398    00000010     (__TI_cinit_table)

.init_array 
*          0    00000000    00000000     UNINITIALIZED

.binit     0    00000000    00000000     

.bss       0    20000000    000083cb     UNINITIALIZED
                  20000000    00008000     heap_4.obj (.bss:ucHeap)
                  20008000    00000120     rtsv7M4_T_le_v4SPD16_eabi.lib : trgmsg.c.obj (.bss:_CIOBUF_)
                  20008120    000000c8     tasks.obj (.bss:pxReadyTasksLists)
                  200081e8    000000a0     (.common:__TI_tmpnams)
                  20008288    00000050     (.common:Rx_String)
                  200082d8    00000014     timers.obj (.bss:xActiveTimerList1)
                  200082ec    00000014     timers.obj (.bss:xActiveTimerList2)
                  20008300    00000014     tasks.obj (.bss:xDelayedTaskList1)
                  20008314    00000014     tasks.obj (.bss:xDelayedTaskList2)
                  20008328    00000014     tasks.obj (.bss:xPendingReadyList)
                  2000833c    00000014     tasks.obj (.bss:xSuspendedTaskList)
                  20008350    00000014     tasks.obj (.bss:xTasksWaitingTermination)
                  20008364    00000014     (.common:GEN_ANS)
                  20008378    0000000c     (.common:resultsBuffer)
                  20008384    00000008     tasks.obj (.bss)
                  2000838c    00000008     timers.obj (.bss)
                  20008394    00000008     heap_4.obj (.bss:xStart)
                  2000839c    00000008     (.common:parmbuf)
                  200083a4    00000004     (.common:Queue_GRID)
                  200083a8    00000004     (.common:Queue_JOY)
                  200083ac    00000004     (.common:Queue_LCD)
                  200083b0    00000004     (.common:Sem_LCD)
                  200083b4    00000004     (.common:Task_Joystick_Bottom_Half_Handle)
                  200083b8    00000004     (.common:Task_Joystick_Timer_Handle)
                  200083bc    00000004     (.common:Task_Move_Joystick_Grid_Handle)
                  200083c0    00000004     (.common:Tx_Buffer)
                  200083c4    00000004     (.common:seed)
                  200083c8    00000002     (.common:Lcd_Orientation)
                  200083ca    00000001     (.common:lcd_color)

.sysmem    0    200083d0    00000400     UNINITIALIZED
                  200083d0    00000010     rtsv7M4_T_le_v4SPD16_eabi.lib : memory.c.obj (.sysmem)
                  200083e0    000003f0     --HOLE--

.data      0    200087d0    000002ab     UNINITIALIZED
                  200087d0    000000f0     rtsv7M4_T_le_v4SPD16_eabi.lib : defs.c.obj (.data:_ftable)
                  200088c0    00000078                                   : host_device.c.obj (.data:_device)
                  20008938    00000050                                   : host_device.c.obj (.data:_stream)
                  20008988    00000034     tasks.obj (.data)
                  200089bc    00000018     heap_4.obj (.data)
                  200089d4    00000018     port.obj (.data)
                  200089ec    00000014     task_joystick_bottom_half.obj (.data)
                  20008a00    00000012     lcd.obj (.data:USR_ANS)
                  20008a12    00000002     --HOLE--
                  20008a14    00000010     rtsv7M4_T_le_v4SPD16_eabi.lib : defs.c.obj (.data)
                  20008a24    0000000c                                   : exit.c.obj (.data:$O1$$)
                  20008a30    0000000c     timers.obj (.data)
                  20008a3c    00000008     rtsv7M4_T_le_v4SPD16_eabi.lib : _lock.c.obj (.data:$O1$$)
                  20008a44    00000008                                   : memory.c.obj (.data:$O1$$)
                  20008a4c    00000008     lcd.obj (.data:COLORS)
                  20008a54    00000005     task_mkII_joy.obj (.data)
                  20008a59    00000003     --HOLE--
                  20008a5c    00000005     task_mkII_s1.obj (.data)
                  20008a61    00000003     --HOLE--
                  20008a64    00000005     task_mkII_s2.obj (.data)
                  20008a69    00000003     --HOLE--
                  20008a6c    00000004     rtsv7M4_T_le_v4SPD16_eabi.lib : errno.c.obj (.data)
                  20008a70    00000004                                   : rand.c.obj (.data)
                  20008a74    00000004     system_msp432p401r.obj (.data)
                  20008a78    00000003     serial_debug.obj (.data)

.stack     0    2000fe00    00000200     UNINITIALIZED
                  2000fe00    00000004     rtsv7M4_T_le_v4SPD16_eabi.lib : boot_cortex_m.c.obj (.stack)
                  2000fe04    000001fc     --HOLE--

__llvm_prf_cnts 
*          0    20000000    00000000     UNINITIALIZED

MODULE SUMMARY

       Module                          code    ro data   rw data
       ------                          ----    -------   -------
    .\
       lcd.obj                         3072    0         104    
       image.obj                       0       2372      0      
       task_joystick_bottom_half.obj   844     0         72     
       system_msp432p401r.obj          852     0         8      
       serial_debug.obj                420     0         174    
       main.obj                        520     0         8      
       i2c.obj                         448     0         0      
       circular_buffer.obj             434     0         0      
       als.obj                         306     0         0      
       buzzer.obj                      272     0         0      
       task_mkII_joy.obj               248     0         18     
       accelerometer.obj               248     0         0      
       startup_msp432p401r_ccs.obj     14      228       0      
       task_lcd.obj                    228     0         8      
       gpio.obj                        228     0         0      
       task_mkII_s1.obj                208     0         12     
       task_move_joystick_grid.obj     184     0         16     
       task_mkII_s2.obj                168     0         10     
       timer32_1.obj                   124     0         0      
       task_joystick_timer.obj         28      0         8      
    +--+-------------------------------+-------+---------+---------+
       Total:                          8846    2600      438    
                                                                
    .\FreeRTOS\
       heap_4.obj                      1108    0         65600  
       tasks.obj                       10256   4         720    
       queue.obj                       4388    0         0      
       timers.obj                      1824    0         120    
       list.obj                        298     0         0      
    +--+-------------------------------+-------+---------+---------+
       Total:                          17874   4         66440  
                                                                
    .\FreeRTOS\portable\
       port.obj                        1080    8         48     
       portasm.obj                     218     0         0      
    +--+-------------------------------+-------+---------+---------+
       Total:                          1298    8         48     
                                                                
    C:\ti\ccs\ccs\tools\compiler\ti-cgt-arm_20.2.5.LTS\lib\rtsv7M4_T_le_v4SPD16_eabi.lib
       _printfi.c.obj                  4851    0         0      
       defs.c.obj                      0       0         832    
       memory.c.obj                    672     0         16     
       trgmsg.c.obj                    108     0         576    
       fd_add_t2.asm.obj               438     0         0      
       host_device.c.obj               0       0         400    
       fd_div_t2.asm.obj               310     0         0      
       fputs.c.obj                     276     0         0      
       s_scalbn.c.obj                  272     0         0      
       fd_cmp_t2.asm.obj               268     0         0      
       ctype.c.obj                     0       257       0      
       fd_mul_t2.asm.obj               252     0         0      
       setvbuf.c.obj                   220     0         0      
       memcpy_t2.asm.obj               156     0         0      
       ull_div_t2.asm.obj              150     0         0      
       memset_t2.asm.obj               122     0         0      
       fclose.c.obj                    116     0         0      
       getdevice.c.obj                 116     0         0      
       hostopen.c.obj                  96      0         16     
       printf.c.obj                    112     0         0      
       hostrename.c.obj                108     0         0      
       copy_decompress_lzss.c.obj      104     0         0      
       hostlseek.c.obj                 104     0         0      
       exit.c.obj                      76      0         24     
       fseek.c.obj                     100     0         0      
       s_frexp.c.obj                   100     0         0      
       _io_perm.c.obj                  98      0         0      
       sprintf.c.obj                   98      0         0      
       rand.c.obj                      88      0         8      
       close.c.obj                     92      0         0      
       hostread.c.obj                  88      0         0      
       hostwrite.c.obj                 88      0         0      
       _ltoa.c.obj                     84      0         0      
       atoi.c.obj                      76      0         0      
       fflush.c.obj                    76      0         0      
       fd_toi_t2.asm.obj               72      0         0      
       autoinit.c.obj                  68      0         0      
       hostclose.c.obj                 68      0         0      
       hostunlink.c.obj                68      0         0      
       u_divt2.asm.obj                 64      0         0      
       strncpy.c.obj                   54      0         0      
       boot_cortex_m.c.obj             52      0         0      
       fopen.c.obj                     52      0         0      
       i_tofd_t2.asm.obj               46      0         0      
       unlink.c.obj                    44      0         0      
       lseek.c.obj                     40      0         0      
       write.c.obj                     40      0         0      
       memchr.c.obj                    32      0         0      
       memccpy.c.obj                   28      0         0      
       s_copysign.c.obj                26      0         0      
       strcmp.c.obj                    24      0         0      
       strchr.c.obj                    22      0         0      
       strcpy.c.obj                    20      0         0      
       strlen.c.obj                    20      0         0      
       _lock.c.obj                     2       0         16     
       wcslen.c.obj                    18      0         0      
       errno.c.obj                     8       0         8      
       copy_decompress_none.c.obj      14      0         0      
       copy_zero_init.c.obj            12      0         0      
       pre_init.c.obj                  4       0         0      
       div0.asm.obj                    2       0         0      
    +--+-------------------------------+-------+---------+---------+
       Total:                          10815   257       1896   
                                                                
       Heap:                           0       0         2048   
       Stack:                          0       0         1024   
       Linker Generated:               0       166       0      
    +--+-------------------------------+-------+---------+---------+
       Grand Total:                    38833   3035      71894  


LINKER GENERATED COPY TABLES

__TI_cinit_table @ 0000a398 records: 2, size/record: 8, table size: 16
	.data: load addr=0000a300, load size=00000082 bytes, run addr=200087d0, run size=000002ab bytes, compression=lzss
	.bss: load addr=0000a390, load size=00000008 bytes, run addr=20000000, run size=000083cb bytes, compression=zero_init


LINKER GENERATED HANDLER TABLE

__TI_handler_table @ 0000a384 records: 3, size/record: 4, table size: 12
	index: 0, handler: __TI_decompress_lzss
	index: 1, handler: __TI_decompress_none
	index: 2, handler: __TI_zero_init


GLOBAL SYMBOLS: SORTED ALPHABETICALLY BY Name 

address   name                               
-------   ----                               
000065c7  ADC14_IRQHandler                   
000065c7  ADC14_IRQHandler                   
00009871  AES256_IRQHandler                  
20008a7a  ALERT_STRING                       
00009871  BusFault_Handler                   
000098a5  C$$EXIT                            
0000950f  C$$IO$$                            
20008a4c  COLORS                             
00009871  COMP_E0_IRQHandler                 
00009871  COMP_E1_IRQHandler                 
00009871  CS_IRQHandler                      
00003b61  Crystalfontz128x128_Init           
00003af1  Crystalfontz128x128_SetDrawFrame   
00003c83  Crystalfontz128x128_SetOrientation 
00009871  DMA_ERR_IRQHandler                 
00009871  DMA_INT0_IRQHandler                
00009871  DMA_INT1_IRQHandler                
00009871  DMA_INT2_IRQHandler                
00009871  DMA_INT3_IRQHandler                
00009871  DebugMon_Handler                   
00009871  Default_Handler                    
0000731b  EUSCIA0_IRQHandler                 
0000731b  EUSCIA0_IRQHandler                 
00009871  EUSCIA1_IRQHandler                 
00009871  EUSCIA2_IRQHandler                 
00009871  EUSCIA3_IRQHandler                 
00009871  EUSCIB0_IRQHandler                 
00009871  EUSCIB1_IRQHandler                 
00009871  EUSCIB2_IRQHandler                 
00009871  EUSCIB3_IRQHandler                 
00009871  FLCTL_IRQHandler                   
00009871  FPU_IRQHandler                     
20008364  GEN_ANS                            
00003a19  HAL_LCD_PortInit                   
00003a61  HAL_LCD_SpiInit                    
00003a95  HAL_LCD_writeCommand               
00003acd  HAL_LCD_writeData                  
00009311  HOSTclose                          
00008d1d  HOSTlseek                          
00008f81  HOSTopen                           
0000903d  HOSTread                           
00008cb1  HOSTrename                         
00009355  HOSTunlink                         
00009095  HOSTwrite                          
00009871  HardFault_Handler                  
200089ec  JOYSTICK_X_DIR                     
200089f0  JOYSTICK_Y_DIR                     
200083c8  Lcd_Orientation                    
00009871  MemManage_Handler                  
00009871  NMI_Handler                        
00009871  PCM_IRQHandler                     
00009871  PORT1_IRQHandler                   
00009871  PORT2_IRQHandler                   
00009871  PORT3_IRQHandler                   
00009871  PORT4_IRQHandler                   
00009871  PORT5_IRQHandler                   
00009871  PORT6_IRQHandler                   
00009871  PSS_IRQHandler                     
00009871  PendSV_Handler                     
200083a4  Queue_GRID                         
200083a8  Queue_JOY                          
200083ac  Queue_LCD                          
00009871  RTC_C_IRQHandler                   
00009865  Reset_Handler                      
20008a78  Rx_Char_Count                      
20008288  Rx_String                          
00009871  SVC_Handler                        
200083b0  Sem_LCD                            
00009871  SysTick_Handler                    
20008a74  SystemCoreClock                    
00006015  SystemCoreClockUpdate              
0000628d  SystemInit                         
00009871  T32_INT1_IRQHandler                
00009871  T32_INT2_IRQHandler                
00009871  T32_INTC_IRQHandler                
00009871  TA0_0_IRQHandler                   
00009871  TA0_N_IRQHandler                   
00009871  TA1_0_IRQHandler                   
00009871  TA1_N_IRQHandler                   
00009871  TA2_0_IRQHandler                   
00009871  TA2_N_IRQHandler                   
00009871  TA3_0_IRQHandler                   
00009871  TA3_N_IRQHandler                   
00006369  Task_Joystick_Bottom_Half          
200083b4  Task_Joystick_Bottom_Half_Handle   
000097a1  Task_Joystick_Timer                
200083b8  Task_Joystick_Timer_Handle         
000082a5  Task_LCD                           
00008611  Task_Move_Joystick_Grid            
200083bc  Task_Move_Joystick_Grid_Handle     
20008a54  Task_mkII_joy_Handle               
20008a5c  Task_mkII_s1_Handle                
20008a64  Task_mkII_s2_Handle                
200083c0  Tx_Buffer                          
20008a00  USR_ANS                            
00009871  UsageFault_Handler                 
4000480c  WDTCTL_SYM                         
00009871  WDT_A_IRQHandler                   
20008000  __CIOBUF_                          
20010000  __STACK_END                        
00000200  __STACK_SIZE                       
00000400  __SYSMEM_SIZE                      
0000a398  __TI_CINIT_Base                    
0000a3a8  __TI_CINIT_Limit                   
0000a384  __TI_Handler_Table_Base            
0000a390  __TI_Handler_Table_Limit           
00009399  __TI_auto_init_nobinit_nopinit     
00009551  __TI_cleanup                       
20008a24  __TI_cleanup_ptr                   
00008b5d  __TI_closefile                     
00008d85  __TI_decompress_lzss               
00009857  __TI_decompress_none               
000091e9  __TI_doflush                       
20008a28  __TI_dtors_ptr                     
20008a2c  __TI_enable_exit_profile_output    
20008a14  __TI_ft_end                        
00009143  __TI_ltoa                          
ffffffff  __TI_pprof_out_hndl                
00004619  __TI_printfi                       
ffffffff  __TI_prof_data_size                
ffffffff  __TI_prof_data_start               
00009585  __TI_readmsg                       
00000000  __TI_static_base__                 
200081e8  __TI_tmpnams                       
000094e1  __TI_writemsg                      
00008f1d  __TI_wrt_ok                        
00009873  __TI_zero_init                     
00008957  __aeabi_cdcmpeq                    
00008957  __aeabi_cdcmple                    
000089dd  __aeabi_cdrcmple                   
000092c9  __aeabi_d2iz                       
00006ec7  __aeabi_dadd                       
00007505  __aeabi_ddiv                       
00007df1  __aeabi_dmul                       
00006ebd  __aeabi_dsub                       
00009889  __aeabi_errno_addr                 
00009651  __aeabi_i2d                        
0000763b  __aeabi_idiv0                      
0000763b  __aeabi_ldiv0                      
00008ae1  __aeabi_memclr                     
00008ae1  __aeabi_memclr4                    
00008ae1  __aeabi_memclr8                    
00008825  __aeabi_memcpy                     
00008825  __aeabi_memcpy4                    
00008825  __aeabi_memcpy8                    
00008ae3  __aeabi_memset                     
00008ae3  __aeabi_memset4                    
00008ae3  __aeabi_memset8                    
20008a20  __aeabi_stderr                     
20008a18  __aeabi_stdin                      
20008a1c  __aeabi_stdout                     
00009421  __aeabi_uidiv                      
00009421  __aeabi_uidivmod                   
000088c1  __aeabi_uldivmod                   
ffffffff  __binit__                          
ffffffff  __c_args__                         
UNDEFED   __mpu_init                         
2000fe00  __stack                            
20000000  __start___llvm_prf_cnts            
20000000  __stop___llvm_prf_cnts             
000095b9  _c_int00_noargs                    
0000a0a8  _ctypes_                           
200088c0  _device                            
200087d0  _ftable                            
20008a3c  _lock                              
00005067  _nop                               
20008938  _stream                            
200083d0  _sys_memory                        
UNDEFED   _system_post_cinit                 
000098a1  _system_pre_init                   
20008a40  _unlock                            
000098a5  abort                              
00007cf1  aligned_alloc                      
0000763d  als_init                           
0000766b  als_read_light                     
00009235  atoi                               
ffffffff  binit                              
000070b9  circular_buffer_add                
000070a5  circular_buffer_delete             
00007123  circular_buffer_empty              
0000713f  circular_buffer_full               
00007073  circular_buffer_init               
000070ef  circular_buffer_remove             
00007161  circular_buffer_test_0             
00008fe1  close                              
000097bd  copysign                           
000097bd  copysignl                          
00007fe5  debounce_joy                       
00008541  debounce_s1                        
0000877d  debounce_s2                        
0000186b  eTaskConfirmSleepModeStatus        
000005a1  eTaskGetState                      
00007f19  ece353_ADC14_Acceleromter_init     
00007ad1  ece353_MKII_Buzzer_Init            
00007b51  ece353_MKII_Buzzer_Off             
00007b2d  ece353_MKII_Buzzer_On              
00007b5f  ece353_MKII_Buzzer_Run_Status      
00008257  ece353_MKII_S1                     
000081c1  ece353_MKII_S1_Init                
00008267  ece353_MKII_S2                     
000081cd  ece353_MKII_S2_Init                
000081d9  ece353_PS2_Button_Init             
000081e5  ece353_PS2_XY_Init                 
00008219  ece353_RGB_led_Init                
00008a65  ece353_T32_1_wait_10ms             
00008ab3  ece353_T32_1_wait_1S               
00008a8d  ece353_T32_1_wait_3S               
00007b73  ece353_play_tune                   
20008a6c  errno                              
00009281  exit                               
00009621  finddevice                         
000072eb  fputc                              
000079bd  fputs                              
000080dd  free                               
00008e55  frexp                              
00008e55  frexpl                             
00008eb9  fseek                              
200089f4  gameInProgress                     
000093dd  getdevice                          
0000a2db  grid_X                             
0000a2e4  grid_Y                             
000098a8  grid_image_bitmapBitmaps           
0000a2d1  grid_image_bitmapHeightPixels      
0000a2d0  grid_image_bitmapWidthPixels       
200089f8  grid_number                        
00006d8b  i2c_init                           
00006e27  i2c_read_16                        
00006dcb  i2c_write_16                       
0000a29c  image_1_bitmapBitmaps              
0000a2da  image_1_bitmapHeightPixels         
0000a2d9  image_1_bitmapWidthPixels          
0000a230  image_2_bitmapBitmaps              
0000a2d8  image_2_bitmapHeightPixels         
0000a2d7  image_2_bitmapWidthPixels          
0000a266  image_3_bitmapBitmaps              
0000a2d6  image_3_bitmapHeightPixels         
0000a2d5  image_3_bitmapWidthPixels          
0000a1a9  in_image_bitmapBitmaps             
0000a2d4  in_image_bitmapHeightPixels        
0000a2d3  in_image_bitmapWidthPixels         
00000000  interruptVectors                   
000043cf  lcd_check_result                   
00004547  lcd_clear_grid                     
000040e9  lcd_clear_image                    
00004585  lcd_clear_screen                   
200083ca  lcd_color                          
00004425  lcd_display_result                 
0000420b  lcd_draw_block_grid                
00004235  lcd_draw_block_outline_grid        
00003f69  lcd_draw_image                     
00003cd9  lcd_draw_rectangle                 
00003df1  lcd_draw_rectangle_outline         
0000426d  lcd_generate_grid                  
0000430b  lcd_generate_startup_images        
00007be1  ldexp                              
00007be1  ldexpl                             
000096d5  lseek                              
00006925  main                               
00009891  malloc                             
00007cf1  memalign                           
00009785  memccpy                            
00009749  memchr                             
00008825  memcpy                             
00008ae9  memset                             
2000839c  parmbuf                            
00000d95  pcTaskGetName                      
000052bf  pcTimerGetName                     
200089fc  prev_grid_number                   
00008ded  printf                             
00005789  pvPortMalloc                       
00001907  pvTaskGetThreadLocalStoragePointer 
00001fa9  pvTaskIncrementMutexHeldCount      
000056f9  pvTimerGetTimerID                  
20008988  pxCurrentTCB                       
00005bdd  pxPortInitialiseStack              
000095ed  rand                               
00009681  remove                             
20008378  resultsBuffer                      
00007be1  scalbn                             
00007be1  scalbnl                            
200083c4  seed                               
000072af  serial_debug_init                  
00007251  serial_debug_init_uart             
000072c1  serial_debug_put_string            
00008389  setvbuf                            
0000a2d2  size_of_square                     
00009461  sprintf                            
00009725  srand                              
00008011  startup_game                       
00009807  strchr                             
000097ef  strcmp                             
0000981d  strcpy                             
00009831  strlen                             
00009519  strncpy                            
00008049  task_mkII_joy                      
0000856d  task_mkII_s1                       
000087a9  task_mkII_s2                       
0000372f  ucQueueGetQueueType                
0000a2f0  ulMaxSyscallInterruptPriority      
00008475  ulPortGetIPSR                      
00001fc1  ulTaskGenericNotifyTake            
000027b9  ulTaskGenericNotifyValueClear      
00009681  unlink                             
00007851  uxListRemove                       
0000370f  uxQueueGetQueueNumber              
0000365d  uxQueueMessagesWaiting             
000036c1  uxQueueMessagesWaitingFromISR      
0000368d  uxQueueSpacesAvailable             
00000d85  uxTaskGetNumberOfTasks             
00000dd9  uxTaskGetSystemState               
000017d1  uxTaskGetTaskNumber                
0000067d  uxTaskPriorityGet                  
000006a5  uxTaskPriorityGetFromISR           
00001f83  uxTaskResetEventItemValue          
00005259  uxTimerGetReloadMode               
00005755  uxTimerGetTimerNumber              
0000a2f8  uxTopUsedPriority                  
00006a5f  vApplicationMallocFailedHook       
00006a61  vApplicationStackOverflowHook      
0000776f  vListInitialise                    
0000779f  vListInitialiseItem                
000077eb  vListInsert                        
000077af  vListInsertEnd                     
00008531  vPortEnableVFP                     
00005d21  vPortEndScheduler                  
00005d45  vPortEnterCritical                 
00005d87  vPortExitCritical                  
0000591b  vPortFree                          
00005b1d  vPortGetHeapStats                  
000059c1  vPortInitialiseBlocks              
000084ed  vPortSVCHandler                    
00005f39  vPortSetupTimerInterrupt           
0000850d  vPortStartFirstTask                
00005de1  vPortSuppressTicksAndSleep         
00005f81  vPortValidateInterruptPriority     
000036eb  vQueueDelete                       
0000371d  vQueueSetQueueNumber               
000039bd  vQueueWaitForMessageRestricted     
00000541  vTaskDelay                         
0000037d  vTaskDelete                        
00000b23  vTaskEndScheduler                  
000025a1  vTaskGenericNotifyGiveFromISR      
000019e1  vTaskGetInfo                       
000016f3  vTaskInternalSetTimeOutState       
000017c5  vTaskMissedYield                   
000012bf  vTaskPlaceOnEventList              
0000139d  vTaskPlaceOnEventListRestricted    
000012fd  vTaskPlaceOnUnorderedEventList     
00001e39  vTaskPriorityDisinheritAfterTimeout
000006e9  vTaskPrioritySet                   
00001581  vTaskRemoveFromUnorderedEventList  
000009c5  vTaskResume                        
00001129  vTaskSetApplicationTaskTag         
000017f5  vTaskSetTaskNumber                 
000018bf  vTaskSetThreadLocalStoragePointer  
000016c1  vTaskSetTimeOutState               
00000aa9  vTaskStartScheduler                
00000eb3  vTaskStepTick                      
00000869  vTaskSuspend                       
00000b3f  vTaskSuspendAll                    
000011f9  vTaskSwitchContext                 
0000520f  vTimerSetReloadMode                
00005727  vTimerSetTimerID                   
00005763  vTimerSetTimerNumber               
00009845  wcslen                             
000096fd  write                              
000059b5  xPortGetFreeHeapSize               
000059bb  xPortGetMinimumEverFreeHeapSize    
0000848d  xPortPendSVHandler                 
00005c69  xPortStartScheduler                
00005db3  xPortSysTickHandler                
00002bb9  xQueueCreateCountingSemaphore      
00002ae5  xQueueCreateMutex                  
000029f5  xQueueGenericCreate                
000028f5  xQueueGenericReset                 
00002c05  xQueueGenericSend                  
00002db9  xQueueGenericSendFromISR           
00002ee5  xQueueGiveFromISR                  
00002b11  xQueueGiveMutexRecursive           
00003929  xQueueIsQueueEmptyFromISR          
00003983  xQueueIsQueueFullFromISR           
0000333d  xQueuePeek                         
000035b1  xQueuePeekFromISR                  
00002ff3  xQueueReceive                      
000034bb  xQueueReceiveFromISR               
0000316b  xQueueSemaphoreTake                
00002b61  xQueueTakeMutexRecursive           
000011bb  xTaskCallApplicationTaskHook       
00000ef1  xTaskCatchUpTicks                  
00001719  xTaskCheckForTimeOut               
000000e5  xTaskCreate                        
00000451  xTaskDelayUntil                    
00002161  xTaskGenericNotify                 
0000234b  xTaskGenericNotifyFromISR          
00002751  xTaskGenericNotifyStateClear       
00002079  xTaskGenericNotifyWait             
00001159  xTaskGetApplicationTaskTag         
00001181  xTaskGetApplicationTaskTagFromISR  
00001bb9  xTaskGetCurrentTaskHandle          
00001bc9  xTaskGetSchedulerState             
00000d61  xTaskGetTickCount                  
00000d71  xTaskGetTickCountFromISR           
00000f3d  xTaskIncrementTick                 
00001d27  xTaskPriorityDisinherit            
00001c11  xTaskPriorityInherit               
00001411  xTaskRemoveFromEventList           
00000bad  xTaskResumeAll                     
000050a9  xTimerCreate                       
00005069  xTimerCreateTimerTask              
00005147  xTimerGenericCommand               
00005295  xTimerGetExpiryTime                
000051e9  xTimerGetPeriod                    
000051c7  xTimerGetTimerDaemonTaskHandle     
000056b9  xTimerIsTimerActive                


GLOBAL SYMBOLS: SORTED BY Symbol Address 

address   name                               
-------   ----                               
00000000  __TI_static_base__                 
00000000  interruptVectors                   
000000e5  xTaskCreate                        
00000200  __STACK_SIZE                       
0000037d  vTaskDelete                        
00000400  __SYSMEM_SIZE                      
00000451  xTaskDelayUntil                    
00000541  vTaskDelay                         
000005a1  eTaskGetState                      
0000067d  uxTaskPriorityGet                  
000006a5  uxTaskPriorityGetFromISR           
000006e9  vTaskPrioritySet                   
00000869  vTaskSuspend                       
000009c5  vTaskResume                        
00000aa9  vTaskStartScheduler                
00000b23  vTaskEndScheduler                  
00000b3f  vTaskSuspendAll                    
00000bad  xTaskResumeAll                     
00000d61  xTaskGetTickCount                  
00000d71  xTaskGetTickCountFromISR           
00000d85  uxTaskGetNumberOfTasks             
00000d95  pcTaskGetName                      
00000dd9  uxTaskGetSystemState               
00000eb3  vTaskStepTick                      
00000ef1  xTaskCatchUpTicks                  
00000f3d  xTaskIncrementTick                 
00001129  vTaskSetApplicationTaskTag         
00001159  xTaskGetApplicationTaskTag         
00001181  xTaskGetApplicationTaskTagFromISR  
000011bb  xTaskCallApplicationTaskHook       
000011f9  vTaskSwitchContext                 
000012bf  vTaskPlaceOnEventList              
000012fd  vTaskPlaceOnUnorderedEventList     
0000139d  vTaskPlaceOnEventListRestricted    
00001411  xTaskRemoveFromEventList           
00001581  vTaskRemoveFromUnorderedEventList  
000016c1  vTaskSetTimeOutState               
000016f3  vTaskInternalSetTimeOutState       
00001719  xTaskCheckForTimeOut               
000017c5  vTaskMissedYield                   
000017d1  uxTaskGetTaskNumber                
000017f5  vTaskSetTaskNumber                 
0000186b  eTaskConfirmSleepModeStatus        
000018bf  vTaskSetThreadLocalStoragePointer  
00001907  pvTaskGetThreadLocalStoragePointer 
000019e1  vTaskGetInfo                       
00001bb9  xTaskGetCurrentTaskHandle          
00001bc9  xTaskGetSchedulerState             
00001c11  xTaskPriorityInherit               
00001d27  xTaskPriorityDisinherit            
00001e39  vTaskPriorityDisinheritAfterTimeout
00001f83  uxTaskResetEventItemValue          
00001fa9  pvTaskIncrementMutexHeldCount      
00001fc1  ulTaskGenericNotifyTake            
00002079  xTaskGenericNotifyWait             
00002161  xTaskGenericNotify                 
0000234b  xTaskGenericNotifyFromISR          
000025a1  vTaskGenericNotifyGiveFromISR      
00002751  xTaskGenericNotifyStateClear       
000027b9  ulTaskGenericNotifyValueClear      
000028f5  xQueueGenericReset                 
000029f5  xQueueGenericCreate                
00002ae5  xQueueCreateMutex                  
00002b11  xQueueGiveMutexRecursive           
00002b61  xQueueTakeMutexRecursive           
00002bb9  xQueueCreateCountingSemaphore      
00002c05  xQueueGenericSend                  
00002db9  xQueueGenericSendFromISR           
00002ee5  xQueueGiveFromISR                  
00002ff3  xQueueReceive                      
0000316b  xQueueSemaphoreTake                
0000333d  xQueuePeek                         
000034bb  xQueueReceiveFromISR               
000035b1  xQueuePeekFromISR                  
0000365d  uxQueueMessagesWaiting             
0000368d  uxQueueSpacesAvailable             
000036c1  uxQueueMessagesWaitingFromISR      
000036eb  vQueueDelete                       
0000370f  uxQueueGetQueueNumber              
0000371d  vQueueSetQueueNumber               
0000372f  ucQueueGetQueueType                
00003929  xQueueIsQueueEmptyFromISR          
00003983  xQueueIsQueueFullFromISR           
000039bd  vQueueWaitForMessageRestricted     
00003a19  HAL_LCD_PortInit                   
00003a61  HAL_LCD_SpiInit                    
00003a95  HAL_LCD_writeCommand               
00003acd  HAL_LCD_writeData                  
00003af1  Crystalfontz128x128_SetDrawFrame   
00003b61  Crystalfontz128x128_Init           
00003c83  Crystalfontz128x128_SetOrientation 
00003cd9  lcd_draw_rectangle                 
00003df1  lcd_draw_rectangle_outline         
00003f69  lcd_draw_image                     
000040e9  lcd_clear_image                    
0000420b  lcd_draw_block_grid                
00004235  lcd_draw_block_outline_grid        
0000426d  lcd_generate_grid                  
0000430b  lcd_generate_startup_images        
000043cf  lcd_check_result                   
00004425  lcd_display_result                 
00004547  lcd_clear_grid                     
00004585  lcd_clear_screen                   
00004619  __TI_printfi                       
00005067  _nop                               
00005069  xTimerCreateTimerTask              
000050a9  xTimerCreate                       
00005147  xTimerGenericCommand               
000051c7  xTimerGetTimerDaemonTaskHandle     
000051e9  xTimerGetPeriod                    
0000520f  vTimerSetReloadMode                
00005259  uxTimerGetReloadMode               
00005295  xTimerGetExpiryTime                
000052bf  pcTimerGetName                     
000056b9  xTimerIsTimerActive                
000056f9  pvTimerGetTimerID                  
00005727  vTimerSetTimerID                   
00005755  uxTimerGetTimerNumber              
00005763  vTimerSetTimerNumber               
00005789  pvPortMalloc                       
0000591b  vPortFree                          
000059b5  xPortGetFreeHeapSize               
000059bb  xPortGetMinimumEverFreeHeapSize    
000059c1  vPortInitialiseBlocks              
00005b1d  vPortGetHeapStats                  
00005bdd  pxPortInitialiseStack              
00005c69  xPortStartScheduler                
00005d21  vPortEndScheduler                  
00005d45  vPortEnterCritical                 
00005d87  vPortExitCritical                  
00005db3  xPortSysTickHandler                
00005de1  vPortSuppressTicksAndSleep         
00005f39  vPortSetupTimerInterrupt           
00005f81  vPortValidateInterruptPriority     
00006015  SystemCoreClockUpdate              
0000628d  SystemInit                         
00006369  Task_Joystick_Bottom_Half          
000065c7  ADC14_IRQHandler                   
000065c7  ADC14_IRQHandler                   
00006925  main                               
00006a5f  vApplicationMallocFailedHook       
00006a61  vApplicationStackOverflowHook      
00006d8b  i2c_init                           
00006dcb  i2c_write_16                       
00006e27  i2c_read_16                        
00006ebd  __aeabi_dsub                       
00006ec7  __aeabi_dadd                       
00007073  circular_buffer_init               
000070a5  circular_buffer_delete             
000070b9  circular_buffer_add                
000070ef  circular_buffer_remove             
00007123  circular_buffer_empty              
0000713f  circular_buffer_full               
00007161  circular_buffer_test_0             
00007251  serial_debug_init_uart             
000072af  serial_debug_init                  
000072c1  serial_debug_put_string            
000072eb  fputc                              
0000731b  EUSCIA0_IRQHandler                 
0000731b  EUSCIA0_IRQHandler                 
00007505  __aeabi_ddiv                       
0000763b  __aeabi_idiv0                      
0000763b  __aeabi_ldiv0                      
0000763d  als_init                           
0000766b  als_read_light                     
0000776f  vListInitialise                    
0000779f  vListInitialiseItem                
000077af  vListInsertEnd                     
000077eb  vListInsert                        
00007851  uxListRemove                       
000079bd  fputs                              
00007ad1  ece353_MKII_Buzzer_Init            
00007b2d  ece353_MKII_Buzzer_On              
00007b51  ece353_MKII_Buzzer_Off             
00007b5f  ece353_MKII_Buzzer_Run_Status      
00007b73  ece353_play_tune                   
00007be1  ldexp                              
00007be1  ldexpl                             
00007be1  scalbn                             
00007be1  scalbnl                            
00007cf1  aligned_alloc                      
00007cf1  memalign                           
00007df1  __aeabi_dmul                       
00007f19  ece353_ADC14_Acceleromter_init     
00007fe5  debounce_joy                       
00008011  startup_game                       
00008049  task_mkII_joy                      
000080dd  free                               
000081c1  ece353_MKII_S1_Init                
000081cd  ece353_MKII_S2_Init                
000081d9  ece353_PS2_Button_Init             
000081e5  ece353_PS2_XY_Init                 
00008219  ece353_RGB_led_Init                
00008257  ece353_MKII_S1                     
00008267  ece353_MKII_S2                     
000082a5  Task_LCD                           
00008389  setvbuf                            
00008475  ulPortGetIPSR                      
0000848d  xPortPendSVHandler                 
000084ed  vPortSVCHandler                    
0000850d  vPortStartFirstTask                
00008531  vPortEnableVFP                     
00008541  debounce_s1                        
0000856d  task_mkII_s1                       
00008611  Task_Move_Joystick_Grid            
0000877d  debounce_s2                        
000087a9  task_mkII_s2                       
00008825  __aeabi_memcpy                     
00008825  __aeabi_memcpy4                    
00008825  __aeabi_memcpy8                    
00008825  memcpy                             
000088c1  __aeabi_uldivmod                   
00008957  __aeabi_cdcmpeq                    
00008957  __aeabi_cdcmple                    
000089dd  __aeabi_cdrcmple                   
00008a65  ece353_T32_1_wait_10ms             
00008a8d  ece353_T32_1_wait_3S               
00008ab3  ece353_T32_1_wait_1S               
00008ae1  __aeabi_memclr                     
00008ae1  __aeabi_memclr4                    
00008ae1  __aeabi_memclr8                    
00008ae3  __aeabi_memset                     
00008ae3  __aeabi_memset4                    
00008ae3  __aeabi_memset8                    
00008ae9  memset                             
00008b5d  __TI_closefile                     
00008cb1  HOSTrename                         
00008d1d  HOSTlseek                          
00008d85  __TI_decompress_lzss               
00008ded  printf                             
00008e55  frexp                              
00008e55  frexpl                             
00008eb9  fseek                              
00008f1d  __TI_wrt_ok                        
00008f81  HOSTopen                           
00008fe1  close                              
0000903d  HOSTread                           
00009095  HOSTwrite                          
00009143  __TI_ltoa                          
000091e9  __TI_doflush                       
00009235  atoi                               
00009281  exit                               
000092c9  __aeabi_d2iz                       
00009311  HOSTclose                          
00009355  HOSTunlink                         
00009399  __TI_auto_init_nobinit_nopinit     
000093dd  getdevice                          
00009421  __aeabi_uidiv                      
00009421  __aeabi_uidivmod                   
00009461  sprintf                            
000094e1  __TI_writemsg                      
0000950f  C$$IO$$                            
00009519  strncpy                            
00009551  __TI_cleanup                       
00009585  __TI_readmsg                       
000095b9  _c_int00_noargs                    
000095ed  rand                               
00009621  finddevice                         
00009651  __aeabi_i2d                        
00009681  remove                             
00009681  unlink                             
000096d5  lseek                              
000096fd  write                              
00009725  srand                              
00009749  memchr                             
00009785  memccpy                            
000097a1  Task_Joystick_Timer                
000097bd  copysign                           
000097bd  copysignl                          
000097ef  strcmp                             
00009807  strchr                             
0000981d  strcpy                             
00009831  strlen                             
00009845  wcslen                             
00009857  __TI_decompress_none               
00009865  Reset_Handler                      
00009871  AES256_IRQHandler                  
00009871  BusFault_Handler                   
00009871  COMP_E0_IRQHandler                 
00009871  COMP_E1_IRQHandler                 
00009871  CS_IRQHandler                      
00009871  DMA_ERR_IRQHandler                 
00009871  DMA_INT0_IRQHandler                
00009871  DMA_INT1_IRQHandler                
00009871  DMA_INT2_IRQHandler                
00009871  DMA_INT3_IRQHandler                
00009871  DebugMon_Handler                   
00009871  Default_Handler                    
00009871  EUSCIA1_IRQHandler                 
00009871  EUSCIA2_IRQHandler                 
00009871  EUSCIA3_IRQHandler                 
00009871  EUSCIB0_IRQHandler                 
00009871  EUSCIB1_IRQHandler                 
00009871  EUSCIB2_IRQHandler                 
00009871  EUSCIB3_IRQHandler                 
00009871  FLCTL_IRQHandler                   
00009871  FPU_IRQHandler                     
00009871  HardFault_Handler                  
00009871  MemManage_Handler                  
00009871  NMI_Handler                        
00009871  PCM_IRQHandler                     
00009871  PORT1_IRQHandler                   
00009871  PORT2_IRQHandler                   
00009871  PORT3_IRQHandler                   
00009871  PORT4_IRQHandler                   
00009871  PORT5_IRQHandler                   
00009871  PORT6_IRQHandler                   
00009871  PSS_IRQHandler                     
00009871  PendSV_Handler                     
00009871  RTC_C_IRQHandler                   
00009871  SVC_Handler                        
00009871  SysTick_Handler                    
00009871  T32_INT1_IRQHandler                
00009871  T32_INT2_IRQHandler                
00009871  T32_INTC_IRQHandler                
00009871  TA0_0_IRQHandler                   
00009871  TA0_N_IRQHandler                   
00009871  TA1_0_IRQHandler                   
00009871  TA1_N_IRQHandler                   
00009871  TA2_0_IRQHandler                   
00009871  TA2_N_IRQHandler                   
00009871  TA3_0_IRQHandler                   
00009871  TA3_N_IRQHandler                   
00009871  UsageFault_Handler                 
00009871  WDT_A_IRQHandler                   
00009873  __TI_zero_init                     
00009889  __aeabi_errno_addr                 
00009891  malloc                             
000098a1  _system_pre_init                   
000098a5  C$$EXIT                            
000098a5  abort                              
000098a8  grid_image_bitmapBitmaps           
0000a0a8  _ctypes_                           
0000a1a9  in_image_bitmapBitmaps             
0000a230  image_2_bitmapBitmaps              
0000a266  image_3_bitmapBitmaps              
0000a29c  image_1_bitmapBitmaps              
0000a2d0  grid_image_bitmapWidthPixels       
0000a2d1  grid_image_bitmapHeightPixels      
0000a2d2  size_of_square                     
0000a2d3  in_image_bitmapWidthPixels         
0000a2d4  in_image_bitmapHeightPixels        
0000a2d5  image_3_bitmapWidthPixels          
0000a2d6  image_3_bitmapHeightPixels         
0000a2d7  image_2_bitmapWidthPixels          
0000a2d8  image_2_bitmapHeightPixels         
0000a2d9  image_1_bitmapWidthPixels          
0000a2da  image_1_bitmapHeightPixels         
0000a2db  grid_X                             
0000a2e4  grid_Y                             
0000a2f0  ulMaxSyscallInterruptPriority      
0000a2f8  uxTopUsedPriority                  
0000a384  __TI_Handler_Table_Base            
0000a390  __TI_Handler_Table_Limit           
0000a398  __TI_CINIT_Base                    
0000a3a8  __TI_CINIT_Limit                   
20000000  __start___llvm_prf_cnts            
20000000  __stop___llvm_prf_cnts             
20008000  __CIOBUF_                          
200081e8  __TI_tmpnams                       
20008288  Rx_String                          
20008364  GEN_ANS                            
20008378  resultsBuffer                      
2000839c  parmbuf                            
200083a4  Queue_GRID                         
200083a8  Queue_JOY                          
200083ac  Queue_LCD                          
200083b0  Sem_LCD                            
200083b4  Task_Joystick_Bottom_Half_Handle   
200083b8  Task_Joystick_Timer_Handle         
200083bc  Task_Move_Joystick_Grid_Handle     
200083c0  Tx_Buffer                          
200083c4  seed                               
200083c8  Lcd_Orientation                    
200083ca  lcd_color                          
200083d0  _sys_memory                        
200087d0  _ftable                            
200088c0  _device                            
20008938  _stream                            
20008988  pxCurrentTCB                       
200089ec  JOYSTICK_X_DIR                     
200089f0  JOYSTICK_Y_DIR                     
200089f4  gameInProgress                     
200089f8  grid_number                        
200089fc  prev_grid_number                   
20008a00  USR_ANS                            
20008a14  __TI_ft_end                        
20008a18  __aeabi_stdin                      
20008a1c  __aeabi_stdout                     
20008a20  __aeabi_stderr                     
20008a24  __TI_cleanup_ptr                   
20008a28  __TI_dtors_ptr                     
20008a2c  __TI_enable_exit_profile_output    
20008a3c  _lock                              
20008a40  _unlock                            
20008a4c  COLORS                             
20008a54  Task_mkII_joy_Handle               
20008a5c  Task_mkII_s1_Handle                
20008a64  Task_mkII_s2_Handle                
20008a6c  errno                              
20008a74  SystemCoreClock                    
20008a78  Rx_Char_Count                      
20008a7a  ALERT_STRING                       
2000fe00  __stack                            
20010000  __STACK_END                        
4000480c  WDTCTL_SYM                         
ffffffff  __TI_pprof_out_hndl                
ffffffff  __TI_prof_data_size                
ffffffff  __TI_prof_data_start               
ffffffff  __binit__                          
ffffffff  __c_args__                         
ffffffff  binit                              
UNDEFED   __mpu_init                         
UNDEFED   _system_post_cinit                 

[414 symbols]
