<?xml version="1.0" encoding="ISO-8859-1" ?>
<link_info>
   <banner>TI ARM Linker PC v20.2.5.LTS</banner>
   <copyright>Copyright (c) 1996-2018 Texas Instruments Incorporated</copyright>
   <link_time>0x61b40c75</link_time>
   <link_errors>0x0</link_errors>
   <output_file>Project4.out</output_file>
   <entry_point>
      <name>_c_int00_noargs</name>
      <address>0x95b9</address>
   </entry_point>
   <input_file_list>
      <input_file id="fl-2">
         <path>.\</path>
         <kind>object</kind>
         <file>accelerometer.obj</file>
         <name>accelerometer.obj</name>
      </input_file>
      <input_file id="fl-3">
         <path>.\</path>
         <kind>object</kind>
         <file>adc.obj</file>
         <name>adc.obj</name>
      </input_file>
      <input_file id="fl-4">
         <path>.\</path>
         <kind>object</kind>
         <file>als.obj</file>
         <name>als.obj</name>
      </input_file>
      <input_file id="fl-5">
         <path>.\</path>
         <kind>object</kind>
         <file>buzzer.obj</file>
         <name>buzzer.obj</name>
      </input_file>
      <input_file id="fl-6">
         <path>.\</path>
         <kind>object</kind>
         <file>circular_buffer.obj</file>
         <name>circular_buffer.obj</name>
      </input_file>
      <input_file id="fl-7">
         <path>.\</path>
         <kind>object</kind>
         <file>gpio.obj</file>
         <name>gpio.obj</name>
      </input_file>
      <input_file id="fl-8">
         <path>.\</path>
         <kind>object</kind>
         <file>i2c.obj</file>
         <name>i2c.obj</name>
      </input_file>
      <input_file id="fl-9">
         <path>.\</path>
         <kind>object</kind>
         <file>image.obj</file>
         <name>image.obj</name>
      </input_file>
      <input_file id="fl-a">
         <path>.\</path>
         <kind>object</kind>
         <file>lcd.obj</file>
         <name>lcd.obj</name>
      </input_file>
      <input_file id="fl-b">
         <path>.\</path>
         <kind>object</kind>
         <file>main.obj</file>
         <name>main.obj</name>
      </input_file>
      <input_file id="fl-c">
         <path>.\</path>
         <kind>object</kind>
         <file>serial_debug.obj</file>
         <name>serial_debug.obj</name>
      </input_file>
      <input_file id="fl-d">
         <path>.\</path>
         <kind>object</kind>
         <file>startup_msp432p401r_ccs.obj</file>
         <name>startup_msp432p401r_ccs.obj</name>
      </input_file>
      <input_file id="fl-e">
         <path>.\</path>
         <kind>object</kind>
         <file>system_msp432p401r.obj</file>
         <name>system_msp432p401r.obj</name>
      </input_file>
      <input_file id="fl-f">
         <path>.\</path>
         <kind>object</kind>
         <file>task_joystick_bottom_half.obj</file>
         <name>task_joystick_bottom_half.obj</name>
      </input_file>
      <input_file id="fl-10">
         <path>.\</path>
         <kind>object</kind>
         <file>task_joystick_timer.obj</file>
         <name>task_joystick_timer.obj</name>
      </input_file>
      <input_file id="fl-11">
         <path>.\</path>
         <kind>object</kind>
         <file>task_lcd.obj</file>
         <name>task_lcd.obj</name>
      </input_file>
      <input_file id="fl-12">
         <path>.\</path>
         <kind>object</kind>
         <file>task_mkII_joy.obj</file>
         <name>task_mkII_joy.obj</name>
      </input_file>
      <input_file id="fl-13">
         <path>.\</path>
         <kind>object</kind>
         <file>task_mkII_s1.obj</file>
         <name>task_mkII_s1.obj</name>
      </input_file>
      <input_file id="fl-14">
         <path>.\</path>
         <kind>object</kind>
         <file>task_mkII_s2.obj</file>
         <name>task_mkII_s2.obj</name>
      </input_file>
      <input_file id="fl-15">
         <path>.\</path>
         <kind>object</kind>
         <file>task_move_joystick_grid.obj</file>
         <name>task_move_joystick_grid.obj</name>
      </input_file>
      <input_file id="fl-16">
         <path>.\</path>
         <kind>object</kind>
         <file>timer32_1.obj</file>
         <name>timer32_1.obj</name>
      </input_file>
      <input_file id="fl-17">
         <path>.\FreeRTOS\</path>
         <kind>object</kind>
         <file>croutine.obj</file>
         <name>croutine.obj</name>
      </input_file>
      <input_file id="fl-18">
         <path>.\FreeRTOS\</path>
         <kind>object</kind>
         <file>event_groups.obj</file>
         <name>event_groups.obj</name>
      </input_file>
      <input_file id="fl-19">
         <path>.\FreeRTOS\</path>
         <kind>object</kind>
         <file>heap_4.obj</file>
         <name>heap_4.obj</name>
      </input_file>
      <input_file id="fl-1a">
         <path>.\FreeRTOS\</path>
         <kind>object</kind>
         <file>list.obj</file>
         <name>list.obj</name>
      </input_file>
      <input_file id="fl-1b">
         <path>.\FreeRTOS\</path>
         <kind>object</kind>
         <file>queue.obj</file>
         <name>queue.obj</name>
      </input_file>
      <input_file id="fl-1c">
         <path>.\FreeRTOS\</path>
         <kind>object</kind>
         <file>stream_buffer.obj</file>
         <name>stream_buffer.obj</name>
      </input_file>
      <input_file id="fl-1d">
         <path>.\FreeRTOS\</path>
         <kind>object</kind>
         <file>tasks.obj</file>
         <name>tasks.obj</name>
      </input_file>
      <input_file id="fl-1e">
         <path>.\FreeRTOS\</path>
         <kind>object</kind>
         <file>timers.obj</file>
         <name>timers.obj</name>
      </input_file>
      <input_file id="fl-1f">
         <path>.\FreeRTOS\portable\</path>
         <kind>object</kind>
         <file>port.obj</file>
         <name>port.obj</name>
      </input_file>
      <input_file id="fl-20">
         <path>.\FreeRTOS\portable\</path>
         <kind>object</kind>
         <file>portasm.obj</file>
         <name>portasm.obj</name>
      </input_file>
      <input_file id="fl-24">
         <kind>object</kind>
         <file>&lt;internal&gt;</file>
         <name>&lt;internal&gt;</name>
      </input_file>
      <input_file id="fl-da">
         <path>C:\ti\ccs\ccs\tools\compiler\ti-cgt-arm_20.2.5.LTS\lib\</path>
         <kind>archive</kind>
         <file>rtsv7M4_T_le_v4SPD16_eabi.lib</file>
         <name>printf.c.obj</name>
      </input_file>
      <input_file id="fl-db">
         <path>C:\ti\ccs\ccs\tools\compiler\ti-cgt-arm_20.2.5.LTS\lib\</path>
         <kind>archive</kind>
         <file>rtsv7M4_T_le_v4SPD16_eabi.lib</file>
         <name>_printfi.c.obj</name>
      </input_file>
      <input_file id="fl-dc">
         <path>C:\ti\ccs\ccs\tools\compiler\ti-cgt-arm_20.2.5.LTS\lib\</path>
         <kind>archive</kind>
         <file>rtsv7M4_T_le_v4SPD16_eabi.lib</file>
         <name>sprintf.c.obj</name>
      </input_file>
      <input_file id="fl-dd">
         <path>C:\ti\ccs\ccs\tools\compiler\ti-cgt-arm_20.2.5.LTS\lib\</path>
         <kind>archive</kind>
         <file>rtsv7M4_T_le_v4SPD16_eabi.lib</file>
         <name>fputs.c.obj</name>
      </input_file>
      <input_file id="fl-de">
         <path>C:\ti\ccs\ccs\tools\compiler\ti-cgt-arm_20.2.5.LTS\lib\</path>
         <kind>archive</kind>
         <file>rtsv7M4_T_le_v4SPD16_eabi.lib</file>
         <name>_io_perm.c.obj</name>
      </input_file>
      <input_file id="fl-df">
         <path>C:\ti\ccs\ccs\tools\compiler\ti-cgt-arm_20.2.5.LTS\lib\</path>
         <kind>archive</kind>
         <file>rtsv7M4_T_le_v4SPD16_eabi.lib</file>
         <name>setvbuf.c.obj</name>
      </input_file>
      <input_file id="fl-e0">
         <path>C:\ti\ccs\ccs\tools\compiler\ti-cgt-arm_20.2.5.LTS\lib\</path>
         <kind>archive</kind>
         <file>rtsv7M4_T_le_v4SPD16_eabi.lib</file>
         <name>s_frexp.c.obj</name>
      </input_file>
      <input_file id="fl-e1">
         <path>C:\ti\ccs\ccs\tools\compiler\ti-cgt-arm_20.2.5.LTS\lib\</path>
         <kind>archive</kind>
         <file>rtsv7M4_T_le_v4SPD16_eabi.lib</file>
         <name>s_scalbn.c.obj</name>
      </input_file>
      <input_file id="fl-e2">
         <path>C:\ti\ccs\ccs\tools\compiler\ti-cgt-arm_20.2.5.LTS\lib\</path>
         <kind>archive</kind>
         <file>rtsv7M4_T_le_v4SPD16_eabi.lib</file>
         <name>wcslen.c.obj</name>
      </input_file>
      <input_file id="fl-e3">
         <path>C:\ti\ccs\ccs\tools\compiler\ti-cgt-arm_20.2.5.LTS\lib\</path>
         <kind>archive</kind>
         <file>rtsv7M4_T_le_v4SPD16_eabi.lib</file>
         <name>fd_add_t2.asm.obj</name>
      </input_file>
      <input_file id="fl-e4">
         <path>C:\ti\ccs\ccs\tools\compiler\ti-cgt-arm_20.2.5.LTS\lib\</path>
         <kind>archive</kind>
         <file>rtsv7M4_T_le_v4SPD16_eabi.lib</file>
         <name>fd_cmp_t2.asm.obj</name>
      </input_file>
      <input_file id="fl-e5">
         <path>C:\ti\ccs\ccs\tools\compiler\ti-cgt-arm_20.2.5.LTS\lib\</path>
         <kind>archive</kind>
         <file>rtsv7M4_T_le_v4SPD16_eabi.lib</file>
         <name>fd_div_t2.asm.obj</name>
      </input_file>
      <input_file id="fl-e6">
         <path>C:\ti\ccs\ccs\tools\compiler\ti-cgt-arm_20.2.5.LTS\lib\</path>
         <kind>archive</kind>
         <file>rtsv7M4_T_le_v4SPD16_eabi.lib</file>
         <name>fd_mul_t2.asm.obj</name>
      </input_file>
      <input_file id="fl-e7">
         <path>C:\ti\ccs\ccs\tools\compiler\ti-cgt-arm_20.2.5.LTS\lib\</path>
         <kind>archive</kind>
         <file>rtsv7M4_T_le_v4SPD16_eabi.lib</file>
         <name>fd_toi_t2.asm.obj</name>
      </input_file>
      <input_file id="fl-e8">
         <path>C:\ti\ccs\ccs\tools\compiler\ti-cgt-arm_20.2.5.LTS\lib\</path>
         <kind>archive</kind>
         <file>rtsv7M4_T_le_v4SPD16_eabi.lib</file>
         <name>i_tofd_t2.asm.obj</name>
      </input_file>
      <input_file id="fl-e9">
         <path>C:\ti\ccs\ccs\tools\compiler\ti-cgt-arm_20.2.5.LTS\lib\</path>
         <kind>archive</kind>
         <file>rtsv7M4_T_le_v4SPD16_eabi.lib</file>
         <name>memcpy_t2.asm.obj</name>
      </input_file>
      <input_file id="fl-ea">
         <path>C:\ti\ccs\ccs\tools\compiler\ti-cgt-arm_20.2.5.LTS\lib\</path>
         <kind>archive</kind>
         <file>rtsv7M4_T_le_v4SPD16_eabi.lib</file>
         <name>u_divt2.asm.obj</name>
      </input_file>
      <input_file id="fl-eb">
         <path>C:\ti\ccs\ccs\tools\compiler\ti-cgt-arm_20.2.5.LTS\lib\</path>
         <kind>archive</kind>
         <file>rtsv7M4_T_le_v4SPD16_eabi.lib</file>
         <name>ull_div_t2.asm.obj</name>
      </input_file>
      <input_file id="fl-ec">
         <path>C:\ti\ccs\ccs\tools\compiler\ti-cgt-arm_20.2.5.LTS\lib\</path>
         <kind>archive</kind>
         <file>rtsv7M4_T_le_v4SPD16_eabi.lib</file>
         <name>memset_t2.asm.obj</name>
      </input_file>
      <input_file id="fl-ed">
         <path>C:\ti\ccs\ccs\tools\compiler\ti-cgt-arm_20.2.5.LTS\lib\</path>
         <kind>archive</kind>
         <file>rtsv7M4_T_le_v4SPD16_eabi.lib</file>
         <name>copy_zero_init.c.obj</name>
      </input_file>
      <input_file id="fl-ee">
         <path>C:\ti\ccs\ccs\tools\compiler\ti-cgt-arm_20.2.5.LTS\lib\</path>
         <kind>archive</kind>
         <file>rtsv7M4_T_le_v4SPD16_eabi.lib</file>
         <name>copy_decompress_none.c.obj</name>
      </input_file>
      <input_file id="fl-ef">
         <path>C:\ti\ccs\ccs\tools\compiler\ti-cgt-arm_20.2.5.LTS\lib\</path>
         <kind>archive</kind>
         <file>rtsv7M4_T_le_v4SPD16_eabi.lib</file>
         <name>copy_decompress_lzss.c.obj</name>
      </input_file>
      <input_file id="fl-f0">
         <path>C:\ti\ccs\ccs\tools\compiler\ti-cgt-arm_20.2.5.LTS\lib\</path>
         <kind>archive</kind>
         <file>rtsv7M4_T_le_v4SPD16_eabi.lib</file>
         <name>exit.c.obj</name>
      </input_file>
      <input_file id="fl-f1">
         <path>C:\ti\ccs\ccs\tools\compiler\ti-cgt-arm_20.2.5.LTS\lib\</path>
         <kind>archive</kind>
         <file>rtsv7M4_T_le_v4SPD16_eabi.lib</file>
         <name>_lock.c.obj</name>
      </input_file>
      <input_file id="fl-f2">
         <path>C:\ti\ccs\ccs\tools\compiler\ti-cgt-arm_20.2.5.LTS\lib\</path>
         <kind>archive</kind>
         <file>rtsv7M4_T_le_v4SPD16_eabi.lib</file>
         <name>_ltoa.c.obj</name>
      </input_file>
      <input_file id="fl-f3">
         <path>C:\ti\ccs\ccs\tools\compiler\ti-cgt-arm_20.2.5.LTS\lib\</path>
         <kind>archive</kind>
         <file>rtsv7M4_T_le_v4SPD16_eabi.lib</file>
         <name>atoi.c.obj</name>
      </input_file>
      <input_file id="fl-f4">
         <path>C:\ti\ccs\ccs\tools\compiler\ti-cgt-arm_20.2.5.LTS\lib\</path>
         <kind>archive</kind>
         <file>rtsv7M4_T_le_v4SPD16_eabi.lib</file>
         <name>ctype.c.obj</name>
      </input_file>
      <input_file id="fl-f5">
         <path>C:\ti\ccs\ccs\tools\compiler\ti-cgt-arm_20.2.5.LTS\lib\</path>
         <kind>archive</kind>
         <file>rtsv7M4_T_le_v4SPD16_eabi.lib</file>
         <name>defs.c.obj</name>
      </input_file>
      <input_file id="fl-f6">
         <path>C:\ti\ccs\ccs\tools\compiler\ti-cgt-arm_20.2.5.LTS\lib\</path>
         <kind>archive</kind>
         <file>rtsv7M4_T_le_v4SPD16_eabi.lib</file>
         <name>memccpy.c.obj</name>
      </input_file>
      <input_file id="fl-f7">
         <path>C:\ti\ccs\ccs\tools\compiler\ti-cgt-arm_20.2.5.LTS\lib\</path>
         <kind>archive</kind>
         <file>rtsv7M4_T_le_v4SPD16_eabi.lib</file>
         <name>memchr.c.obj</name>
      </input_file>
      <input_file id="fl-f8">
         <path>C:\ti\ccs\ccs\tools\compiler\ti-cgt-arm_20.2.5.LTS\lib\</path>
         <kind>archive</kind>
         <file>rtsv7M4_T_le_v4SPD16_eabi.lib</file>
         <name>memory.c.obj</name>
      </input_file>
      <input_file id="fl-f9">
         <path>C:\ti\ccs\ccs\tools\compiler\ti-cgt-arm_20.2.5.LTS\lib\</path>
         <kind>archive</kind>
         <file>rtsv7M4_T_le_v4SPD16_eabi.lib</file>
         <name>rand.c.obj</name>
      </input_file>
      <input_file id="fl-fa">
         <path>C:\ti\ccs\ccs\tools\compiler\ti-cgt-arm_20.2.5.LTS\lib\</path>
         <kind>archive</kind>
         <file>rtsv7M4_T_le_v4SPD16_eabi.lib</file>
         <name>strchr.c.obj</name>
      </input_file>
      <input_file id="fl-fb">
         <path>C:\ti\ccs\ccs\tools\compiler\ti-cgt-arm_20.2.5.LTS\lib\</path>
         <kind>archive</kind>
         <file>rtsv7M4_T_le_v4SPD16_eabi.lib</file>
         <name>strlen.c.obj</name>
      </input_file>
      <input_file id="fl-fc">
         <path>C:\ti\ccs\ccs\tools\compiler\ti-cgt-arm_20.2.5.LTS\lib\</path>
         <kind>archive</kind>
         <file>rtsv7M4_T_le_v4SPD16_eabi.lib</file>
         <name>errno.c.obj</name>
      </input_file>
      <input_file id="fl-fd">
         <path>C:\ti\ccs\ccs\tools\compiler\ti-cgt-arm_20.2.5.LTS\lib\</path>
         <kind>archive</kind>
         <file>rtsv7M4_T_le_v4SPD16_eabi.lib</file>
         <name>boot_cortex_m.c.obj</name>
      </input_file>
      <input_file id="fl-fe">
         <path>C:\ti\ccs\ccs\tools\compiler\ti-cgt-arm_20.2.5.LTS\lib\</path>
         <kind>archive</kind>
         <file>rtsv7M4_T_le_v4SPD16_eabi.lib</file>
         <name>write.c.obj</name>
      </input_file>
      <input_file id="fl-ff">
         <path>C:\ti\ccs\ccs\tools\compiler\ti-cgt-arm_20.2.5.LTS\lib\</path>
         <kind>archive</kind>
         <file>rtsv7M4_T_le_v4SPD16_eabi.lib</file>
         <name>host_device.c.obj</name>
      </input_file>
      <input_file id="fl-100">
         <path>C:\ti\ccs\ccs\tools\compiler\ti-cgt-arm_20.2.5.LTS\lib\</path>
         <kind>archive</kind>
         <file>rtsv7M4_T_le_v4SPD16_eabi.lib</file>
         <name>fflush.c.obj</name>
      </input_file>
      <input_file id="fl-101">
         <path>C:\ti\ccs\ccs\tools\compiler\ti-cgt-arm_20.2.5.LTS\lib\</path>
         <kind>archive</kind>
         <file>rtsv7M4_T_le_v4SPD16_eabi.lib</file>
         <name>fopen.c.obj</name>
      </input_file>
      <input_file id="fl-102">
         <path>C:\ti\ccs\ccs\tools\compiler\ti-cgt-arm_20.2.5.LTS\lib\</path>
         <kind>archive</kind>
         <file>rtsv7M4_T_le_v4SPD16_eabi.lib</file>
         <name>fseek.c.obj</name>
      </input_file>
      <input_file id="fl-103">
         <path>C:\ti\ccs\ccs\tools\compiler\ti-cgt-arm_20.2.5.LTS\lib\</path>
         <kind>archive</kind>
         <file>rtsv7M4_T_le_v4SPD16_eabi.lib</file>
         <name>s_copysign.c.obj</name>
      </input_file>
      <input_file id="fl-104">
         <path>C:\ti\ccs\ccs\tools\compiler\ti-cgt-arm_20.2.5.LTS\lib\</path>
         <kind>archive</kind>
         <file>rtsv7M4_T_le_v4SPD16_eabi.lib</file>
         <name>div0.asm.obj</name>
      </input_file>
      <input_file id="fl-105">
         <path>C:\ti\ccs\ccs\tools\compiler\ti-cgt-arm_20.2.5.LTS\lib\</path>
         <kind>archive</kind>
         <file>rtsv7M4_T_le_v4SPD16_eabi.lib</file>
         <name>autoinit.c.obj</name>
      </input_file>
      <input_file id="fl-106">
         <path>C:\ti\ccs\ccs\tools\compiler\ti-cgt-arm_20.2.5.LTS\lib\</path>
         <kind>archive</kind>
         <file>rtsv7M4_T_le_v4SPD16_eabi.lib</file>
         <name>pre_init.c.obj</name>
      </input_file>
      <input_file id="fl-107">
         <path>C:\ti\ccs\ccs\tools\compiler\ti-cgt-arm_20.2.5.LTS\lib\</path>
         <kind>archive</kind>
         <file>rtsv7M4_T_le_v4SPD16_eabi.lib</file>
         <name>cpy_tbl.c.obj</name>
      </input_file>
      <input_file id="fl-108">
         <path>C:\ti\ccs\ccs\tools\compiler\ti-cgt-arm_20.2.5.LTS\lib\</path>
         <kind>archive</kind>
         <file>rtsv7M4_T_le_v4SPD16_eabi.lib</file>
         <name>args_main.c.obj</name>
      </input_file>
      <input_file id="fl-109">
         <path>C:\ti\ccs\ccs\tools\compiler\ti-cgt-arm_20.2.5.LTS\lib\</path>
         <kind>archive</kind>
         <file>rtsv7M4_T_le_v4SPD16_eabi.lib</file>
         <name>hostclose.c.obj</name>
      </input_file>
      <input_file id="fl-10a">
         <path>C:\ti\ccs\ccs\tools\compiler\ti-cgt-arm_20.2.5.LTS\lib\</path>
         <kind>archive</kind>
         <file>rtsv7M4_T_le_v4SPD16_eabi.lib</file>
         <name>hostlseek.c.obj</name>
      </input_file>
      <input_file id="fl-10b">
         <path>C:\ti\ccs\ccs\tools\compiler\ti-cgt-arm_20.2.5.LTS\lib\</path>
         <kind>archive</kind>
         <file>rtsv7M4_T_le_v4SPD16_eabi.lib</file>
         <name>hostopen.c.obj</name>
      </input_file>
      <input_file id="fl-10c">
         <path>C:\ti\ccs\ccs\tools\compiler\ti-cgt-arm_20.2.5.LTS\lib\</path>
         <kind>archive</kind>
         <file>rtsv7M4_T_le_v4SPD16_eabi.lib</file>
         <name>hostread.c.obj</name>
      </input_file>
      <input_file id="fl-10d">
         <path>C:\ti\ccs\ccs\tools\compiler\ti-cgt-arm_20.2.5.LTS\lib\</path>
         <kind>archive</kind>
         <file>rtsv7M4_T_le_v4SPD16_eabi.lib</file>
         <name>hostrename.c.obj</name>
      </input_file>
      <input_file id="fl-10e">
         <path>C:\ti\ccs\ccs\tools\compiler\ti-cgt-arm_20.2.5.LTS\lib\</path>
         <kind>archive</kind>
         <file>rtsv7M4_T_le_v4SPD16_eabi.lib</file>
         <name>hostunlink.c.obj</name>
      </input_file>
      <input_file id="fl-10f">
         <path>C:\ti\ccs\ccs\tools\compiler\ti-cgt-arm_20.2.5.LTS\lib\</path>
         <kind>archive</kind>
         <file>rtsv7M4_T_le_v4SPD16_eabi.lib</file>
         <name>hostwrite.c.obj</name>
      </input_file>
      <input_file id="fl-110">
         <path>C:\ti\ccs\ccs\tools\compiler\ti-cgt-arm_20.2.5.LTS\lib\</path>
         <kind>archive</kind>
         <file>rtsv7M4_T_le_v4SPD16_eabi.lib</file>
         <name>trgmsg.c.obj</name>
      </input_file>
      <input_file id="fl-111">
         <path>C:\ti\ccs\ccs\tools\compiler\ti-cgt-arm_20.2.5.LTS\lib\</path>
         <kind>archive</kind>
         <file>rtsv7M4_T_le_v4SPD16_eabi.lib</file>
         <name>open.c.obj</name>
      </input_file>
      <input_file id="fl-112">
         <path>C:\ti\ccs\ccs\tools\compiler\ti-cgt-arm_20.2.5.LTS\lib\</path>
         <kind>archive</kind>
         <file>rtsv7M4_T_le_v4SPD16_eabi.lib</file>
         <name>lseek.c.obj</name>
      </input_file>
      <input_file id="fl-113">
         <path>C:\ti\ccs\ccs\tools\compiler\ti-cgt-arm_20.2.5.LTS\lib\</path>
         <kind>archive</kind>
         <file>rtsv7M4_T_le_v4SPD16_eabi.lib</file>
         <name>fclose.c.obj</name>
      </input_file>
      <input_file id="fl-114">
         <path>C:\ti\ccs\ccs\tools\compiler\ti-cgt-arm_20.2.5.LTS\lib\</path>
         <kind>archive</kind>
         <file>rtsv7M4_T_le_v4SPD16_eabi.lib</file>
         <name>getdevice.c.obj</name>
      </input_file>
      <input_file id="fl-115">
         <path>C:\ti\ccs\ccs\tools\compiler\ti-cgt-arm_20.2.5.LTS\lib\</path>
         <kind>archive</kind>
         <file>rtsv7M4_T_le_v4SPD16_eabi.lib</file>
         <name>strcmp.c.obj</name>
      </input_file>
      <input_file id="fl-116">
         <path>C:\ti\ccs\ccs\tools\compiler\ti-cgt-arm_20.2.5.LTS\lib\</path>
         <kind>archive</kind>
         <file>rtsv7M4_T_le_v4SPD16_eabi.lib</file>
         <name>strcpy.c.obj</name>
      </input_file>
      <input_file id="fl-117">
         <path>C:\ti\ccs\ccs\tools\compiler\ti-cgt-arm_20.2.5.LTS\lib\</path>
         <kind>archive</kind>
         <file>rtsv7M4_T_le_v4SPD16_eabi.lib</file>
         <name>strncpy.c.obj</name>
      </input_file>
      <input_file id="fl-118">
         <path>C:\ti\ccs\ccs\tools\compiler\ti-cgt-arm_20.2.5.LTS\lib\</path>
         <kind>archive</kind>
         <file>rtsv7M4_T_le_v4SPD16_eabi.lib</file>
         <name>remove.c.obj</name>
      </input_file>
      <input_file id="fl-119">
         <path>C:\ti\ccs\ccs\tools\compiler\ti-cgt-arm_20.2.5.LTS\lib\</path>
         <kind>archive</kind>
         <file>rtsv7M4_T_le_v4SPD16_eabi.lib</file>
         <name>close.c.obj</name>
      </input_file>
      <input_file id="fl-11a">
         <path>C:\ti\ccs\ccs\tools\compiler\ti-cgt-arm_20.2.5.LTS\lib\</path>
         <kind>archive</kind>
         <file>rtsv7M4_T_le_v4SPD16_eabi.lib</file>
         <name>unlink.c.obj</name>
      </input_file>
   </input_file_list>
   <object_component_list>
      <object_component id="oc-26">
         <name>.intvecs:retain</name>
         <load_address>0x0</load_address>
         <run_address>0x0</run_address>
         <size>0xe4</size>
         <input_file_ref idref="fl-d"/>
      </object_component>
      <object_component id="oc-d0">
         <name>.text</name>
         <load_address>0xe4</load_address>
         <run_address>0xe4</run_address>
         <size>0x2810</size>
         <input_file_ref idref="fl-1d"/>
      </object_component>
      <object_component id="oc-10f">
         <name>.text</name>
         <load_address>0x28f4</load_address>
         <run_address>0x28f4</run_address>
         <size>0x1124</size>
         <input_file_ref idref="fl-1b"/>
      </object_component>
      <object_component id="oc-115">
         <name>.text</name>
         <load_address>0x3a18</load_address>
         <run_address>0x3a18</run_address>
         <size>0xc00</size>
         <input_file_ref idref="fl-a"/>
      </object_component>
      <object_component id="oc-261">
         <name>.text:__TI_printfi</name>
         <load_address>0x4618</load_address>
         <run_address>0x4618</run_address>
         <size>0xa4e</size>
         <input_file_ref idref="fl-db"/>
      </object_component>
      <object_component id="oc-3df">
         <name>.text:_nop</name>
         <load_address>0x5066</load_address>
         <run_address>0x5066</run_address>
         <size>0x2</size>
         <input_file_ref idref="fl-f1"/>
      </object_component>
      <object_component id="oc-20a">
         <name>.text</name>
         <load_address>0x5068</load_address>
         <run_address>0x5068</run_address>
         <size>0x720</size>
         <input_file_ref idref="fl-1e"/>
      </object_component>
      <object_component id="oc-1f2">
         <name>.text</name>
         <load_address>0x5788</load_address>
         <run_address>0x5788</run_address>
         <size>0x454</size>
         <input_file_ref idref="fl-19"/>
      </object_component>
      <object_component id="oc-75">
         <name>.text</name>
         <load_address>0x5bdc</load_address>
         <run_address>0x5bdc</run_address>
         <size>0x438</size>
         <input_file_ref idref="fl-1f"/>
      </object_component>
      <object_component id="oc-c3">
         <name>.text</name>
         <load_address>0x6014</load_address>
         <run_address>0x6014</run_address>
         <size>0x354</size>
         <input_file_ref idref="fl-e"/>
      </object_component>
      <object_component id="oc-81">
         <name>.text</name>
         <load_address>0x6368</load_address>
         <run_address>0x6368</run_address>
         <size>0x34c</size>
         <input_file_ref idref="fl-f"/>
      </object_component>
      <object_component id="oc-3bb">
         <name>.text:_pconv_a</name>
         <load_address>0x66b4</load_address>
         <run_address>0x66b4</run_address>
         <size>0x270</size>
         <input_file_ref idref="fl-db"/>
      </object_component>
      <object_component id="oc-b1">
         <name>.text</name>
         <load_address>0x6924</load_address>
         <run_address>0x6924</run_address>
         <size>0x208</size>
         <input_file_ref idref="fl-b"/>
      </object_component>
      <object_component id="oc-3a9">
         <name>.text:_pconv_g</name>
         <load_address>0x6b2c</load_address>
         <run_address>0x6b2c</run_address>
         <size>0x1d0</size>
         <input_file_ref idref="fl-db"/>
      </object_component>
      <object_component id="oc-16c">
         <name>.text</name>
         <load_address>0x6cfc</load_address>
         <run_address>0x6cfc</run_address>
         <size>0x1c0</size>
         <input_file_ref idref="fl-8"/>
      </object_component>
      <object_component id="oc-4a4">
         <name>.text</name>
         <load_address>0x6ebc</load_address>
         <run_address>0x6ebc</run_address>
         <size>0x1b6</size>
         <input_file_ref idref="fl-e3"/>
      </object_component>
      <object_component id="oc-eb">
         <name>.text</name>
         <load_address>0x7072</load_address>
         <run_address>0x7072</run_address>
         <size>0x1b2</size>
         <input_file_ref idref="fl-6"/>
      </object_component>
      <object_component id="oc-7b">
         <name>.text</name>
         <load_address>0x7224</load_address>
         <run_address>0x7224</run_address>
         <size>0x1a4</size>
         <input_file_ref idref="fl-c"/>
      </object_component>
      <object_component id="oc-3b5">
         <name>.text:_pconv_e</name>
         <load_address>0x73c8</load_address>
         <run_address>0x73c8</run_address>
         <size>0x13c</size>
         <input_file_ref idref="fl-db"/>
      </object_component>
      <object_component id="oc-48a">
         <name>.text</name>
         <load_address>0x7504</load_address>
         <run_address>0x7504</run_address>
         <size>0x136</size>
         <input_file_ref idref="fl-e5"/>
      </object_component>
      <object_component id="oc-38a">
         <name>.text</name>
         <load_address>0x763a</load_address>
         <run_address>0x763a</run_address>
         <size>0x2</size>
         <input_file_ref idref="fl-104"/>
      </object_component>
      <object_component id="oc-172">
         <name>.text</name>
         <load_address>0x763c</load_address>
         <run_address>0x763c</run_address>
         <size>0x132</size>
         <input_file_ref idref="fl-4"/>
      </object_component>
      <object_component id="oc-1f8">
         <name>.text</name>
         <load_address>0x776e</load_address>
         <run_address>0x776e</run_address>
         <size>0x12a</size>
         <input_file_ref idref="fl-1a"/>
      </object_component>
      <object_component id="oc-4b6">
         <name>.text:fcvt</name>
         <load_address>0x7898</load_address>
         <run_address>0x7898</run_address>
         <size>0x124</size>
         <input_file_ref idref="fl-db"/>
      </object_component>
      <object_component id="oc-3ed">
         <name>.text:fputs</name>
         <load_address>0x79bc</load_address>
         <run_address>0x79bc</run_address>
         <size>0x114</size>
         <input_file_ref idref="fl-dd"/>
      </object_component>
      <object_component id="oc-166">
         <name>.text</name>
         <load_address>0x7ad0</load_address>
         <run_address>0x7ad0</run_address>
         <size>0x110</size>
         <input_file_ref idref="fl-5"/>
      </object_component>
      <object_component id="oc-4ca">
         <name>.text:scalbn</name>
         <load_address>0x7be0</load_address>
         <run_address>0x7be0</run_address>
         <size>0x110</size>
         <input_file_ref idref="fl-e1"/>
      </object_component>
      <object_component id="oc-376">
         <name>.text:aligned_alloc</name>
         <load_address>0x7cf0</load_address>
         <run_address>0x7cf0</run_address>
         <size>0x100</size>
         <input_file_ref idref="fl-f8"/>
      </object_component>
      <object_component id="oc-485">
         <name>.text</name>
         <load_address>0x7df0</load_address>
         <run_address>0x7df0</run_address>
         <size>0xfc</size>
         <input_file_ref idref="fl-e6"/>
      </object_component>
      <object_component id="oc-15a">
         <name>.text</name>
         <load_address>0x7eec</load_address>
         <run_address>0x7eec</run_address>
         <size>0xf8</size>
         <input_file_ref idref="fl-2"/>
      </object_component>
      <object_component id="oc-11b">
         <name>.text</name>
         <load_address>0x7fe4</load_address>
         <run_address>0x7fe4</run_address>
         <size>0xf8</size>
         <input_file_ref idref="fl-12"/>
      </object_component>
      <object_component id="oc-23c">
         <name>.text:free</name>
         <load_address>0x80dc</load_address>
         <run_address>0x80dc</run_address>
         <size>0xe4</size>
         <input_file_ref idref="fl-f8"/>
      </object_component>
      <object_component id="oc-160">
         <name>.text</name>
         <load_address>0x81c0</load_address>
         <run_address>0x81c0</run_address>
         <size>0xe4</size>
         <input_file_ref idref="fl-7"/>
      </object_component>
      <object_component id="oc-18d">
         <name>.text</name>
         <load_address>0x82a4</load_address>
         <run_address>0x82a4</run_address>
         <size>0xe4</size>
         <input_file_ref idref="fl-11"/>
      </object_component>
      <object_component id="oc-573">
         <name>.text:setvbuf</name>
         <load_address>0x8388</load_address>
         <run_address>0x8388</run_address>
         <size>0xdc</size>
         <input_file_ref idref="fl-df"/>
      </object_component>
      <object_component id="oc-70">
         <name>.text</name>
         <load_address>0x8464</load_address>
         <run_address>0x8464</run_address>
         <size>0xda</size>
         <input_file_ref idref="fl-20"/>
      </object_component>
      <object_component id="oc-181">
         <name>.text</name>
         <load_address>0x8540</load_address>
         <run_address>0x8540</run_address>
         <size>0xd0</size>
         <input_file_ref idref="fl-13"/>
      </object_component>
      <object_component id="oc-194">
         <name>.text</name>
         <load_address>0x8610</load_address>
         <run_address>0x8610</run_address>
         <size>0xb8</size>
         <input_file_ref idref="fl-15"/>
      </object_component>
      <object_component id="oc-39e">
         <name>.text:_ltostr</name>
         <load_address>0x86c8</load_address>
         <run_address>0x86c8</run_address>
         <size>0xb1</size>
         <input_file_ref idref="fl-db"/>
      </object_component>
      <object_component id="oc-187">
         <name>.text</name>
         <load_address>0x877c</load_address>
         <run_address>0x877c</run_address>
         <size>0xa8</size>
         <input_file_ref idref="fl-14"/>
      </object_component>
      <object_component id="oc-3a">
         <name>.text</name>
         <load_address>0x8824</load_address>
         <run_address>0x8824</run_address>
         <size>0x9c</size>
         <input_file_ref idref="fl-e9"/>
      </object_component>
      <object_component id="oc-47e">
         <name>.text</name>
         <load_address>0x88c0</load_address>
         <run_address>0x88c0</run_address>
         <size>0x96</size>
         <input_file_ref idref="fl-eb"/>
      </object_component>
      <object_component id="oc-3a4">
         <name>.text:__aeabi_cdcmple</name>
         <load_address>0x8956</load_address>
         <run_address>0x8956</run_address>
         <size>0x86</size>
         <input_file_ref idref="fl-e4"/>
      </object_component>
      <object_component id="oc-48f">
         <name>.text:__aeabi_cdrcmple</name>
         <load_address>0x89dc</load_address>
         <run_address>0x89dc</run_address>
         <size>0x86</size>
         <input_file_ref idref="fl-e4"/>
      </object_component>
      <object_component id="oc-2ac">
         <name>.text</name>
         <load_address>0x8a64</load_address>
         <run_address>0x8a64</run_address>
         <size>0x7c</size>
         <input_file_ref idref="fl-16"/>
      </object_component>
      <object_component id="oc-a5">
         <name>.text</name>
         <load_address>0x8ae0</load_address>
         <run_address>0x8ae0</run_address>
         <size>0x7a</size>
         <input_file_ref idref="fl-ec"/>
      </object_component>
      <object_component id="oc-5c7">
         <name>.text:__TI_closefile</name>
         <load_address>0x8b5c</load_address>
         <run_address>0x8b5c</run_address>
         <size>0x74</size>
         <input_file_ref idref="fl-113"/>
      </object_component>
      <object_component id="oc-46a">
         <name>.text:split</name>
         <load_address>0x8bd0</load_address>
         <run_address>0x8bd0</run_address>
         <size>0x70</size>
         <input_file_ref idref="fl-f8"/>
      </object_component>
      <object_component id="oc-4af">
         <name>.text:_mcpy</name>
         <load_address>0x8c40</load_address>
         <run_address>0x8c40</run_address>
         <size>0x6e</size>
         <input_file_ref idref="fl-db"/>
      </object_component>
      <object_component id="oc-5f7">
         <name>.text:HOSTrename</name>
         <load_address>0x8cb0</load_address>
         <run_address>0x8cb0</run_address>
         <size>0x6c</size>
         <input_file_ref idref="fl-10d"/>
      </object_component>
      <object_component id="oc-5eb">
         <name>.text:HOSTlseek</name>
         <load_address>0x8d1c</load_address>
         <run_address>0x8d1c</run_address>
         <size>0x68</size>
         <input_file_ref idref="fl-10a"/>
      </object_component>
      <object_component id="oc-17">
         <name>.text:decompress:lzss:__TI_decompress_lzss</name>
         <load_address>0x8d84</load_address>
         <run_address>0x8d84</run_address>
         <size>0x68</size>
         <input_file_ref idref="fl-ef"/>
      </object_component>
      <object_component id="oc-103">
         <name>.text:printf</name>
         <load_address>0x8dec</load_address>
         <run_address>0x8dec</run_address>
         <size>0x68</size>
         <input_file_ref idref="fl-da"/>
      </object_component>
      <object_component id="oc-4c4">
         <name>.text:frexp</name>
         <load_address>0x8e54</load_address>
         <run_address>0x8e54</run_address>
         <size>0x64</size>
         <input_file_ref idref="fl-e0"/>
      </object_component>
      <object_component id="oc-56d">
         <name>.text:fseek</name>
         <load_address>0x8eb8</load_address>
         <run_address>0x8eb8</run_address>
         <size>0x64</size>
         <input_file_ref idref="fl-102"/>
      </object_component>
      <object_component id="oc-4fb">
         <name>.text:__TI_wrt_ok</name>
         <load_address>0x8f1c</load_address>
         <run_address>0x8f1c</run_address>
         <size>0x62</size>
         <input_file_ref idref="fl-de"/>
      </object_component>
      <object_component id="oc-5d3">
         <name>.text:HOSTopen</name>
         <load_address>0x8f80</load_address>
         <run_address>0x8f80</run_address>
         <size>0x60</size>
         <input_file_ref idref="fl-10b"/>
      </object_component>
      <object_component id="oc-603">
         <name>.text:close</name>
         <load_address>0x8fe0</load_address>
         <run_address>0x8fe0</run_address>
         <size>0x5c</size>
         <input_file_ref idref="fl-119"/>
      </object_component>
      <object_component id="oc-5df">
         <name>.text:HOSTread</name>
         <load_address>0x903c</load_address>
         <run_address>0x903c</run_address>
         <size>0x58</size>
         <input_file_ref idref="fl-10c"/>
      </object_component>
      <object_component id="oc-5e5">
         <name>.text:HOSTwrite</name>
         <load_address>0x9094</load_address>
         <run_address>0x9094</run_address>
         <size>0x58</size>
         <input_file_ref idref="fl-10f"/>
      </object_component>
      <object_component id="oc-3af">
         <name>.text:_pconv_f</name>
         <load_address>0x90ec</load_address>
         <run_address>0x90ec</run_address>
         <size>0x56</size>
         <input_file_ref idref="fl-db"/>
      </object_component>
      <object_component id="oc-499">
         <name>.text:__TI_ltoa</name>
         <load_address>0x9142</load_address>
         <run_address>0x9142</run_address>
         <size>0x54</size>
         <input_file_ref idref="fl-f2"/>
      </object_component>
      <object_component id="oc-4a9">
         <name>.text:_ecpy</name>
         <load_address>0x9196</load_address>
         <run_address>0x9196</run_address>
         <size>0x52</size>
         <input_file_ref idref="fl-db"/>
      </object_component>
      <object_component id="oc-507">
         <name>.text:__TI_doflush</name>
         <load_address>0x91e8</load_address>
         <run_address>0x91e8</run_address>
         <size>0x4c</size>
         <input_file_ref idref="fl-100"/>
      </object_component>
      <object_component id="oc-398">
         <name>.text:atoi</name>
         <load_address>0x9234</load_address>
         <run_address>0x9234</run_address>
         <size>0x4c</size>
         <input_file_ref idref="fl-f3"/>
      </object_component>
      <object_component id="oc-1af">
         <name>.text:exit</name>
         <load_address>0x9280</load_address>
         <run_address>0x9280</run_address>
         <size>0x48</size>
         <input_file_ref idref="fl-f0"/>
      </object_component>
      <object_component id="oc-494">
         <name>.text</name>
         <load_address>0x92c8</load_address>
         <run_address>0x92c8</run_address>
         <size>0x48</size>
         <input_file_ref idref="fl-e7"/>
      </object_component>
      <object_component id="oc-5d9">
         <name>.text:HOSTclose</name>
         <load_address>0x9310</load_address>
         <run_address>0x9310</run_address>
         <size>0x44</size>
         <input_file_ref idref="fl-109"/>
      </object_component>
      <object_component id="oc-5f1">
         <name>.text:HOSTunlink</name>
         <load_address>0x9354</load_address>
         <run_address>0x9354</run_address>
         <size>0x44</size>
         <input_file_ref idref="fl-10e"/>
      </object_component>
      <object_component id="oc-1b5">
         <name>.text:__TI_auto_init_nobinit_nopinit:__TI_auto_init_nobinit_nopinit</name>
         <load_address>0x9398</load_address>
         <run_address>0x9398</run_address>
         <size>0x44</size>
         <input_file_ref idref="fl-105"/>
      </object_component>
      <object_component id="oc-638">
         <name>.text:getdevice</name>
         <load_address>0x93dc</load_address>
         <run_address>0x93dc</run_address>
         <size>0x44</size>
         <input_file_ref idref="fl-114"/>
      </object_component>
      <object_component id="oc-242">
         <name>.text</name>
         <load_address>0x9420</load_address>
         <run_address>0x9420</run_address>
         <size>0x40</size>
         <input_file_ref idref="fl-ea"/>
      </object_component>
      <object_component id="oc-109">
         <name>.text:sprintf</name>
         <load_address>0x9460</load_address>
         <run_address>0x9460</run_address>
         <size>0x40</size>
         <input_file_ref idref="fl-dc"/>
      </object_component>
      <object_component id="oc-4bc">
         <name>.text:_fcpy</name>
         <load_address>0x94a0</load_address>
         <run_address>0x94a0</run_address>
         <size>0x3e</size>
         <input_file_ref idref="fl-db"/>
      </object_component>
      <object_component id="oc-614">
         <name>.text:__TI_writemsg</name>
         <load_address>0x94e0</load_address>
         <run_address>0x94e0</run_address>
         <size>0x38</size>
         <input_file_ref idref="fl-110"/>
      </object_component>
      <object_component id="oc-65a">
         <name>.text:strncpy</name>
         <load_address>0x9518</load_address>
         <run_address>0x9518</run_address>
         <size>0x36</size>
         <input_file_ref idref="fl-117"/>
      </object_component>
      <object_component id="oc-59e">
         <name>.text:__TI_cleanup</name>
         <load_address>0x9550</load_address>
         <run_address>0x9550</run_address>
         <size>0x34</size>
         <input_file_ref idref="fl-101"/>
      </object_component>
      <object_component id="oc-61a">
         <name>.text:__TI_readmsg</name>
         <load_address>0x9584</load_address>
         <run_address>0x9584</run_address>
         <size>0x34</size>
         <input_file_ref idref="fl-110"/>
      </object_component>
      <object_component id="oc-58">
         <name>.text:_c_int00_noargs:_c_int00_noargs</name>
         <load_address>0x95b8</load_address>
         <run_address>0x95b8</run_address>
         <size>0x34</size>
         <input_file_ref idref="fl-fd"/>
      </object_component>
      <object_component id="oc-2a6">
         <name>.text:rand</name>
         <load_address>0x95ec</load_address>
         <run_address>0x95ec</run_address>
         <size>0x34</size>
         <input_file_ref idref="fl-f9"/>
      </object_component>
      <object_component id="oc-660">
         <name>.text:finddevice</name>
         <load_address>0x9620</load_address>
         <run_address>0x9620</run_address>
         <size>0x30</size>
         <input_file_ref idref="fl-114"/>
      </object_component>
      <object_component id="oc-49f">
         <name>.text</name>
         <load_address>0x9650</load_address>
         <run_address>0x9650</run_address>
         <size>0x2e</size>
         <input_file_ref idref="fl-e8"/>
      </object_component>
      <object_component id="oc-609">
         <name>.text:unlink</name>
         <load_address>0x9680</load_address>
         <run_address>0x9680</run_address>
         <size>0x2c</size>
         <input_file_ref idref="fl-11a"/>
      </object_component>
      <object_component id="oc-383">
         <name>.text:free_list_insert</name>
         <load_address>0x96ac</load_address>
         <run_address>0x96ac</run_address>
         <size>0x28</size>
         <input_file_ref idref="fl-f8"/>
      </object_component>
      <object_component id="oc-596">
         <name>.text:lseek</name>
         <load_address>0x96d4</load_address>
         <run_address>0x96d4</run_address>
         <size>0x28</size>
         <input_file_ref idref="fl-112"/>
      </object_component>
      <object_component id="oc-50d">
         <name>.text:write</name>
         <load_address>0x96fc</load_address>
         <run_address>0x96fc</run_address>
         <size>0x28</size>
         <input_file_ref idref="fl-fe"/>
      </object_component>
      <object_component id="oc-2a0">
         <name>.text:srand</name>
         <load_address>0x9724</load_address>
         <run_address>0x9724</run_address>
         <size>0x24</size>
         <input_file_ref idref="fl-f9"/>
      </object_component>
      <object_component id="oc-501">
         <name>.text:memchr</name>
         <load_address>0x9748</load_address>
         <run_address>0x9748</run_address>
         <size>0x20</size>
         <input_file_ref idref="fl-f7"/>
      </object_component>
      <object_component id="oc-37d">
         <name>.text:free_list_remove</name>
         <load_address>0x9768</load_address>
         <run_address>0x9768</run_address>
         <size>0x1c</size>
         <input_file_ref idref="fl-f8"/>
      </object_component>
      <object_component id="oc-3c1">
         <name>.text:memccpy</name>
         <load_address>0x9784</load_address>
         <run_address>0x9784</run_address>
         <size>0x1c</size>
         <input_file_ref idref="fl-f6"/>
      </object_component>
      <object_component id="oc-19d">
         <name>.text</name>
         <load_address>0x97a0</load_address>
         <run_address>0x97a0</run_address>
         <size>0x1c</size>
         <input_file_ref idref="fl-10"/>
      </object_component>
      <object_component id="oc-551">
         <name>.text:copysign</name>
         <load_address>0x97bc</load_address>
         <run_address>0x97bc</run_address>
         <size>0x1a</size>
         <input_file_ref idref="fl-103"/>
      </object_component>
      <object_component id="oc-280">
         <name>.text:_outs</name>
         <load_address>0x97d6</load_address>
         <run_address>0x97d6</run_address>
         <size>0x18</size>
         <input_file_ref idref="fl-dc"/>
      </object_component>
      <object_component id="oc-677">
         <name>.text:strcmp</name>
         <load_address>0x97ee</load_address>
         <run_address>0x97ee</run_address>
         <size>0x18</size>
         <input_file_ref idref="fl-115"/>
      </object_component>
      <object_component id="oc-4d0">
         <name>.text:strchr</name>
         <load_address>0x9806</load_address>
         <run_address>0x9806</run_address>
         <size>0x16</size>
         <input_file_ref idref="fl-fa"/>
      </object_component>
      <object_component id="oc-62e">
         <name>.text:strcpy</name>
         <load_address>0x981c</load_address>
         <run_address>0x981c</run_address>
         <size>0x14</size>
         <input_file_ref idref="fl-116"/>
      </object_component>
      <object_component id="oc-392">
         <name>.text:strlen</name>
         <load_address>0x9830</load_address>
         <run_address>0x9830</run_address>
         <size>0x14</size>
         <input_file_ref idref="fl-fb"/>
      </object_component>
      <object_component id="oc-3c7">
         <name>.text:wcslen</name>
         <load_address>0x9844</load_address>
         <run_address>0x9844</run_address>
         <size>0x12</size>
         <input_file_ref idref="fl-e2"/>
      </object_component>
      <object_component id="oc-1d">
         <name>.text:decompress:none:__TI_decompress_none</name>
         <load_address>0x9856</load_address>
         <run_address>0x9856</run_address>
         <size>0xe</size>
         <input_file_ref idref="fl-ee"/>
      </object_component>
      <object_component id="oc-6a">
         <name>.text</name>
         <load_address>0x9864</load_address>
         <run_address>0x9864</run_address>
         <size>0xe</size>
         <input_file_ref idref="fl-d"/>
      </object_component>
      <object_component id="oc-4c">
         <name>.text:decompress:ZI:__TI_zero_init</name>
         <load_address>0x9872</load_address>
         <run_address>0x9872</run_address>
         <size>0xc</size>
         <input_file_ref idref="fl-ed"/>
      </object_component>
      <object_component id="oc-286">
         <name>.text:_outc</name>
         <load_address>0x987e</load_address>
         <run_address>0x987e</run_address>
         <size>0xa</size>
         <input_file_ref idref="fl-dc"/>
      </object_component>
      <object_component id="oc-3cd">
         <name>.text:__aeabi_errno_addr</name>
         <load_address>0x9888</load_address>
         <run_address>0x9888</run_address>
         <size>0x8</size>
         <input_file_ref idref="fl-fc"/>
      </object_component>
      <object_component id="oc-236">
         <name>.text:malloc</name>
         <load_address>0x9890</load_address>
         <run_address>0x9890</run_address>
         <size>0x8</size>
         <input_file_ref idref="fl-f8"/>
      </object_component>
      <object_component id="oc-273">
         <name>.text:_outc</name>
         <load_address>0x9898</load_address>
         <run_address>0x9898</run_address>
         <size>0x4</size>
         <input_file_ref idref="fl-da"/>
      </object_component>
      <object_component id="oc-26d">
         <name>.text:_outs</name>
         <load_address>0x989c</load_address>
         <run_address>0x989c</run_address>
         <size>0x4</size>
         <input_file_ref idref="fl-da"/>
      </object_component>
      <object_component id="oc-ab">
         <name>.text:_system_pre_init</name>
         <load_address>0x98a0</load_address>
         <run_address>0x98a0</run_address>
         <size>0x4</size>
         <input_file_ref idref="fl-106"/>
      </object_component>
      <object_component id="oc-1a9">
         <name>.text:abort:abort</name>
         <load_address>0x98a4</load_address>
         <run_address>0x98a4</run_address>
         <size>0x4</size>
         <input_file_ref idref="fl-f0"/>
      </object_component>
      <object_component id="oc-2bb">
         <name>.const:.string:grid_image_bitmapBitmaps</name>
         <load_address>0x98a8</load_address>
         <run_address>0x98a8</run_address>
         <size>0x800</size>
         <input_file_ref idref="fl-9"/>
      </object_component>
      <object_component id="oc-479">
         <name>.const:.string:_ctypes_</name>
         <load_address>0xa0a8</load_address>
         <run_address>0xa0a8</run_address>
         <size>0x101</size>
         <input_file_ref idref="fl-f4"/>
      </object_component>
      <object_component id="oc-2c0">
         <name>.const:.string:in_image_bitmapBitmaps</name>
         <load_address>0xa1a9</load_address>
         <run_address>0xa1a9</run_address>
         <size>0x87</size>
         <input_file_ref idref="fl-9"/>
      </object_component>
      <object_component id="oc-2c6">
         <name>.const:.string:image_2_bitmapBitmaps</name>
         <load_address>0xa230</load_address>
         <run_address>0xa230</run_address>
         <size>0x36</size>
         <input_file_ref idref="fl-9"/>
      </object_component>
      <object_component id="oc-2c3">
         <name>.const:.string:image_3_bitmapBitmaps</name>
         <load_address>0xa266</load_address>
         <run_address>0xa266</run_address>
         <size>0x36</size>
         <input_file_ref idref="fl-9"/>
      </object_component>
      <object_component id="oc-2c9">
         <name>.const:.string:image_1_bitmapBitmaps</name>
         <load_address>0xa29c</load_address>
         <run_address>0xa29c</run_address>
         <size>0x34</size>
         <input_file_ref idref="fl-9"/>
      </object_component>
      <object_component id="oc-2b8">
         <name>.const</name>
         <load_address>0xa2d0</load_address>
         <run_address>0xa2d0</run_address>
         <size>0xb</size>
         <input_file_ref idref="fl-9"/>
      </object_component>
      <object_component id="oc-2b2">
         <name>.const:.string:grid_X</name>
         <load_address>0xa2db</load_address>
         <run_address>0xa2db</run_address>
         <size>0x9</size>
         <input_file_ref idref="fl-9"/>
      </object_component>
      <object_component id="oc-2b5">
         <name>.const:.string:grid_Y</name>
         <load_address>0xa2e4</load_address>
         <run_address>0xa2e4</run_address>
         <size>0x9</size>
         <input_file_ref idref="fl-9"/>
      </object_component>
      <object_component id="oc-cd">
         <name>.const</name>
         <load_address>0xa2f0</load_address>
         <run_address>0xa2f0</run_address>
         <size>0x8</size>
         <input_file_ref idref="fl-1f"/>
      </object_component>
      <object_component id="oc-213">
         <name>.const</name>
         <load_address>0xa2f8</load_address>
         <run_address>0xa2f8</run_address>
         <size>0x4</size>
         <input_file_ref idref="fl-1d"/>
      </object_component>
      <object_component id="oc-6b7">
         <name>.cinit..data.load</name>
         <load_address>0xa300</load_address>
         <run_address>0xa300</run_address>
         <size>0x82</size>
      </object_component>
      <object_component id="oc-6b5">
         <name>__TI_handler_table</name>
         <load_address>0xa384</load_address>
         <run_address>0xa384</run_address>
         <size>0xc</size>
      </object_component>
      <object_component id="oc-6b8">
         <name>.cinit..bss.load</name>
         <load_address>0xa390</load_address>
         <run_address>0xa390</run_address>
         <size>0x8</size>
      </object_component>
      <object_component id="oc-6b6">
         <name>__TI_cinit_table</name>
         <load_address>0xa398</load_address>
         <run_address>0xa398</run_address>
         <size>0x10</size>
      </object_component>
      <object_component id="oc-689">
         <name>.binit</name>
         <load_address>0x0</load_address>
         <run_address>0x0</run_address>
         <size>0x0</size>
      </object_component>
      <object_component id="oc-29d">
         <name>.data:COLORS</name>
         <load_address>0x20008a4c</load_address>
         <run_address>0x20008a4c</run_address>
         <size>0x8</size>
         <input_file_ref idref="fl-a"/>
      </object_component>
      <object_component id="oc-12a">
         <name>.data:USR_ANS</name>
         <load_address>0x20008a00</load_address>
         <run_address>0x20008a00</run_address>
         <size>0x12</size>
         <input_file_ref idref="fl-a"/>
      </object_component>
      <object_component id="oc-f5">
         <name>.data</name>
         <load_address>0x20008a78</load_address>
         <run_address>0x20008a78</run_address>
         <size>0x3</size>
         <input_file_ref idref="fl-c"/>
      </object_component>
      <object_component id="oc-178">
         <name>.data</name>
         <load_address>0x20008a74</load_address>
         <run_address>0x20008a74</run_address>
         <size>0x4</size>
         <input_file_ref idref="fl-e"/>
      </object_component>
      <object_component id="oc-121">
         <name>.data</name>
         <load_address>0x200089ec</load_address>
         <run_address>0x200089ec</run_address>
         <size>0x14</size>
         <input_file_ref idref="fl-f"/>
      </object_component>
      <object_component id="oc-2cd">
         <name>.data</name>
         <load_address>0x20008a54</load_address>
         <run_address>0x20008a54</run_address>
         <size>0x5</size>
         <input_file_ref idref="fl-12"/>
      </object_component>
      <object_component id="oc-2ff">
         <name>.data</name>
         <load_address>0x20008a5c</load_address>
         <run_address>0x20008a5c</run_address>
         <size>0x5</size>
         <input_file_ref idref="fl-13"/>
      </object_component>
      <object_component id="oc-306">
         <name>.data</name>
         <load_address>0x20008a64</load_address>
         <run_address>0x20008a64</run_address>
         <size>0x5</size>
         <input_file_ref idref="fl-14"/>
      </object_component>
      <object_component id="oc-33e">
         <name>.data</name>
         <load_address>0x200089bc</load_address>
         <run_address>0x200089bc</run_address>
         <size>0x18</size>
         <input_file_ref idref="fl-19"/>
      </object_component>
      <object_component id="oc-ca">
         <name>.data</name>
         <load_address>0x20008988</load_address>
         <run_address>0x20008988</run_address>
         <size>0x34</size>
         <input_file_ref idref="fl-1d"/>
      </object_component>
      <object_component id="oc-353">
         <name>.data</name>
         <load_address>0x20008a30</load_address>
         <run_address>0x20008a30</run_address>
         <size>0xc</size>
         <input_file_ref idref="fl-1e"/>
      </object_component>
      <object_component id="oc-d7">
         <name>.data</name>
         <load_address>0x200089d4</load_address>
         <run_address>0x200089d4</run_address>
         <size>0x18</size>
         <input_file_ref idref="fl-1f"/>
      </object_component>
      <object_component id="oc-311">
         <name>.data:$O1$$</name>
         <load_address>0x20008a24</load_address>
         <run_address>0x20008a24</run_address>
         <size>0xc</size>
         <input_file_ref idref="fl-f0"/>
      </object_component>
      <object_component id="oc-267">
         <name>.data:$O1$$</name>
         <load_address>0x20008a3c</load_address>
         <run_address>0x20008a3c</run_address>
         <size>0x8</size>
         <input_file_ref idref="fl-f1"/>
      </object_component>
      <object_component id="oc-26a">
         <name>.data:_ftable</name>
         <load_address>0x200087d0</load_address>
         <run_address>0x200087d0</run_address>
         <size>0xf0</size>
         <input_file_ref idref="fl-f5"/>
      </object_component>
      <object_component id="oc-5cd">
         <name>.data</name>
         <load_address>0x20008a14</load_address>
         <run_address>0x20008a14</run_address>
         <size>0x10</size>
         <input_file_ref idref="fl-f5"/>
      </object_component>
      <object_component id="oc-470">
         <name>.data:$O1$$</name>
         <load_address>0x20008a44</load_address>
         <run_address>0x20008a44</run_address>
         <size>0x8</size>
         <input_file_ref idref="fl-f8"/>
      </object_component>
      <object_component id="oc-40b">
         <name>.data</name>
         <load_address>0x20008a70</load_address>
         <run_address>0x20008a70</run_address>
         <size>0x4</size>
         <input_file_ref idref="fl-f9"/>
      </object_component>
      <object_component id="oc-4e0">
         <name>.data</name>
         <load_address>0x20008a6c</load_address>
         <run_address>0x20008a6c</run_address>
         <size>0x4</size>
         <input_file_ref idref="fl-fc"/>
      </object_component>
      <object_component id="oc-5b1">
         <name>.data:_device</name>
         <load_address>0x200088c0</load_address>
         <run_address>0x200088c0</run_address>
         <size>0x78</size>
         <input_file_ref idref="fl-ff"/>
      </object_component>
      <object_component id="oc-57f">
         <name>.data:_stream</name>
         <load_address>0x20008938</load_address>
         <run_address>0x20008938</run_address>
         <size>0x50</size>
         <input_file_ref idref="fl-ff"/>
      </object_component>
      <object_component id="oc-344">
         <name>.bss:ucHeap</name>
         <uninitialized>true</uninitialized>
         <run_address>0x20000000</run_address>
         <size>0x8000</size>
         <input_file_ref idref="fl-19"/>
      </object_component>
      <object_component id="oc-341">
         <name>.bss:xStart</name>
         <uninitialized>true</uninitialized>
         <run_address>0x20008394</run_address>
         <size>0x8</size>
         <input_file_ref idref="fl-19"/>
      </object_component>
      <object_component id="oc-1fe">
         <name>.bss:pxReadyTasksLists</name>
         <uninitialized>true</uninitialized>
         <run_address>0x20008120</run_address>
         <size>0xc8</size>
         <input_file_ref idref="fl-1d"/>
      </object_component>
      <object_component id="oc-216">
         <name>.bss:xDelayedTaskList1</name>
         <uninitialized>true</uninitialized>
         <run_address>0x20008300</run_address>
         <size>0x14</size>
         <input_file_ref idref="fl-1d"/>
      </object_component>
      <object_component id="oc-219">
         <name>.bss:xDelayedTaskList2</name>
         <uninitialized>true</uninitialized>
         <run_address>0x20008314</run_address>
         <size>0x14</size>
         <input_file_ref idref="fl-1d"/>
      </object_component>
      <object_component id="oc-204">
         <name>.bss</name>
         <uninitialized>true</uninitialized>
         <run_address>0x20008384</run_address>
         <size>0x8</size>
         <input_file_ref idref="fl-1d"/>
      </object_component>
      <object_component id="oc-210">
         <name>.bss:xPendingReadyList</name>
         <uninitialized>true</uninitialized>
         <run_address>0x20008328</run_address>
         <size>0x14</size>
         <input_file_ref idref="fl-1d"/>
      </object_component>
      <object_component id="oc-201">
         <name>.bss:xTasksWaitingTermination</name>
         <uninitialized>true</uninitialized>
         <run_address>0x20008350</run_address>
         <size>0x14</size>
         <input_file_ref idref="fl-1d"/>
      </object_component>
      <object_component id="oc-207">
         <name>.bss:xSuspendedTaskList</name>
         <uninitialized>true</uninitialized>
         <run_address>0x2000833c</run_address>
         <size>0x14</size>
         <input_file_ref idref="fl-1d"/>
      </object_component>
      <object_component id="oc-359">
         <name>.bss:xActiveTimerList1</name>
         <uninitialized>true</uninitialized>
         <run_address>0x200082d8</run_address>
         <size>0x14</size>
         <input_file_ref idref="fl-1e"/>
      </object_component>
      <object_component id="oc-35c">
         <name>.bss:xActiveTimerList2</name>
         <uninitialized>true</uninitialized>
         <run_address>0x200082ec</run_address>
         <size>0x14</size>
         <input_file_ref idref="fl-1e"/>
      </object_component>
      <object_component id="oc-356">
         <name>.bss</name>
         <uninitialized>true</uninitialized>
         <run_address>0x2000838c</run_address>
         <size>0x8</size>
         <input_file_ref idref="fl-1e"/>
      </object_component>
      <object_component id="oc-642">
         <name>.bss:_CIOBUF_</name>
         <uninitialized>true</uninitialized>
         <run_address>0x20008000</run_address>
         <size>0x120</size>
         <input_file_ref idref="fl-110"/>
      </object_component>
      <object_component id="oc-2bf">
         <name>.common:GEN_ANS</name>
         <uninitialized>true</uninitialized>
         <run_address>0x20008364</run_address>
         <size>0x14</size>
      </object_component>
      <object_component id="oc-29a">
         <name>.common:Lcd_Orientation</name>
         <uninitialized>true</uninitialized>
         <run_address>0x200083c8</run_address>
         <size>0x2</size>
      </object_component>
      <object_component id="oc-2be">
         <name>.common:seed</name>
         <uninitialized>true</uninitialized>
         <run_address>0x200083c4</run_address>
         <size>0x4</size>
      </object_component>
      <object_component id="oc-127">
         <name>.common:Sem_LCD</name>
         <uninitialized>true</uninitialized>
         <run_address>0x200083b0</run_address>
         <size>0x4</size>
      </object_component>
      <object_component id="oc-f1">
         <name>.common:Tx_Buffer</name>
         <uninitialized>true</uninitialized>
         <run_address>0x200083c0</run_address>
         <size>0x4</size>
      </object_component>
      <object_component id="oc-f4">
         <name>.common:Rx_String</name>
         <uninitialized>true</uninitialized>
         <run_address>0x20008288</run_address>
         <size>0x50</size>
      </object_component>
      <object_component id="oc-130">
         <name>.common:Task_Joystick_Bottom_Half_Handle</name>
         <uninitialized>true</uninitialized>
         <run_address>0x200083b4</run_address>
         <size>0x4</size>
      </object_component>
      <object_component id="oc-124">
         <name>.common:resultsBuffer</name>
         <uninitialized>true</uninitialized>
         <run_address>0x20008378</run_address>
         <size>0xc</size>
      </object_component>
      <object_component id="oc-19a">
         <name>.common:Task_Joystick_Timer_Handle</name>
         <uninitialized>true</uninitialized>
         <run_address>0x200083b8</run_address>
         <size>0x4</size>
      </object_component>
      <object_component id="oc-17e">
         <name>.common:Queue_LCD</name>
         <uninitialized>true</uninitialized>
         <run_address>0x200083ac</run_address>
         <size>0x4</size>
      </object_component>
      <object_component id="oc-17b">
         <name>.common:Queue_JOY</name>
         <uninitialized>true</uninitialized>
         <run_address>0x200083a8</run_address>
         <size>0x4</size>
      </object_component>
      <object_component id="oc-302">
         <name>.common:lcd_color</name>
         <uninitialized>true</uninitialized>
         <run_address>0x200083ca</run_address>
         <size>0x1</size>
      </object_component>
      <object_component id="oc-12d">
         <name>.common:Queue_GRID</name>
         <uninitialized>true</uninitialized>
         <run_address>0x200083a4</run_address>
         <size>0x4</size>
      </object_component>
      <object_component id="oc-193">
         <name>.common:Task_Move_Joystick_Grid_Handle</name>
         <uninitialized>true</uninitialized>
         <run_address>0x200083bc</run_address>
         <size>0x4</size>
      </object_component>
      <object_component id="oc-60f">
         <name>.common:__TI_tmpnams</name>
         <uninitialized>true</uninitialized>
         <run_address>0x200081e8</run_address>
         <size>0xa0</size>
      </object_component>
      <object_component id="oc-620">
         <name>.common:parmbuf</name>
         <uninitialized>true</uninitialized>
         <run_address>0x2000839c</run_address>
         <size>0x8</size>
      </object_component>
      <object_component id="oc-29">
         <name>.sysmem</name>
         <uninitialized>true</uninitialized>
         <run_address>0x200083d0</run_address>
         <size>0x10</size>
         <input_file_ref idref="fl-f8"/>
      </object_component>
      <object_component id="oc-6bb">
         <name>.sysmem</name>
         <uninitialized>true</uninitialized>
         <run_address>0x200083d0</run_address>
         <size>0x0</size>
      </object_component>
      <object_component id="oc-2c">
         <name>.stack</name>
         <uninitialized>true</uninitialized>
         <run_address>0x2000fe00</run_address>
         <size>0x4</size>
         <input_file_ref idref="fl-fd"/>
      </object_component>
      <object_component id="oc-6ba">
         <name>.stack</name>
         <uninitialized>true</uninitialized>
         <run_address>0x2000fe00</run_address>
         <size>0x0</size>
      </object_component>
      <object_component id="oc-230">
         <name>.debug_info</name>
         <load_address>0x0</load_address>
         <run_address>0x0</run_address>
         <size>0x69d</size>
         <input_file_ref idref="fl-2"/>
      </object_component>
      <object_component id="oc-15b">
         <name>.debug_info</name>
         <load_address>0x69d</load_address>
         <run_address>0x69d</run_address>
         <size>0x226</size>
         <input_file_ref idref="fl-2"/>
      </object_component>
      <object_component id="oc-1a4">
         <name>.debug_info</name>
         <load_address>0x8c3</load_address>
         <run_address>0x8c3</run_address>
         <size>0x315</size>
         <input_file_ref idref="fl-2"/>
      </object_component>
      <object_component id="oc-2d1">
         <name>.debug_info</name>
         <load_address>0xbd8</load_address>
         <run_address>0xbd8</run_address>
         <size>0x9b</size>
         <input_file_ref idref="fl-2"/>
      </object_component>
      <object_component id="oc-132">
         <name>.debug_info</name>
         <load_address>0xc73</load_address>
         <run_address>0xc73</run_address>
         <size>0x63</size>
         <input_file_ref idref="fl-2"/>
      </object_component>
      <object_component id="oc-250">
         <name>.debug_info</name>
         <load_address>0xcd6</load_address>
         <run_address>0xcd6</run_address>
         <size>0x1055</size>
         <input_file_ref idref="fl-2"/>
      </object_component>
      <object_component id="oc-fe">
         <name>.debug_info</name>
         <load_address>0x1d2b</load_address>
         <run_address>0x1d2b</run_address>
         <size>0x37e2</size>
         <input_file_ref idref="fl-2"/>
      </object_component>
      <object_component id="oc-139">
         <name>.debug_info</name>
         <load_address>0x550d</load_address>
         <run_address>0x550d</run_address>
         <size>0x26b</size>
         <input_file_ref idref="fl-2"/>
      </object_component>
      <object_component id="oc-24b">
         <name>.debug_info</name>
         <load_address>0x5778</load_address>
         <run_address>0x5778</run_address>
         <size>0x86</size>
         <input_file_ref idref="fl-2"/>
      </object_component>
      <object_component id="oc-2e4">
         <name>.debug_info</name>
         <load_address>0x57fe</load_address>
         <run_address>0x57fe</run_address>
         <size>0x48b</size>
         <input_file_ref idref="fl-2"/>
      </object_component>
      <object_component id="oc-2da">
         <name>.debug_info</name>
         <load_address>0x5c89</load_address>
         <run_address>0x5c89</run_address>
         <size>0x4f</size>
         <input_file_ref idref="fl-2"/>
      </object_component>
      <object_component id="oc-2e9">
         <name>.debug_info</name>
         <load_address>0x5cd8</load_address>
         <run_address>0x5cd8</run_address>
         <size>0x2c</size>
         <input_file_ref idref="fl-2"/>
      </object_component>
      <object_component id="oc-35">
         <name>.debug_info</name>
         <load_address>0x5d04</load_address>
         <run_address>0x5d04</run_address>
         <size>0x84</size>
         <input_file_ref idref="fl-2"/>
      </object_component>
      <object_component id="oc-dc">
         <name>.debug_info</name>
         <load_address>0x5d88</load_address>
         <run_address>0x5d88</run_address>
         <size>0x2c</size>
         <input_file_ref idref="fl-2"/>
      </object_component>
      <object_component id="oc-231">
         <name>.debug_info</name>
         <load_address>0x5db4</load_address>
         <run_address>0x5db4</run_address>
         <size>0x2a4</size>
         <input_file_ref idref="fl-2"/>
      </object_component>
      <object_component id="oc-e6">
         <name>.debug_info</name>
         <load_address>0x6058</load_address>
         <run_address>0x6058</run_address>
         <size>0xbb</size>
         <input_file_ref idref="fl-2"/>
      </object_component>
      <object_component id="oc-e1">
         <name>.debug_info</name>
         <load_address>0x6113</load_address>
         <run_address>0x6113</run_address>
         <size>0x53</size>
         <input_file_ref idref="fl-2"/>
      </object_component>
      <object_component id="oc-255">
         <name>.debug_info</name>
         <load_address>0x6166</load_address>
         <run_address>0x6166</run_address>
         <size>0xcc</size>
         <input_file_ref idref="fl-2"/>
      </object_component>
      <object_component id="oc-27b">
         <name>.debug_info</name>
         <load_address>0x6232</load_address>
         <run_address>0x6232</run_address>
         <size>0x2c</size>
         <input_file_ref idref="fl-2"/>
      </object_component>
      <object_component id="oc-2df">
         <name>.debug_info</name>
         <load_address>0x625e</load_address>
         <run_address>0x625e</run_address>
         <size>0x35</size>
         <input_file_ref idref="fl-2"/>
      </object_component>
      <object_component id="oc-226">
         <name>.debug_info</name>
         <load_address>0x6293</load_address>
         <run_address>0x6293</run_address>
         <size>0x14c</size>
         <input_file_ref idref="fl-2"/>
      </object_component>
      <object_component id="oc-173">
         <name>.debug_info</name>
         <load_address>0x63df</load_address>
         <run_address>0x63df</run_address>
         <size>0x1bb</size>
         <input_file_ref idref="fl-4"/>
      </object_component>
      <object_component id="oc-168">
         <name>.debug_info</name>
         <load_address>0x659a</load_address>
         <run_address>0x659a</run_address>
         <size>0x465</size>
         <input_file_ref idref="fl-5"/>
      </object_component>
      <object_component id="oc-f9">
         <name>.debug_info</name>
         <load_address>0x69ff</load_address>
         <run_address>0x69ff</run_address>
         <size>0x8b</size>
         <input_file_ref idref="fl-5"/>
      </object_component>
      <object_component id="oc-248">
         <name>.debug_info</name>
         <load_address>0x6a8a</load_address>
         <run_address>0x6a8a</run_address>
         <size>0x2e8</size>
         <input_file_ref idref="fl-6"/>
      </object_component>
      <object_component id="oc-ec">
         <name>.debug_info</name>
         <load_address>0x6d72</load_address>
         <run_address>0x6d72</run_address>
         <size>0x78f</size>
         <input_file_ref idref="fl-6"/>
      </object_component>
      <object_component id="oc-295">
         <name>.debug_info</name>
         <load_address>0x7501</load_address>
         <run_address>0x7501</run_address>
         <size>0x110</size>
         <input_file_ref idref="fl-6"/>
      </object_component>
      <object_component id="oc-162">
         <name>.debug_info</name>
         <load_address>0x7611</load_address>
         <run_address>0x7611</run_address>
         <size>0x320</size>
         <input_file_ref idref="fl-7"/>
      </object_component>
      <object_component id="oc-16d">
         <name>.debug_info</name>
         <load_address>0x7931</load_address>
         <run_address>0x7931</run_address>
         <size>0x9bb</size>
         <input_file_ref idref="fl-8"/>
      </object_component>
      <object_component id="oc-414">
         <name>.debug_info</name>
         <load_address>0x82ec</load_address>
         <run_address>0x82ec</run_address>
         <size>0x556</size>
         <input_file_ref idref="fl-9"/>
      </object_component>
      <object_component id="oc-2bc">
         <name>.debug_info</name>
         <load_address>0x8842</load_address>
         <run_address>0x8842</run_address>
         <size>0xf3</size>
         <input_file_ref idref="fl-9"/>
      </object_component>
      <object_component id="oc-2b9">
         <name>.debug_info</name>
         <load_address>0x8935</load_address>
         <run_address>0x8935</run_address>
         <size>0x39b</size>
         <input_file_ref idref="fl-9"/>
      </object_component>
      <object_component id="oc-2b3">
         <name>.debug_info</name>
         <load_address>0x8cd0</load_address>
         <run_address>0x8cd0</run_address>
         <size>0xcf</size>
         <input_file_ref idref="fl-9"/>
      </object_component>
      <object_component id="oc-2b6">
         <name>.debug_info</name>
         <load_address>0x8d9f</load_address>
         <run_address>0x8d9f</run_address>
         <size>0xcf</size>
         <input_file_ref idref="fl-9"/>
      </object_component>
      <object_component id="oc-2c1">
         <name>.debug_info</name>
         <load_address>0x8e6e</load_address>
         <run_address>0x8e6e</run_address>
         <size>0xef</size>
         <input_file_ref idref="fl-9"/>
      </object_component>
      <object_component id="oc-2c4">
         <name>.debug_info</name>
         <load_address>0x8f5d</load_address>
         <run_address>0x8f5d</run_address>
         <size>0xed</size>
         <input_file_ref idref="fl-9"/>
      </object_component>
      <object_component id="oc-2c7">
         <name>.debug_info</name>
         <load_address>0x904a</load_address>
         <run_address>0x904a</run_address>
         <size>0xed</size>
         <input_file_ref idref="fl-9"/>
      </object_component>
      <object_component id="oc-2ca">
         <name>.debug_info</name>
         <load_address>0x9137</load_address>
         <run_address>0x9137</run_address>
         <size>0xee</size>
         <input_file_ref idref="fl-9"/>
      </object_component>
      <object_component id="oc-29b">
         <name>.debug_info</name>
         <load_address>0x9225</load_address>
         <run_address>0x9225</run_address>
         <size>0xb73</size>
         <input_file_ref idref="fl-a"/>
      </object_component>
      <object_component id="oc-29e">
         <name>.debug_info</name>
         <load_address>0x9d98</load_address>
         <run_address>0x9d98</run_address>
         <size>0xcd</size>
         <input_file_ref idref="fl-a"/>
      </object_component>
      <object_component id="oc-12b">
         <name>.debug_info</name>
         <load_address>0x9e65</load_address>
         <run_address>0x9e65</run_address>
         <size>0xcf</size>
         <input_file_ref idref="fl-a"/>
      </object_component>
      <object_component id="oc-116">
         <name>.debug_info</name>
         <load_address>0x9f34</load_address>
         <run_address>0x9f34</run_address>
         <size>0x18d7</size>
         <input_file_ref idref="fl-a"/>
      </object_component>
      <object_component id="oc-128">
         <name>.debug_info</name>
         <load_address>0xb80b</load_address>
         <run_address>0xb80b</run_address>
         <size>0xca2</size>
         <input_file_ref idref="fl-b"/>
      </object_component>
      <object_component id="oc-b2">
         <name>.debug_info</name>
         <load_address>0xc4ad</load_address>
         <run_address>0xc4ad</run_address>
         <size>0x452</size>
         <input_file_ref idref="fl-b"/>
      </object_component>
      <object_component id="oc-f2">
         <name>.debug_info</name>
         <load_address>0xc8ff</load_address>
         <run_address>0xc8ff</run_address>
         <size>0x720</size>
         <input_file_ref idref="fl-c"/>
      </object_component>
      <object_component id="oc-f6">
         <name>.debug_info</name>
         <load_address>0xd01f</load_address>
         <run_address>0xd01f</run_address>
         <size>0x10d</size>
         <input_file_ref idref="fl-c"/>
      </object_component>
      <object_component id="oc-7d">
         <name>.debug_info</name>
         <load_address>0xd12c</load_address>
         <run_address>0xd12c</run_address>
         <size>0x4ac</size>
         <input_file_ref idref="fl-c"/>
      </object_component>
      <object_component id="oc-25a">
         <name>.debug_info</name>
         <load_address>0xd5d8</load_address>
         <run_address>0xd5d8</run_address>
         <size>0x35</size>
         <input_file_ref idref="fl-c"/>
      </object_component>
      <object_component id="oc-89">
         <name>.debug_info</name>
         <load_address>0xd60d</load_address>
         <run_address>0xd60d</run_address>
         <size>0x349</size>
         <input_file_ref idref="fl-d"/>
      </object_component>
      <object_component id="oc-27">
         <name>.debug_info</name>
         <load_address>0xd956</load_address>
         <run_address>0xd956</run_address>
         <size>0xf5</size>
         <input_file_ref idref="fl-d"/>
      </object_component>
      <object_component id="oc-6b">
         <name>.debug_info</name>
         <load_address>0xda4b</load_address>
         <run_address>0xda4b</run_address>
         <size>0x1bc</size>
         <input_file_ref idref="fl-d"/>
      </object_component>
[...]
         <object_component_ref idref="oc-3a4"/>
      </symbol>
      <symbol id="sm-d95">
         <name>__aeabi_cdrcmple</name>
         <value>0x89dd</value>
         <object_component_ref idref="oc-48f"/>
      </symbol>
      <symbol id="sm-da9">
         <name>__aeabi_ddiv</name>
         <value>0x7505</value>
         <object_component_ref idref="oc-48a"/>
      </symbol>
      <symbol id="sm-db4">
         <name>__aeabi_dmul</name>
         <value>0x7df1</value>
         <object_component_ref idref="oc-485"/>
      </symbol>
      <symbol id="sm-dbe">
         <name>__aeabi_d2iz</name>
         <value>0x92c9</value>
         <object_component_ref idref="oc-494"/>
      </symbol>
      <symbol id="sm-dc8">
         <name>__aeabi_i2d</name>
         <value>0x9651</value>
         <object_component_ref idref="oc-49f"/>
      </symbol>
      <symbol id="sm-de3">
         <name>memcpy</name>
         <value>0x8825</value>
         <object_component_ref idref="oc-3a"/>
      </symbol>
      <symbol id="sm-de4">
         <name>__aeabi_memcpy</name>
         <value>0x8825</value>
         <object_component_ref idref="oc-3a"/>
      </symbol>
      <symbol id="sm-de5">
         <name>__aeabi_memcpy8</name>
         <value>0x8825</value>
         <object_component_ref idref="oc-3a"/>
      </symbol>
      <symbol id="sm-de6">
         <name>__aeabi_memcpy4</name>
         <value>0x8825</value>
         <object_component_ref idref="oc-3a"/>
      </symbol>
      <symbol id="sm-df5">
         <name>__aeabi_uidivmod</name>
         <value>0x9421</value>
         <object_component_ref idref="oc-242"/>
      </symbol>
      <symbol id="sm-df6">
         <name>__aeabi_uidiv</name>
         <value>0x9421</value>
         <object_component_ref idref="oc-242"/>
      </symbol>
      <symbol id="sm-e03">
         <name>__aeabi_uldivmod</name>
         <value>0x88c1</value>
         <object_component_ref idref="oc-47e"/>
      </symbol>
      <symbol id="sm-e12">
         <name>__aeabi_memset</name>
         <value>0x8ae3</value>
         <object_component_ref idref="oc-a5"/>
      </symbol>
      <symbol id="sm-e13">
         <name>memset</name>
         <value>0x8ae9</value>
         <object_component_ref idref="oc-a5"/>
      </symbol>
      <symbol id="sm-e14">
         <name>__aeabi_memset8</name>
         <value>0x8ae3</value>
         <object_component_ref idref="oc-a5"/>
      </symbol>
      <symbol id="sm-e15">
         <name>__aeabi_memset4</name>
         <value>0x8ae3</value>
         <object_component_ref idref="oc-a5"/>
      </symbol>
      <symbol id="sm-e16">
         <name>__aeabi_memclr8</name>
         <value>0x8ae1</value>
         <object_component_ref idref="oc-a5"/>
      </symbol>
      <symbol id="sm-e17">
         <name>__aeabi_memclr4</name>
         <value>0x8ae1</value>
         <object_component_ref idref="oc-a5"/>
      </symbol>
      <symbol id="sm-e18">
         <name>__aeabi_memclr</name>
         <value>0x8ae1</value>
         <object_component_ref idref="oc-a5"/>
      </symbol>
      <symbol id="sm-e2a">
         <name>__TI_zero_init</name>
         <value>0x9873</value>
         <object_component_ref idref="oc-4c"/>
      </symbol>
      <symbol id="sm-e41">
         <name>__TI_decompress_none</name>
         <value>0x9857</value>
         <object_component_ref idref="oc-1d"/>
      </symbol>
      <symbol id="sm-e64">
         <name>__TI_decompress_lzss</name>
         <value>0x8d85</value>
         <object_component_ref idref="oc-17"/>
      </symbol>
      <symbol id="sm-e8a">
         <name>C$$EXIT</name>
         <value>0x98a5</value>
         <object_component_ref idref="oc-1a9"/>
      </symbol>
      <symbol id="sm-e8b">
         <name>abort</name>
         <value>0x98a5</value>
         <object_component_ref idref="oc-1a9"/>
      </symbol>
      <symbol id="sm-e8c">
         <name>__TI_dtors_ptr</name>
         <value>0x20008a28</value>
         <object_component_ref idref="oc-311"/>
      </symbol>
      <symbol id="sm-e8d">
         <name>__TI_cleanup_ptr</name>
         <value>0x20008a24</value>
         <object_component_ref idref="oc-311"/>
      </symbol>
      <symbol id="sm-e8e">
         <name>__TI_enable_exit_profile_output</name>
         <value>0x20008a2c</value>
         <object_component_ref idref="oc-311"/>
      </symbol>
      <symbol id="sm-e8f">
         <name>exit</name>
         <value>0x9281</value>
         <object_component_ref idref="oc-1af"/>
      </symbol>
      <symbol id="sm-ea4">
         <name>_nop</name>
         <value>0x5067</value>
         <object_component_ref idref="oc-3df"/>
      </symbol>
      <symbol id="sm-ea5">
         <name>_lock</name>
         <value>0x20008a3c</value>
         <object_component_ref idref="oc-267"/>
      </symbol>
      <symbol id="sm-ea6">
         <name>_unlock</name>
         <value>0x20008a40</value>
         <object_component_ref idref="oc-267"/>
      </symbol>
      <symbol id="sm-eb5">
         <name>__TI_ltoa</name>
         <value>0x9143</value>
         <object_component_ref idref="oc-499"/>
      </symbol>
      <symbol id="sm-ecb">
         <name>atoi</name>
         <value>0x9235</value>
         <object_component_ref idref="oc-398"/>
      </symbol>
      <symbol id="sm-ed6">
         <name>_ctypes_</name>
         <value>0xa0a8</value>
         <object_component_ref idref="oc-479"/>
      </symbol>
      <symbol id="sm-eeb">
         <name>__TI_tmpnams</name>
         <value>0x200081e8</value>
      </symbol>
      <symbol id="sm-eec">
         <name>__aeabi_stdout</name>
         <value>0x20008a1c</value>
         <object_component_ref idref="oc-5cd"/>
      </symbol>
      <symbol id="sm-eed">
         <name>__aeabi_stderr</name>
         <value>0x20008a20</value>
         <object_component_ref idref="oc-5cd"/>
      </symbol>
      <symbol id="sm-eee">
         <name>__aeabi_stdin</name>
         <value>0x20008a18</value>
         <object_component_ref idref="oc-5cd"/>
      </symbol>
      <symbol id="sm-eef">
         <name>_ftable</name>
         <value>0x200087d0</value>
         <object_component_ref idref="oc-26a"/>
      </symbol>
      <symbol id="sm-ef0">
         <name>__TI_ft_end</name>
         <value>0x20008a14</value>
         <object_component_ref idref="oc-5cd"/>
      </symbol>
      <symbol id="sm-f00">
         <name>memccpy</name>
         <value>0x9785</value>
         <object_component_ref idref="oc-3c1"/>
      </symbol>
      <symbol id="sm-f10">
         <name>memchr</name>
         <value>0x9749</value>
         <object_component_ref idref="oc-501"/>
      </symbol>
      <symbol id="sm-f99">
         <name>_sys_memory</name>
         <value>0x200083d0</value>
         <object_component_ref idref="oc-29"/>
      </symbol>
      <symbol id="sm-f9a">
         <name>free</name>
         <value>0x80dd</value>
         <object_component_ref idref="oc-23c"/>
      </symbol>
      <symbol id="sm-f9b">
         <name>memalign</name>
         <value>0x7cf1</value>
         <object_component_ref idref="oc-376"/>
      </symbol>
      <symbol id="sm-f9c">
         <name>malloc</name>
         <value>0x9891</value>
         <object_component_ref idref="oc-236"/>
      </symbol>
      <symbol id="sm-f9d">
         <name>aligned_alloc</name>
         <value>0x7cf1</value>
         <object_component_ref idref="oc-376"/>
      </symbol>
      <symbol id="sm-fc2">
         <name>rand</name>
         <value>0x95ed</value>
         <object_component_ref idref="oc-2a6"/>
      </symbol>
      <symbol id="sm-fc3">
         <name>srand</name>
         <value>0x9725</value>
         <object_component_ref idref="oc-2a0"/>
      </symbol>
      <symbol id="sm-fd3">
         <name>strchr</name>
         <value>0x9807</value>
         <object_component_ref idref="oc-4d0"/>
      </symbol>
      <symbol id="sm-fe1">
         <name>strlen</name>
         <value>0x9831</value>
         <object_component_ref idref="oc-392"/>
      </symbol>
      <symbol id="sm-ff7">
         <name>__aeabi_errno_addr</name>
         <value>0x9889</value>
         <object_component_ref idref="oc-3cd"/>
      </symbol>
      <symbol id="sm-ff8">
         <name>errno</name>
         <value>0x20008a6c</value>
         <object_component_ref idref="oc-4e0"/>
      </symbol>
      <symbol id="sm-100b">
         <name>__stack</name>
         <value>0x2000fe00</value>
         <object_component_ref idref="oc-2c"/>
      </symbol>
      <symbol id="sm-100c">
         <name>_c_int00_noargs</name>
         <value>0x95b9</value>
         <object_component_ref idref="oc-58"/>
      </symbol>
      <symbol id="sm-1026">
         <name>write</name>
         <value>0x96fd</value>
         <object_component_ref idref="oc-50d"/>
      </symbol>
      <symbol id="sm-1037">
         <name>_stream</name>
         <value>0x20008938</value>
         <object_component_ref idref="oc-57f"/>
      </symbol>
      <symbol id="sm-1038">
         <name>_device</name>
         <value>0x200088c0</value>
         <object_component_ref idref="oc-5b1"/>
      </symbol>
      <symbol id="sm-1048">
         <name>__TI_doflush</name>
         <value>0x91e9</value>
         <object_component_ref idref="oc-507"/>
      </symbol>
      <symbol id="sm-1058">
         <name>__TI_cleanup</name>
         <value>0x9551</value>
         <object_component_ref idref="oc-59e"/>
      </symbol>
      <symbol id="sm-106a">
         <name>fseek</name>
         <value>0x8eb9</value>
         <object_component_ref idref="oc-56d"/>
      </symbol>
      <symbol id="sm-1074">
         <name>copysign</name>
         <value>0x97bd</value>
         <object_component_ref idref="oc-551"/>
      </symbol>
      <symbol id="sm-1075">
         <name>copysignl</name>
         <value>0x97bd</value>
         <object_component_ref idref="oc-551"/>
      </symbol>
      <symbol id="sm-107f">
         <name>__aeabi_idiv0</name>
         <value>0x763b</value>
         <object_component_ref idref="oc-38a"/>
      </symbol>
      <symbol id="sm-1080">
         <name>__aeabi_ldiv0</name>
         <value>0x763b</value>
         <object_component_ref idref="oc-38a"/>
      </symbol>
      <symbol id="sm-10a8">
         <name>__TI_auto_init_nobinit_nopinit</name>
         <value>0x9399</value>
         <object_component_ref idref="oc-1b5"/>
      </symbol>
      <symbol id="sm-10b2">
         <name>_system_pre_init</name>
         <value>0x98a1</value>
         <object_component_ref idref="oc-ab"/>
      </symbol>
      <symbol id="sm-10c5">
         <name>HOSTclose</name>
         <value>0x9311</value>
         <object_component_ref idref="oc-5d9"/>
      </symbol>
      <symbol id="sm-10d6">
         <name>HOSTlseek</name>
         <value>0x8d1d</value>
         <object_component_ref idref="oc-5eb"/>
      </symbol>
      <symbol id="sm-10e8">
         <name>parmbuf</name>
         <value>0x2000839c</value>
      </symbol>
      <symbol id="sm-10e9">
         <name>HOSTopen</name>
         <value>0x8f81</value>
         <object_component_ref idref="oc-5d3"/>
      </symbol>
      <symbol id="sm-10fa">
         <name>HOSTread</name>
         <value>0x903d</value>
         <object_component_ref idref="oc-5df"/>
      </symbol>
      <symbol id="sm-110b">
         <name>HOSTrename</name>
         <value>0x8cb1</value>
         <object_component_ref idref="oc-5f7"/>
      </symbol>
      <symbol id="sm-111c">
         <name>HOSTunlink</name>
         <value>0x9355</value>
         <object_component_ref idref="oc-5f1"/>
      </symbol>
      <symbol id="sm-112d">
         <name>HOSTwrite</name>
         <value>0x9095</value>
         <object_component_ref idref="oc-5e5"/>
      </symbol>
      <symbol id="sm-1151">
         <name>__TI_readmsg</name>
         <value>0x9585</value>
         <object_component_ref idref="oc-61a"/>
      </symbol>
      <symbol id="sm-1152">
         <name>C$$IO$$</name>
         <value>0x950f</value>
         <object_component_ref idref="oc-614"/>
      </symbol>
      <symbol id="sm-1153">
         <name>__CIOBUF_</name>
         <value>0x20008000</value>
         <object_component_ref idref="oc-642"/>
      </symbol>
      <symbol id="sm-1154">
         <name>__TI_writemsg</name>
         <value>0x94e1</value>
         <object_component_ref idref="oc-614"/>
      </symbol>
      <symbol id="sm-1165">
         <name>lseek</name>
         <value>0x96d5</value>
         <object_component_ref idref="oc-596"/>
      </symbol>
      <symbol id="sm-117a">
         <name>__TI_closefile</name>
         <value>0x8b5d</value>
         <object_component_ref idref="oc-5c7"/>
      </symbol>
      <symbol id="sm-119d">
         <name>finddevice</name>
         <value>0x9621</value>
         <object_component_ref idref="oc-660"/>
      </symbol>
      <symbol id="sm-119e">
         <name>getdevice</name>
         <value>0x93dd</value>
         <object_component_ref idref="oc-638"/>
      </symbol>
      <symbol id="sm-11ad">
         <name>strcmp</name>
         <value>0x97ef</value>
         <object_component_ref idref="oc-677"/>
      </symbol>
      <symbol id="sm-11bb">
         <name>strcpy</name>
         <value>0x981d</value>
         <object_component_ref idref="oc-62e"/>
      </symbol>
      <symbol id="sm-11cb">
         <name>strncpy</name>
         <value>0x9519</value>
         <object_component_ref idref="oc-65a"/>
      </symbol>
      <symbol id="sm-11e0">
         <name>close</name>
         <value>0x8fe1</value>
         <object_component_ref idref="oc-603"/>
      </symbol>
      <symbol id="sm-11f0">
         <name>unlink</name>
         <value>0x9681</value>
         <object_component_ref idref="oc-609"/>
      </symbol>
      <symbol id="sm-11f1">
         <name>__TI_static_base__</name>
         <value>0x0</value>
      </symbol>
      <symbol id="sm-11f4">
         <name>__mpu_init</name>
         <value>0x0</value>
      </symbol>
      <symbol id="sm-11f5">
         <name>_system_post_cinit</name>
         <value>0x0</value>
      </symbol>
      <symbol id="sm-11f6">
         <name>NMI_Handler</name>
         <value>0x9871</value>
      </symbol>
      <symbol id="sm-11f7">
         <name>HardFault_Handler</name>
         <value>0x9871</value>
      </symbol>
      <symbol id="sm-11f8">
         <name>MemManage_Handler</name>
         <value>0x9871</value>
      </symbol>
      <symbol id="sm-11f9">
         <name>BusFault_Handler</name>
         <value>0x9871</value>
      </symbol>
      <symbol id="sm-11fa">
         <name>UsageFault_Handler</name>
         <value>0x9871</value>
      </symbol>
      <symbol id="sm-11fb">
         <name>SVC_Handler</name>
         <value>0x9871</value>
      </symbol>
      <symbol id="sm-11fc">
         <name>DebugMon_Handler</name>
         <value>0x9871</value>
      </symbol>
      <symbol id="sm-11fd">
         <name>PendSV_Handler</name>
         <value>0x9871</value>
      </symbol>
      <symbol id="sm-11fe">
         <name>SysTick_Handler</name>
         <value>0x9871</value>
      </symbol>
      <symbol id="sm-11ff">
         <name>PSS_IRQHandler</name>
         <value>0x9871</value>
      </symbol>
      <symbol id="sm-1200">
         <name>CS_IRQHandler</name>
         <value>0x9871</value>
      </symbol>
      <symbol id="sm-1201">
         <name>PCM_IRQHandler</name>
         <value>0x9871</value>
      </symbol>
      <symbol id="sm-1202">
         <name>WDT_A_IRQHandler</name>
         <value>0x9871</value>
      </symbol>
      <symbol id="sm-1203">
         <name>FPU_IRQHandler</name>
         <value>0x9871</value>
      </symbol>
      <symbol id="sm-1204">
         <name>FLCTL_IRQHandler</name>
         <value>0x9871</value>
      </symbol>
      <symbol id="sm-1205">
         <name>COMP_E0_IRQHandler</name>
         <value>0x9871</value>
      </symbol>
      <symbol id="sm-1206">
         <name>COMP_E1_IRQHandler</name>
         <value>0x9871</value>
      </symbol>
      <symbol id="sm-1207">
         <name>TA0_0_IRQHandler</name>
         <value>0x9871</value>
      </symbol>
      <symbol id="sm-1208">
         <name>TA0_N_IRQHandler</name>
         <value>0x9871</value>
      </symbol>
      <symbol id="sm-1209">
         <name>TA1_0_IRQHandler</name>
         <value>0x9871</value>
      </symbol>
      <symbol id="sm-120a">
         <name>TA1_N_IRQHandler</name>
         <value>0x9871</value>
      </symbol>
      <symbol id="sm-120b">
         <name>TA2_0_IRQHandler</name>
         <value>0x9871</value>
      </symbol>
      <symbol id="sm-120c">
         <name>TA2_N_IRQHandler</name>
         <value>0x9871</value>
      </symbol>
      <symbol id="sm-120d">
         <name>TA3_0_IRQHandler</name>
         <value>0x9871</value>
      </symbol>
      <symbol id="sm-120e">
         <name>TA3_N_IRQHandler</name>
         <value>0x9871</value>
      </symbol>
      <symbol id="sm-120f">
         <name>EUSCIA0_IRQHandler</name>
         <value>0x731b</value>
      </symbol>
      <symbol id="sm-1210">
         <name>EUSCIA1_IRQHandler</name>
         <value>0x9871</value>
      </symbol>
      <symbol id="sm-1211">
         <name>EUSCIA2_IRQHandler</name>
         <value>0x9871</value>
      </symbol>
      <symbol id="sm-1212">
         <name>EUSCIA3_IRQHandler</name>
         <value>0x9871</value>
      </symbol>
      <symbol id="sm-1213">
         <name>EUSCIB0_IRQHandler</name>
         <value>0x9871</value>
      </symbol>
      <symbol id="sm-1214">
         <name>EUSCIB1_IRQHandler</name>
         <value>0x9871</value>
      </symbol>
      <symbol id="sm-1215">
         <name>EUSCIB2_IRQHandler</name>
         <value>0x9871</value>
      </symbol>
      <symbol id="sm-1216">
         <name>EUSCIB3_IRQHandler</name>
         <value>0x9871</value>
      </symbol>
      <symbol id="sm-1217">
         <name>ADC14_IRQHandler</name>
         <value>0x65c7</value>
      </symbol>
      <symbol id="sm-1218">
         <name>T32_INT1_IRQHandler</name>
         <value>0x9871</value>
      </symbol>
      <symbol id="sm-1219">
         <name>T32_INT2_IRQHandler</name>
         <value>0x9871</value>
      </symbol>
      <symbol id="sm-121a">
         <name>T32_INTC_IRQHandler</name>
         <value>0x9871</value>
      </symbol>
      <symbol id="sm-121b">
         <name>AES256_IRQHandler</name>
         <value>0x9871</value>
      </symbol>
      <symbol id="sm-121c">
         <name>RTC_C_IRQHandler</name>
         <value>0x9871</value>
      </symbol>
      <symbol id="sm-121d">
         <name>DMA_ERR_IRQHandler</name>
         <value>0x9871</value>
      </symbol>
      <symbol id="sm-121e">
         <name>DMA_INT3_IRQHandler</name>
         <value>0x9871</value>
      </symbol>
      <symbol id="sm-121f">
         <name>DMA_INT2_IRQHandler</name>
         <value>0x9871</value>
      </symbol>
      <symbol id="sm-1220">
         <name>DMA_INT1_IRQHandler</name>
         <value>0x9871</value>
      </symbol>
      <symbol id="sm-1221">
         <name>DMA_INT0_IRQHandler</name>
         <value>0x9871</value>
      </symbol>
      <symbol id="sm-1222">
         <name>PORT1_IRQHandler</name>
         <value>0x9871</value>
      </symbol>
      <symbol id="sm-1223">
         <name>PORT2_IRQHandler</name>
         <value>0x9871</value>
      </symbol>
      <symbol id="sm-1224">
         <name>PORT3_IRQHandler</name>
         <value>0x9871</value>
      </symbol>
      <symbol id="sm-1225">
         <name>PORT4_IRQHandler</name>
         <value>0x9871</value>
      </symbol>
      <symbol id="sm-1226">
         <name>PORT5_IRQHandler</name>
         <value>0x9871</value>
      </symbol>
      <symbol id="sm-1227">
         <name>PORT6_IRQHandler</name>
         <value>0x9871</value>
      </symbol>
      <symbol id="sm-1228">
         <name>remove</name>
         <value>0x9681</value>
      </symbol>
   </symbol_table>
   <title>Link successful</title>
</link_info>
